start relay-0-8-SLGNN-32-30000-planted-wiki_rfa on gpu 0
start relay-0-8-SLGNN-32-30001-planted-wiki_rfa on gpu 1
start relay-0-8-SLGNN-32-30002-planted-wiki_rfa on gpu 2
start relay-0-8-SLGNN-32-30003-planted-wiki_rfa on gpu 3
start relay-0-8-SLGNN-32-30004-planted-wiki_rfa on gpu 4
start relay-0-6-SLGNN-32-30000-planted-wiki_rfa on gpu 5
start relay-0-6-SLGNN-32-30001-planted-wiki_rfa on gpu 6
start relay-0-6-SLGNN-32-30002-planted-wiki_rfa on gpu 7
done relay-0-6-SLGNN-32-30000-planted-wiki_rfa (7780s) [1 finished]
start relay-0-6-SLGNN-32-30003-planted-wiki_rfa on gpu 5
done relay-0-6-SLGNN-32-30002-planted-wiki_rfa (8105s) [2 finished]
start relay-0-6-SLGNN-32-30004-planted-wiki_rfa on gpu 7
done relay-0-6-SLGNN-32-30001-planted-wiki_rfa (8765s) [3 finished]
start relay-0-4-SLGNN-32-30000-planted-wiki_rfa on gpu 6
done relay-0-8-SLGNN-32-30002-planted-wiki_rfa (8970s) [4 finished]
start relay-0-4-SLGNN-32-30001-planted-wiki_rfa on gpu 2
done relay-0-8-SLGNN-32-30001-planted-wiki_rfa (9160s) [5 finished]
start relay-0-4-SLGNN-32-30002-planted-wiki_rfa on gpu 1
done relay-0-8-SLGNN-32-30000-planted-wiki_rfa (9180s) [6 finished]
start relay-0-4-SLGNN-32-30003-planted-wiki_rfa on gpu 0
done relay-0-8-SLGNN-32-30003-planted-wiki_rfa (9220s) [7 finished]
start relay-0-4-SLGNN-32-30004-planted-wiki_rfa on gpu 3
done relay-0-8-SLGNN-32-30004-planted-wiki_rfa (11021s) [8 finished]
start relay-0-8-SIDNET-32-30000-planted-wiki_rfa on gpu 4
done relay-0-8-SIDNET-32-30000-planted-wiki_rfa (2150s) [9 finished]
start relay-0-8-SIDNET-32-30001-planted-wiki_rfa on gpu 4
done relay-0-8-SIDNET-32-30001-planted-wiki_rfa (2095s) [10 finished]
start relay-0-8-SIDNET-32-30002-planted-wiki_rfa on gpu 4
done relay-0-4-SLGNN-32-30000-planted-wiki_rfa (6945s) [11 finished]
start relay-0-8-SIDNET-32-30003-planted-wiki_rfa on gpu 6
done relay-0-6-SLGNN-32-30004-planted-wiki_rfa (7780s) [12 finished]
start relay-0-8-SIDNET-32-30004-planted-wiki_rfa on gpu 7
done relay-0-4-SLGNN-32-30001-planted-wiki_rfa (7050s) [13 finished]
start relay-0-6-SIDNET-32-30000-planted-wiki_rfa on gpu 2
done relay-0-4-SLGNN-32-30003-planted-wiki_rfa (7125s) [14 finished]
start relay-0-6-SIDNET-32-30001-planted-wiki_rfa on gpu 0
done relay-0-4-SLGNN-32-30004-planted-wiki_rfa (7100s) [15 finished]
start relay-0-6-SIDNET-32-30002-planted-wiki_rfa on gpu 3
done relay-0-6-SLGNN-32-30003-planted-wiki_rfa (8900s) [16 finished]
start relay-0-6-SIDNET-32-30003-planted-wiki_rfa on gpu 5
done relay-0-8-SIDNET-32-30002-planted-wiki_rfa (2160s) [17 finished]
start relay-0-6-SIDNET-32-30004-planted-wiki_rfa on gpu 4
done relay-0-4-SLGNN-32-30002-planted-wiki_rfa (8305s) [18 finished]
start relay-0-4-SIDNET-32-30000-planted-wiki_rfa on gpu 1
done relay-0-8-SIDNET-32-30003-planted-wiki_rfa (2100s) [19 finished]
start relay-0-4-SIDNET-32-30001-planted-wiki_rfa on gpu 6
done relay-0-6-SIDNET-32-30000-planted-wiki_rfa (1870s) [20 finished]
start relay-0-4-SIDNET-32-30002-planted-wiki_rfa on gpu 2
done relay-0-8-SIDNET-32-30004-planted-wiki_rfa (2100s) [21 finished]
start relay-0-4-SIDNET-32-30003-planted-wiki_rfa on gpu 7
done relay-0-6-SIDNET-32-30001-planted-wiki_rfa (1860s) [22 finished]
start relay-0-4-SIDNET-32-30004-planted-wiki_rfa on gpu 0
done relay-0-6-SIDNET-32-30002-planted-wiki_rfa (1870s) [23 finished]
start relay-0-8-SGCN-32-30000-planted-wiki_rfa on gpu 3
done relay-0-6-SIDNET-32-30003-planted-wiki_rfa (1825s) [24 finished]
start relay-0-8-SGCN-32-30001-planted-wiki_rfa on gpu 5
done relay-0-4-SIDNET-32-30000-planted-wiki_rfa (1665s) [25 finished]
start relay-0-8-SGCN-32-30002-planted-wiki_rfa on gpu 1
done relay-0-6-SIDNET-32-30004-planted-wiki_rfa (1830s) [26 finished]
start relay-0-8-SGCN-32-30003-planted-wiki_rfa on gpu 4
done relay-0-4-SIDNET-32-30001-planted-wiki_rfa (1615s) [27 finished]
start relay-0-8-SGCN-32-30004-planted-wiki_rfa on gpu 6
done relay-0-4-SIDNET-32-30002-planted-wiki_rfa (1640s) [28 finished]
start relay-0-6-SGCN-32-30000-planted-wiki_rfa on gpu 2
done relay-0-4-SIDNET-32-30003-planted-wiki_rfa (1610s) [29 finished]
start relay-0-6-SGCN-32-30001-planted-wiki_rfa on gpu 7
done relay-0-4-SIDNET-32-30004-planted-wiki_rfa (1640s) [30 finished]
start relay-0-6-SGCN-32-30002-planted-wiki_rfa on gpu 0
done relay-0-8-SGCN-32-30000-planted-wiki_rfa (1825s) [31 finished]
start relay-0-6-SGCN-32-30003-planted-wiki_rfa on gpu 3
done relay-0-8-SGCN-32-30001-planted-wiki_rfa (1915s) [32 finished]
start relay-0-6-SGCN-32-30004-planted-wiki_rfa on gpu 5
done relay-0-8-SGCN-32-30002-planted-wiki_rfa (1855s) [33 finished]
start relay-0-4-SGCN-32-30000-planted-wiki_rfa on gpu 1
done relay-0-8-SGCN-32-30003-planted-wiki_rfa (1805s) [34 finished]
start relay-0-4-SGCN-32-30001-planted-wiki_rfa on gpu 4
done relay-0-6-SGCN-32-30000-planted-wiki_rfa (1570s) [35 finished]
start relay-0-4-SGCN-32-30002-planted-wiki_rfa on gpu 2
done relay-0-8-SGCN-32-30004-planted-wiki_rfa (1700s) [36 finished]
start relay-0-4-SGCN-32-30003-planted-wiki_rfa on gpu 6
done relay-0-6-SGCN-32-30001-planted-wiki_rfa (1610s) [37 finished]
start relay-0-4-SGCN-32-30004-planted-wiki_rfa on gpu 7
done relay-0-6-SGCN-32-30002-planted-wiki_rfa (1675s) [38 finished]
start relay-0-8-BGSD-32-30000-planted-wiki_rfa on gpu 0
done relay-0-6-SGCN-32-30003-planted-wiki_rfa (1605s) [39 finished]
start relay-0-8-BGSD-32-30001-planted-wiki_rfa on gpu 3
done relay-0-6-SGCN-32-30004-planted-wiki_rfa (1590s) [40 finished]
start relay-0-8-BGSD-32-30002-planted-wiki_rfa on gpu 5
done relay-0-4-SGCN-32-30000-planted-wiki_rfa (1410s) [41 finished]
start relay-0-8-BGSD-32-30003-planted-wiki_rfa on gpu 1
done relay-0-8-BGSD-32-30000-planted-wiki_rfa (965s) [42 finished]
start relay-0-8-BGSD-32-30004-planted-wiki_rfa on gpu 0
done relay-0-4-SGCN-32-30003-planted-wiki_rfa (1330s) [43 finished]
start relay-0-6-BGSD-32-30000-planted-wiki_rfa on gpu 6
done relay-0-4-SGCN-32-30002-planted-wiki_rfa (1385s) [44 finished]
start relay-0-6-BGSD-32-30001-planted-wiki_rfa on gpu 2
done relay-0-4-SGCN-32-30001-planted-wiki_rfa (1440s) [45 finished]
start relay-0-6-BGSD-32-30002-planted-wiki_rfa on gpu 4
done relay-0-8-BGSD-32-30001-planted-wiki_rfa (930s) [46 finished]
start relay-0-6-BGSD-32-30003-planted-wiki_rfa on gpu 3
done relay-0-4-SGCN-32-30004-planted-wiki_rfa (1435s) [47 finished]
start relay-0-6-BGSD-32-30004-planted-wiki_rfa on gpu 7
done relay-0-8-BGSD-32-30002-planted-wiki_rfa (895s) [48 finished]
start relay-0-4-BGSD-32-30000-planted-wiki_rfa on gpu 5
done relay-0-6-BGSD-32-30000-planted-wiki_rfa (795s) [49 finished]
start relay-0-4-BGSD-32-30001-planted-wiki_rfa on gpu 6
done relay-0-6-BGSD-32-30001-planted-wiki_rfa (805s) [50 finished]
done relay-0-6-BGSD-32-30002-planted-wiki_rfa (790s) [51 finished]
start relay-0-4-BGSD-32-30002-planted-wiki_rfa on gpu 2
start relay-0-4-BGSD-32-30003-planted-wiki_rfa on gpu 4
done relay-0-8-BGSD-32-30003-planted-wiki_rfa (915s) [52 finished]
start relay-0-4-BGSD-32-30004-planted-wiki_rfa on gpu 1
done relay-0-6-BGSD-32-30003-planted-wiki_rfa (810s) [53 finished]
start relay-0-8-SLGNN-32-30000-planted-bitcoin_otc on gpu 3
done relay-0-8-BGSD-32-30004-planted-wiki_rfa (930s) [54 finished]
start relay-0-8-SLGNN-32-30001-planted-bitcoin_otc on gpu 0
done relay-0-6-BGSD-32-30004-planted-wiki_rfa (795s) [55 finished]
start relay-0-8-SLGNN-32-30002-planted-bitcoin_otc on gpu 7
done relay-0-4-BGSD-32-30000-planted-wiki_rfa (700s) [56 finished]
start relay-0-8-SLGNN-32-30003-planted-bitcoin_otc on gpu 5
done relay-0-4-BGSD-32-30001-planted-wiki_rfa (700s) [57 finished]
start relay-0-8-SLGNN-32-30004-planted-bitcoin_otc on gpu 6
done relay-0-4-BGSD-32-30003-planted-wiki_rfa (700s) [58 finished]
start relay-0-6-SLGNN-32-30000-planted-bitcoin_otc on gpu 4
done relay-0-4-BGSD-32-30002-planted-wiki_rfa (715s) [59 finished]
start relay-0-6-SLGNN-32-30001-planted-bitcoin_otc on gpu 2
done relay-0-4-BGSD-32-30004-planted-wiki_rfa (715s) [60 finished]
start relay-0-6-SLGNN-32-30002-planted-bitcoin_otc on gpu 1
done relay-0-8-SLGNN-32-30000-planted-bitcoin_otc (3070s) [61 finished]
start relay-0-6-SLGNN-32-30003-planted-bitcoin_otc on gpu 3
done relay-0-8-SLGNN-32-30002-planted-bitcoin_otc (3065s) [62 finished]
start relay-0-6-SLGNN-32-30004-planted-bitcoin_otc on gpu 7
done relay-0-6-SLGNN-32-30000-planted-bitcoin_otc (2605s) [63 finished]
start relay-0-4-SLGNN-32-30000-planted-bitcoin_otc on gpu 4
done relay-0-8-SLGNN-32-30003-planted-bitcoin_otc (3010s) [64 finished]
start relay-0-4-SLGNN-32-30001-planted-bitcoin_otc on gpu 5
done relay-0-6-SLGNN-32-30002-planted-bitcoin_otc (2665s) [65 finished]
start relay-0-4-SLGNN-32-30002-planted-bitcoin_otc on gpu 1
done relay-0-8-SLGNN-32-30001-planted-bitcoin_otc (3380s) [66 finished]
start relay-0-4-SLGNN-32-30003-planted-bitcoin_otc on gpu 0
done relay-0-6-SLGNN-32-30001-planted-bitcoin_otc (2940s) [67 finished]
start relay-0-4-SLGNN-32-30004-planted-bitcoin_otc on gpu 2
done relay-0-8-SLGNN-32-30004-planted-bitcoin_otc (3110s) [68 finished]
start relay-0-8-SIDNET-32-30000-planted-bitcoin_otc on gpu 6
done relay-0-8-SIDNET-32-30000-planted-bitcoin_otc (920s) [69 finished]
start relay-0-8-SIDNET-32-30001-planted-bitcoin_otc on gpu 6
done relay-0-4-SLGNN-32-30000-planted-bitcoin_otc (2285s) [70 finished]
start relay-0-8-SIDNET-32-30002-planted-bitcoin_otc on gpu 4
done relay-0-4-SLGNN-32-30001-planted-bitcoin_otc (2285s) [71 finished]
start relay-0-8-SIDNET-32-30003-planted-bitcoin_otc on gpu 5
done relay-0-8-SIDNET-32-30001-planted-bitcoin_otc (925s) [72 finished]
start relay-0-8-SIDNET-32-30004-planted-bitcoin_otc on gpu 6
done relay-0-6-SLGNN-32-30003-planted-bitcoin_otc (2665s) [73 finished]
start relay-0-6-SIDNET-32-30000-planted-bitcoin_otc on gpu 3
done relay-0-4-SLGNN-32-30003-planted-bitcoin_otc (2355s) [74 finished]
start relay-0-6-SIDNET-32-30001-planted-bitcoin_otc on gpu 0
done relay-0-4-SLGNN-32-30002-planted-bitcoin_otc (2500s) [75 finished]
start relay-0-6-SIDNET-32-30002-planted-bitcoin_otc on gpu 1
done relay-0-6-SLGNN-32-30004-planted-bitcoin_otc (2760s) [76 finished]
start relay-0-6-SIDNET-32-30003-planted-bitcoin_otc on gpu 7
done relay-0-4-SLGNN-32-30004-planted-bitcoin_otc (2410s) [77 finished]
start relay-0-6-SIDNET-32-30004-planted-bitcoin_otc on gpu 2
done relay-0-8-SIDNET-32-30003-planted-bitcoin_otc (900s) [78 finished]
start relay-0-4-SIDNET-32-30000-planted-bitcoin_otc on gpu 5
done relay-0-8-SIDNET-32-30002-planted-bitcoin_otc (925s) [79 finished]
start relay-0-4-SIDNET-32-30001-planted-bitcoin_otc on gpu 4
done relay-0-8-SIDNET-32-30004-planted-bitcoin_otc (905s) [80 finished]
start relay-0-4-SIDNET-32-30002-planted-bitcoin_otc on gpu 6
done relay-0-6-SIDNET-32-30000-planted-bitcoin_otc (790s) [81 finished]
start relay-0-4-SIDNET-32-30003-planted-bitcoin_otc on gpu 3
done relay-0-6-SIDNET-32-30001-planted-bitcoin_otc (785s) [82 finished]
start relay-0-4-SIDNET-32-30004-planted-bitcoin_otc on gpu 0
done relay-0-6-SIDNET-32-30002-planted-bitcoin_otc (790s) [83 finished]
start relay-0-8-SGCN-32-30000-planted-bitcoin_otc on gpu 1
done relay-0-6-SIDNET-32-30003-planted-bitcoin_otc (770s) [84 finished]
start relay-0-8-SGCN-32-30001-planted-bitcoin_otc on gpu 7
done relay-0-6-SIDNET-32-30004-planted-bitcoin_otc (780s) [85 finished]
start relay-0-8-SGCN-32-30002-planted-bitcoin_otc on gpu 2
done relay-0-4-SIDNET-32-30000-planted-bitcoin_otc (670s) [86 finished]
done relay-0-4-SIDNET-32-30001-planted-bitcoin_otc (665s) [87 finished]
done relay-0-4-SIDNET-32-30002-planted-bitcoin_otc (660s) [88 finished]
start relay-0-8-SGCN-32-30003-planted-bitcoin_otc on gpu 5
start relay-0-8-SGCN-32-30004-planted-bitcoin_otc on gpu 4
start relay-0-6-SGCN-32-30000-planted-bitcoin_otc on gpu 6
done relay-0-4-SIDNET-32-30003-planted-bitcoin_otc (680s) [89 finished]
done relay-0-4-SIDNET-32-30004-planted-bitcoin_otc (670s) [90 finished]
start relay-0-6-SGCN-32-30001-planted-bitcoin_otc on gpu 3
start relay-0-6-SGCN-32-30002-planted-bitcoin_otc on gpu 0
done relay-0-8-SGCN-32-30000-planted-bitcoin_otc (775s) [91 finished]
start relay-0-6-SGCN-32-30003-planted-bitcoin_otc on gpu 1
done relay-0-8-SGCN-32-30001-planted-bitcoin_otc (730s) [92 finished]
start relay-0-6-SGCN-32-30004-planted-bitcoin_otc on gpu 7
done relay-0-8-SGCN-32-30002-planted-bitcoin_otc (735s) [93 finished]
start relay-0-4-SGCN-32-30000-planted-bitcoin_otc on gpu 2
done relay-0-6-SGCN-32-30000-planted-bitcoin_otc (640s) [94 finished]
start relay-0-4-SGCN-32-30001-planted-bitcoin_otc on gpu 6
done relay-0-8-SGCN-32-30004-planted-bitcoin_otc (680s) [95 finished]
start relay-0-4-SGCN-32-30002-planted-bitcoin_otc on gpu 4
done relay-0-8-SGCN-32-30003-planted-bitcoin_otc (735s) [96 finished]
done relay-0-6-SGCN-32-30001-planted-bitcoin_otc (640s) [97 finished]
done relay-0-6-SGCN-32-30002-planted-bitcoin_otc (640s) [98 finished]
start relay-0-4-SGCN-32-30003-planted-bitcoin_otc on gpu 5
start relay-0-4-SGCN-32-30004-planted-bitcoin_otc on gpu 3
start relay-0-8-BGSD-32-30000-planted-bitcoin_otc on gpu 0
done relay-0-6-SGCN-32-30004-planted-bitcoin_otc (650s) [99 finished]
start relay-0-8-BGSD-32-30001-planted-bitcoin_otc on gpu 7
done relay-0-6-SGCN-32-30003-planted-bitcoin_otc (665s) [100 finished]
start relay-0-8-BGSD-32-30002-planted-bitcoin_otc on gpu 1
done relay-0-4-SGCN-32-30000-planted-bitcoin_otc (585s) [101 finished]
start relay-0-8-BGSD-32-30003-planted-bitcoin_otc on gpu 2
done relay-0-8-BGSD-32-30000-planted-bitcoin_otc (370s) [102 finished]
start relay-0-8-BGSD-32-30004-planted-bitcoin_otc on gpu 0
done relay-0-4-SGCN-32-30001-planted-bitcoin_otc (550s) [103 finished]
start relay-0-6-BGSD-32-30000-planted-bitcoin_otc on gpu 6
done relay-0-4-SGCN-32-30002-planted-bitcoin_otc (550s) [104 finished]
start relay-0-6-BGSD-32-30001-planted-bitcoin_otc on gpu 4
done relay-0-4-SGCN-32-30003-planted-bitcoin_otc (530s) [105 finished]
start relay-0-6-BGSD-32-30002-planted-bitcoin_otc on gpu 5
done relay-0-8-BGSD-32-30001-planted-bitcoin_otc (370s) [106 finished]
start relay-0-6-BGSD-32-30003-planted-bitcoin_otc on gpu 7
done relay-0-4-SGCN-32-30004-planted-bitcoin_otc (600s) [107 finished]
start relay-0-6-BGSD-32-30004-planted-bitcoin_otc on gpu 3
done relay-0-8-BGSD-32-30002-planted-bitcoin_otc (395s) [108 finished]
start relay-0-4-BGSD-32-30000-planted-bitcoin_otc on gpu 1
done relay-0-8-BGSD-32-30003-planted-bitcoin_otc (380s) [109 finished]
start relay-0-4-BGSD-32-30001-planted-bitcoin_otc on gpu 2
done relay-0-8-BGSD-32-30004-planted-bitcoin_otc (360s) [110 finished]
start relay-0-4-BGSD-32-30002-planted-bitcoin_otc on gpu 0
done relay-0-6-BGSD-32-30000-planted-bitcoin_otc (310s) [111 finished]
start relay-0-4-BGSD-32-30003-planted-bitcoin_otc on gpu 6
done relay-0-6-BGSD-32-30001-planted-bitcoin_otc (315s) [112 finished]
start relay-0-4-BGSD-32-30004-planted-bitcoin_otc on gpu 4
done relay-0-6-BGSD-32-30002-planted-bitcoin_otc (310s) [113 finished]
start measure-native-0of40 on gpu 5
done relay-0-6-BGSD-32-30003-planted-bitcoin_otc (310s) [114 finished]
done relay-0-4-BGSD-32-30000-planted-bitcoin_otc (275s) [115 finished]
start measure-native-1of40 on gpu 7
start measure-native-2of40 on gpu 1
done relay-0-4-BGSD-32-30001-planted-bitcoin_otc (270s) [116 finished]
start measure-native-3of40 on gpu 2
done relay-0-6-BGSD-32-30004-planted-bitcoin_otc (315s) [117 finished]
done measure-native-0of40 (75s) [118 finished]
start measure-native-4of40 on gpu 3
start measure-native-5of40 on gpu 5
done measure-native-1of40 (75s) [119 finished]
done measure-native-2of40 (75s) [120 finished]
start measure-native-6of40 on gpu 7
start measure-native-7of40 on gpu 1
done measure-native-3of40 (75s) [121 finished]
start measure-native-8of40 on gpu 2
done measure-native-4of40 (75s) [122 finished]
start measure-native-9of40 on gpu 3
done relay-0-4-BGSD-32-30002-planted-bitcoin_otc (275s) [123 finished]
start measure-native-10of40 on gpu 0
done measure-native-5of40 (100s) [124 finished]
start measure-native-11of40 on gpu 5
done relay-0-4-BGSD-32-30003-planted-bitcoin_otc (270s) [125 finished]
start measure-native-12of40 on gpu 6
done measure-native-6of40 (100s) [126 finished]
start measure-native-13of40 on gpu 7
done measure-native-7of40 (105s) [127 finished]
start measure-native-14of40 on gpu 1
done measure-native-8of40 (100s) [128 finished]
start measure-native-15of40 on gpu 2
done relay-0-4-BGSD-32-30004-planted-bitcoin_otc (270s) [129 finished]
start measure-native-16of40 on gpu 4
done measure-native-9of40 (100s) [130 finished]
start measure-native-17of40 on gpu 3
done measure-native-10of40 (140s) [131 finished]
start measure-native-18of40 on gpu 0
done measure-native-11of40 (140s) [132 finished]
start measure-native-19of40 on gpu 5
done measure-native-12of40 (135s) [133 finished]
start measure-native-20of40 on gpu 6
done measure-native-13of40 (135s) [134 finished]
start measure-native-21of40 on gpu 7
done measure-native-14of40 (140s) [135 finished]
start measure-native-22of40 on gpu 1
done measure-native-20of40 (290s) [136 finished]
start measure-native-23of40 on gpu 6
done measure-native-21of40 (290s) [137 finished]
start measure-native-24of40 on gpu 7
done measure-native-22of40 (295s) [138 finished]
start measure-native-25of40 on gpu 1
done measure-native-16of40 (570s) [139 finished]
start measure-native-26of40 on gpu 4
done measure-native-15of40 (580s) [140 finished]
start measure-native-27of40 on gpu 2
done measure-native-17of40 (585s) [141 finished]
start measure-native-28of40 on gpu 3
done measure-native-18of40 (580s) [142 finished]
done measure-native-19of40 (570s) [143 finished]
start measure-native-29of40 on gpu 0
start measure-native-30of40 on gpu 5
done measure-native-23of40 (290s) [144 finished]
start measure-native-31of40 on gpu 6
done measure-native-24of40 (290s) [145 finished]
start measure-native-32of40 on gpu 7
done measure-native-25of40 (490s) [146 finished]
start measure-native-33of40 on gpu 1
done measure-native-26of40 (480s) [147 finished]
start measure-native-34of40 on gpu 4
done measure-native-27of40 (485s) [148 finished]
start measure-native-35of40 on gpu 2
done measure-native-28of40 (485s) [149 finished]
start measure-native-36of40 on gpu 3
done measure-native-29of40 (480s) [150 finished]
start measure-native-37of40 on gpu 0
done measure-native-30of40 (525s) [151 finished]
start measure-native-38of40 on gpu 5
done measure-native-31of40 (530s) [152 finished]
start measure-native-39of40 on gpu 6
done measure-native-32of40 (530s) [153 finished]
start measure-sidnet-0of1 on gpu 7
done measure-sidnet-0of1 (85s) [154 finished]
done measure-native-33of40 (545s) [155 finished]
done measure-native-34of40 (525s) [156 finished]
FAIL measure-native-38of40 (1390s) [157 finished]
FAIL measure-native-39of40 (1385s) [158 finished]
done measure-native-35of40 (2305s) [159 finished]
done measure-native-36of40 (2335s) [160 finished]
done measure-native-37of40 (2310s) [161 finished]
QUEUE COMPLETE failed: ['measure-native-38of40', 'measure-native-39of40']
