bitcoin_alpha random   BGSD   rho=0.96 finite reach 0.55 vs gradient 0.65; finite>gradient in 1/20; missed 2/1200
bitcoin_alpha spectral BGSD   rho=0.97 finite reach 0.65 vs gradient 0.70; finite>gradient in 1/20; missed 2/1200
bitcoin_otc   spectral BGSD   rho=0.94 finite reach 0.70 vs gradient 0.85; finite>gradient in 2/20; missed 0/1200
epinions      spectral BGSD   rho=0.97 finite reach 0.70 vs gradient 0.65; finite>gradient in 1/20; missed 0/1200
slashdot      spectral BGSD   rho=0.97 finite reach 1.10 vs gradient 0.75; finite>gradient in 7/20; missed 1/1200
wiki_elec     random   BGSD   rho=0.98 finite reach 0.70 vs gradient 0.70; finite>gradient in 2/20; missed 0/1200
wiki_elec     spectral BGSD   rho=0.88 finite reach 0.45 vs gradient 1.80; finite>gradient in 0/20; missed 0/1200
wiki_rfa      spectral BGSD   rho=0.98 finite reach 0.65 vs gradient 0.60; finite>gradient in 1/20; missed 0/1200
bitcoin_alpha random   SGCN   rho=0.89 finite reach 0.90 vs gradient 0.45; finite>gradient in 7/20; missed 4/1200
bitcoin_alpha spectral SGCN   rho=0.85 finite reach 0.90 vs gradient 0.50; finite>gradient in 7/20; missed 10/1200
bitcoin_otc   spectral SGCN   rho=0.92 finite reach 1.20 vs gradient 0.60; finite>gradient in 11/20; missed 13/1200
epinions      spectral SGCN   rho=0.95 finite reach 1.25 vs gradient 0.85; finite>gradient in 8/20; missed 2/1200
slashdot      spectral SGCN   rho=0.96 finite reach 1.25 vs gradient 1.00; finite>gradient in 7/20; missed 4/1200
wiki_elec     random   SGCN   rho=0.91 finite reach 1.60 vs gradient 1.35; finite>gradient in 5/20; missed 11/1200
wiki_elec     spectral SGCN   rho=0.90 finite reach 1.35 vs gradient 1.55; finite>gradient in 2/20; missed 15/1200
wiki_rfa      spectral SGCN   rho=0.95 finite reach 1.90 vs gradient 1.60; finite>gradient in 7/20; missed 5/1200
bitcoin_alpha random   SIDNET rho=0.98 finite reach 0.75 vs gradient 0.95; finite>gradient in 0/20; missed 0/1200
bitcoin_alpha spectral SIDNET rho=0.96 finite reach 0.75 vs gradient 0.80; finite>gradient in 1/20; missed 0/1200
bitcoin_otc   spectral SIDNET rho=0.98 finite reach 0.95 vs gradient 1.10; finite>gradient in 1/20; missed 0/1200
epinions      spectral SIDNET rho=0.99 finite reach 0.60 vs gradient 0.70; finite>gradient in 0/20; missed 0/1200
slashdot      spectral SIDNET rho=0.99 finite reach 0.55 vs gradient 0.65; finite>gradient in 1/20; missed 0/1200
wiki_elec     random   SIDNET rho=1.00 finite reach 0.70 vs gradient 0.70; finite>gradient in 0/20; missed 0/1200
wiki_elec     spectral SIDNET rho=1.00 finite reach 0.30 vs gradient 0.35; finite>gradient in 0/20; missed 0/1200
wiki_rfa      spectral SIDNET rho=0.99 finite reach 0.45 vs gradient 0.40; finite>gradient in 1/20; missed 0/1200
bitcoin_alpha random   SLGNN  rho=1.00 finite reach 0.35 vs gradient 0.35; finite>gradient in 1/20; missed 0/1200
bitcoin_alpha spectral SLGNN  rho=1.00 finite reach 0.35 vs gradient 0.35; finite>gradient in 1/20; missed 0/1200
bitcoin_otc   spectral SLGNN  rho=0.99 finite reach 0.20 vs gradient 0.05; finite>gradient in 3/20; missed 0/1200
epinions      spectral SLGNN  rho=0.98 finite reach 0.45 vs gradient 0.35; finite>gradient in 2/20; missed 15/1200
slashdot      spectral SLGNN  rho=0.93 finite reach 1.00 vs gradient 1.40; finite>gradient in 3/20; missed 1/1200
wiki_elec     random   SLGNN  rho=0.97 finite reach 0.55 vs gradient 0.50; finite>gradient in 5/20; missed 0/1200
wiki_elec     spectral SLGNN  rho=0.97 finite reach 0.55 vs gradient 0.50; finite>gradient in 5/20; missed 0/1200
wiki_rfa      spectral SLGNN  rho=0.92 finite reach 0.75 vs gradient 0.90; finite>gradient in 3/20; missed 0/1200
e7_audit.json 2627b96242945b8e84357cec3f1563adf935f97d3cd775a627c49bb685acb39e
