<venv>/lib/python3.12/site-packages/torch/autograd/graph.py:829: UserWarning: Attempting to run cuBLAS, but there was no current CUDA context! Attempting to set the primary context... (Triggered internally at /pytorch/aten/src/ATen/cuda/CublasHandlePool.cpp:179.)
  return Variable._execution_engine.run_backward(  # Calls into the C++ engine to run the backward pass
BGSD-bitcoin_otc-T32-s10001-random: reach@0.1=0.74
BGSD-bitcoin_otc-T8-s10004-random: reach@0.1=0.75
BGSD-epinions-T8-s10002-random: reach@0.1=0.42
BGSD-slashdot-T8-s10000-random: reach@0.1=0.22
BGSD-wiki_rfa-T32-s10003-random: reach@0.1=0.52
SGCN-bitcoin_otc-T32-s10001-random: reach@0.1=0.95
SGCN-bitcoin_otc-T8-s10004-random: reach@0.1=0.67
SGCN-epinions-T8-s10002-random: reach@0.1=0.81
SGCN-slashdot-T8-s10000-random: reach@0.1=1.06
SGCN-wiki_rfa-T32-s10003-random: reach@0.1=1.59
SIDNET-bitcoin_otc-T32-s10001-random: reach@0.1=1.29
SIDNET-bitcoin_otc-T8-s10004-random: reach@0.1=1.48
SIDNET-epinions-T8-s10002-random: reach@0.1=0.87
SIDNET-slashdot-T8-s10000-random: reach@0.1=0.61
SIDNET-wiki_rfa-T32-s10003-random: reach@0.1=0.46
SLGNN-bitcoin_otc-T32-s10001-random: reach@0.1=0.68
SLGNN-bitcoin_otc-T8-s10004-random: reach@0.1=0.32
SLGNN-epinions-T8-s10003-random: reach@0.1=0.40
SLGNN-slashdot-T8-s10001-random: reach@0.1=0.06
SLGNN-wiki_rfa-T32-s10004-random: reach@0.1=0.98
