<venv>/lib/python3.12/site-packages/torch/autograd/graph.py:829: UserWarning: Attempting to run cuBLAS, but there was no current CUDA context! Attempting to set the primary context... (Triggered internally at /pytorch/aten/src/ATen/cuda/CublasHandlePool.cpp:179.)
  return Variable._execution_engine.run_backward(  # Calls into the C++ engine to run the backward pass
BGSD-bitcoin_otc-T8-s10000-random: reach@0.1=0.76
BGSD-epinions-T32-s10003-random: reach@0.1=0.42
BGSD-slashdot-T32-s10001-random: reach@0.1=0.16
BGSD-slashdot-T8-s10004-random: reach@0.1=0.18
BGSD-wiki_rfa-T8-s10002-random: reach@0.1=0.54
SGCN-bitcoin_otc-T8-s10000-random: reach@0.1=0.58
SGCN-epinions-T32-s10003-random: reach@0.1=0.91
SGCN-slashdot-T32-s10001-random: reach@0.1=0.86
SGCN-slashdot-T8-s10004-random: reach@0.1=0.95
SGCN-wiki_rfa-T8-s10002-random: reach@0.1=1.44
SIDNET-bitcoin_otc-T8-s10000-random: reach@0.1=1.40
SIDNET-epinions-T32-s10003-random: reach@0.1=0.50
SIDNET-slashdot-T32-s10001-random: reach@0.1=0.62
SIDNET-slashdot-T8-s10004-random: reach@0.1=0.58
SIDNET-wiki_rfa-T8-s10002-random: reach@0.1=0.79
SLGNN-bitcoin_otc-T8-s10000-random: reach@0.1=0.38
SLGNN-epinions-T32-s10003-random: OUT OF MEMORY
SLGNN-slashdot-T32-s10002-random: reach@0.1=1.41
SLGNN-wiki_rfa-T32-s10000-random: reach@0.1=0.89
SLGNN-wiki_rfa-T8-s10003-random: reach@0.1=0.61
1 out of memory: SLGNN-epinions-T32-s10003-random
