<venv>/lib/python3.12/site-packages/torch/autograd/graph.py:829: UserWarning: Attempting to run cuBLAS, but there was no current CUDA context! Attempting to set the primary context... (Triggered internally at /pytorch/aten/src/ATen/cuda/CublasHandlePool.cpp:179.)
  return Variable._execution_engine.run_backward(  # Calls into the C++ engine to run the backward pass
BGSD-bitcoin_otc-T32-s10002-random: reach@0.1=0.90
BGSD-epinions-T32-s10000-random: reach@0.1=0.44
BGSD-epinions-T8-s10003-random: reach@0.1=0.69
BGSD-slashdot-T8-s10001-random: reach@0.1=0.27
BGSD-wiki_rfa-T32-s10004-random: reach@0.1=0.55
SGCN-bitcoin_otc-T32-s10002-random: reach@0.1=0.66
SGCN-epinions-T32-s10000-random: reach@0.1=0.55
SGCN-epinions-T8-s10003-random: reach@0.1=0.71
SGCN-slashdot-T8-s10001-random: reach@0.1=0.84
SGCN-wiki_rfa-T32-s10004-random: reach@0.1=1.30
SIDNET-bitcoin_otc-T32-s10002-random: reach@0.1=1.19
SIDNET-epinions-T32-s10000-random: reach@0.1=0.66
SIDNET-epinions-T8-s10003-random: reach@0.1=0.79
SIDNET-slashdot-T8-s10001-random: reach@0.1=0.67
SIDNET-wiki_rfa-T32-s10004-random: reach@0.1=0.47
SLGNN-bitcoin_otc-T32-s10002-random: reach@0.1=0.36
SLGNN-epinions-T32-s10000-random: reach@0.1=0.36
SLGNN-epinions-T8-s10004-random: reach@0.1=0.29
SLGNN-slashdot-T8-s10002-random: reach@0.1=0.61
SLGNN-wiki_rfa-T8-s10000-random: reach@0.1=0.97
