<venv>/lib/python3.12/site-packages/torch/autograd/graph.py:829: UserWarning: Attempting to run cuBLAS, but there was no current CUDA context! Attempting to set the primary context... (Triggered internally at /pytorch/aten/src/ATen/cuda/CublasHandlePool.cpp:179.)
  return Variable._execution_engine.run_backward(  # Calls into the C++ engine to run the backward pass
BGSD-bitcoin_otc-T32-s10004-random: reach@0.1=0.73
BGSD-epinions-T32-s10002-random: reach@0.1=0.52
BGSD-slashdot-T32-s10000-random: reach@0.1=0.20
BGSD-slashdot-T8-s10003-random: reach@0.1=0.03
BGSD-wiki_rfa-T8-s10001-random: reach@0.1=0.60
SGCN-bitcoin_otc-T32-s10004-random: reach@0.1=0.61
SGCN-epinions-T32-s10002-random: reach@0.1=0.51
SGCN-slashdot-T32-s10000-random: reach@0.1=0.97
SGCN-slashdot-T8-s10003-random: reach@0.1=0.81
SGCN-wiki_rfa-T8-s10001-random: reach@0.1=1.80
SIDNET-bitcoin_otc-T32-s10004-random: reach@0.1=1.25
SIDNET-epinions-T32-s10002-random: reach@0.1=0.57
SIDNET-slashdot-T32-s10000-random: reach@0.1=0.55
SIDNET-slashdot-T8-s10003-random: reach@0.1=0.65
SIDNET-wiki_rfa-T8-s10001-random: reach@0.1=0.49
SLGNN-bitcoin_otc-T32-s10004-random: reach@0.1=0.32
SLGNN-epinions-T32-s10002-random: OUT OF MEMORY
SLGNN-slashdot-T32-s10001-random: reach@0.1=1.64
SLGNN-slashdot-T8-s10004-random: reach@0.1=0.41
SLGNN-wiki_rfa-T8-s10002-random: reach@0.1=0.79
1 out of memory: SLGNN-epinions-T32-s10002-random
