<venv>/lib/python3.12/site-packages/torch/autograd/graph.py:829: UserWarning: Attempting to run cuBLAS, but there was no current CUDA context! Attempting to set the primary context... (Triggered internally at /pytorch/aten/src/ATen/cuda/CublasHandlePool.cpp:179.)
  return Variable._execution_engine.run_backward(  # Calls into the C++ engine to run the backward pass
BGSD-bitcoin_otc-T8-s10002-random: reach@0.1=0.76
BGSD-epinions-T8-s10000-random: reach@0.1=0.48
BGSD-slashdot-T32-s10003-random: reach@0.1=0.10
BGSD-wiki_rfa-T32-s10001-random: reach@0.1=0.52
BGSD-wiki_rfa-T8-s10004-random: reach@0.1=0.56
SGCN-bitcoin_otc-T8-s10002-random: reach@0.1=0.76
SGCN-epinions-T8-s10000-random: reach@0.1=0.59
SGCN-slashdot-T32-s10003-random: reach@0.1=0.86
SGCN-wiki_rfa-T32-s10001-random: reach@0.1=1.35
SGCN-wiki_rfa-T8-s10004-random: reach@0.1=1.68
SIDNET-bitcoin_otc-T8-s10002-random: reach@0.1=1.62
SIDNET-epinions-T8-s10000-random: reach@0.1=0.73
SIDNET-slashdot-T32-s10003-random: reach@0.1=0.57
SIDNET-wiki_rfa-T32-s10001-random: reach@0.1=0.46
SIDNET-wiki_rfa-T8-s10004-random: reach@0.1=0.67
SLGNN-bitcoin_otc-T8-s10002-random: reach@0.1=0.52
SLGNN-epinions-T8-s10001-random: reach@0.1=0.72
SLGNN-slashdot-T32-s10004-random: reach@0.1=1.05
SLGNN-wiki_rfa-T32-s10002-random: reach@0.1=0.82
