<venv>/lib/python3.12/site-packages/torch/autograd/graph.py:829: UserWarning: Attempting to run cuBLAS, but there was no current CUDA context! Attempting to set the primary context... (Triggered internally at /pytorch/aten/src/ATen/cuda/CublasHandlePool.cpp:179.)
  return Variable._execution_engine.run_backward(  # Calls into the C++ engine to run the backward pass
BGSD-bitcoin_otc-T32-s10003-random: reach@0.1=0.78
BGSD-epinions-T32-s10001-random: reach@0.1=0.41
BGSD-epinions-T8-s10004-random: reach@0.1=0.50
BGSD-slashdot-T8-s10002-random: reach@0.1=0.15
BGSD-wiki_rfa-T8-s10000-random: reach@0.1=0.46
SGCN-bitcoin_otc-T32-s10003-random: reach@0.1=0.68
SGCN-epinions-T32-s10001-random: reach@0.1=0.71
SGCN-epinions-T8-s10004-random: reach@0.1=0.61
SGCN-slashdot-T8-s10002-random: reach@0.1=0.72
SGCN-wiki_rfa-T8-s10000-random: reach@0.1=1.28
SIDNET-bitcoin_otc-T32-s10003-random: reach@0.1=1.36
SIDNET-epinions-T32-s10001-random: reach@0.1=0.60
SIDNET-epinions-T8-s10004-random: reach@0.1=0.85
SIDNET-slashdot-T8-s10002-random: reach@0.1=0.65
SIDNET-wiki_rfa-T8-s10000-random: reach@0.1=0.61
SLGNN-bitcoin_otc-T32-s10003-random: reach@0.1=0.44
SLGNN-epinions-T32-s10001-random: reach@0.1=0.26
SLGNN-slashdot-T32-s10000-random: reach@0.1=1.40
SLGNN-slashdot-T8-s10003-random: reach@0.1=0.93
SLGNN-wiki_rfa-T8-s10001-random: reach@0.1=0.51
