local-bitcoin_alpha-s10000: test AUC 0.8697 record=d146b67b8d2d
local-bitcoin_otc-s10000: test AUC 0.9166 record=d97a89d1d6ef
local-wiki_rfa-s10000: test AUC 0.8731 record=ecd9475e142b
local-wiki_elec-s10000: test AUC 0.8857 record=c1ea4ebb0001
local-slashdot-s10000: test AUC 0.9036 record=58ce83561d49
local-epinions-s10000: test AUC 0.9382 record=8cb2aeb68441
local-bitcoin_alpha-s10001: test AUC 0.8564 record=e98e1939edcc
local-bitcoin_otc-s10001: test AUC 0.9145 record=c429145cd4e1
local-wiki_rfa-s10001: test AUC 0.8754 record=ed47f3d95353
local-wiki_elec-s10001: test AUC 0.8891 record=6d85e8abf827
local-slashdot-s10001: test AUC 0.9004 record=30227643e14e
local-epinions-s10001: test AUC 0.9384 record=d0859079ea46
local-bitcoin_alpha-s10002: test AUC 0.8947 record=af519dd2e28e
local-bitcoin_otc-s10002: test AUC 0.9086 record=0579ff4cecce
local-wiki_rfa-s10002: test AUC 0.8747 record=3e3607fe000f
local-wiki_elec-s10002: test AUC 0.8836 record=adc375be04b5
local-slashdot-s10002: test AUC 0.8989 record=3a8a8960d33d
local-epinions-s10002: test AUC 0.9375 record=228c08169a58
local-bitcoin_alpha-s10003: test AUC 0.8809 record=b2adf20091c4
local-bitcoin_otc-s10003: test AUC 0.9104 record=c6f509e9a947
local-wiki_rfa-s10003: test AUC 0.8735 record=b839fd331df6
local-wiki_elec-s10003: test AUC 0.8851 record=26dff19edf42
local-slashdot-s10003: test AUC 0.9016 record=e92cd4fd797d
local-epinions-s10003: test AUC 0.9381 record=ea4f51211e18
local-bitcoin_alpha-s10004: test AUC 0.8693 record=709e84a6d6a3
local-bitcoin_otc-s10004: test AUC 0.9145 record=5ddcf8af48f7
local-wiki_rfa-s10004: test AUC 0.8735 record=a7f1a0510316
local-wiki_elec-s10004: test AUC 0.8845 record=5253c15555e1
local-slashdot-s10004: test AUC 0.9011 record=aeda808ccf44
local-epinions-s10004: test AUC 0.9368 record=117af9e22b48
