start SLGNN-epinions-32-10000-spectral on gpu 0
start SLGNN-epinions-32-10001-spectral on gpu 1
start SLGNN-epinions-32-10002-spectral on gpu 2
start SLGNN-epinions-32-10003-spectral on gpu 3
start SLGNN-epinions-32-10004-spectral on gpu 4
start SLGNN-slashdot-32-10000-spectral on gpu 5
start SLGNN-slashdot-32-10001-spectral on gpu 6
start SLGNN-slashdot-32-10002-spectral on gpu 7
FAIL SLGNN-epinions-32-10004-spectral (3085s) [1 finished]
start SLGNN-slashdot-32-10003-spectral on gpu 4
done SLGNN-slashdot-32-10000-spectral (6045s) [2 finished]
start SLGNN-slashdot-32-10004-spectral on gpu 5
done SLGNN-slashdot-32-10001-spectral (6460s) [3 finished]
start SLGNN-epinions-8-10000-spectral on gpu 6
done SLGNN-slashdot-32-10002-spectral (6500s) [4 finished]
start SLGNN-epinions-8-10001-spectral on gpu 7
done SLGNN-epinions-32-10001-spectral (7955s) [5 finished]
start SLGNN-epinions-8-10002-spectral on gpu 1
done SLGNN-epinions-8-10001-spectral (2170s) [6 finished]
start SLGNN-epinions-8-10003-spectral on gpu 7
done SLGNN-epinions-8-10000-spectral (2305s) [7 finished]
start SLGNN-epinions-8-10004-spectral on gpu 6
done SLGNN-epinions-32-10002-spectral (8935s) [8 finished]
start SLGNN-wiki_rfa-32-10000-spectral on gpu 2
done SLGNN-epinions-32-10003-spectral (9035s) [9 finished]
start SLGNN-wiki_rfa-32-10001-spectral on gpu 3
done SLGNN-slashdot-32-10003-spectral (6465s) [10 finished]
start SLGNN-wiki_rfa-32-10002-spectral on gpu 4
done SLGNN-epinions-32-10000-spectral (9600s) [11 finished]
start SLGNN-wiki_rfa-32-10003-spectral on gpu 0
done SLGNN-epinions-8-10003-spectral (2160s) [12 finished]
start SLGNN-wiki_rfa-32-10004-spectral on gpu 7
done SLGNN-epinions-8-10004-spectral (2330s) [13 finished]
start SGCN-epinions-32-10000-spectral on gpu 6
done SLGNN-slashdot-32-10004-spectral (6415s) [14 finished]
start SIDNET-epinions-32-10000-spectral on gpu 5
done SGCN-epinions-32-10000-spectral (1600s) [15 finished]
start BGSD-epinions-32-10000-spectral on gpu 6
done SLGNN-wiki_rfa-32-10000-spectral (4440s) [16 finished]
start SGCN-epinions-32-10001-spectral on gpu 2
done BGSD-epinions-32-10000-spectral (790s) [17 finished]
start SIDNET-epinions-32-10001-spectral on gpu 6
done SLGNN-wiki_rfa-32-10001-spectral (4575s) [18 finished]
start BGSD-epinions-32-10001-spectral on gpu 3
done SLGNN-epinions-8-10002-spectral (5755s) [19 finished]
start SGCN-epinions-32-10002-spectral on gpu 1
done SLGNN-wiki_rfa-32-10002-spectral (4550s) [20 finished]
start SIDNET-epinions-32-10002-spectral on gpu 4
done SLGNN-wiki_rfa-32-10003-spectral (4575s) [21 finished]
start BGSD-epinions-32-10002-spectral on gpu 0
done SIDNET-epinions-32-10000-spectral (1855s) [22 finished]
start SGCN-epinions-32-10003-spectral on gpu 5
done BGSD-epinions-32-10001-spectral (895s) [23 finished]
start SIDNET-epinions-32-10003-spectral on gpu 3
done SGCN-epinions-32-10001-spectral (1570s) [24 finished]
start BGSD-epinions-32-10003-spectral on gpu 2
done BGSD-epinions-32-10002-spectral (810s) [25 finished]
start SGCN-epinions-32-10004-spectral on gpu 0
done SIDNET-epinions-32-10001-spectral (1850s) [26 finished]
start SIDNET-epinions-32-10004-spectral on gpu 6
done SLGNN-wiki_rfa-32-10004-spectral (4585s) [27 finished]
start BGSD-epinions-32-10004-spectral on gpu 7
done SGCN-epinions-32-10003-spectral (1390s) [28 finished]
start SLGNN-slashdot-8-10000-spectral on gpu 5
done BGSD-epinions-32-10003-spectral (860s) [29 finished]
start SLGNN-slashdot-8-10001-spectral on gpu 2
done SIDNET-epinions-32-10002-spectral (1825s) [30 finished]
start SLGNN-slashdot-8-10002-spectral on gpu 4
done BGSD-epinions-32-10004-spectral (835s) [31 finished]
start SLGNN-slashdot-8-10003-spectral on gpu 7
done SIDNET-epinions-32-10003-spectral (1765s) [32 finished]
start SLGNN-slashdot-8-10004-spectral on gpu 3
done SGCN-epinions-32-10004-spectral (1535s) [33 finished]
start SLGNN-wiki_elec-32-10000-spectral on gpu 0
done SLGNN-slashdot-8-10001-spectral (1340s) [34 finished]
start SLGNN-wiki_elec-32-10000-random on gpu 2
done SIDNET-epinions-32-10004-spectral (1840s) [35 finished]
start SGCN-slashdot-32-10000-spectral on gpu 6
done SLGNN-slashdot-8-10000-spectral (1590s) [36 finished]
start SIDNET-slashdot-32-10000-spectral on gpu 5
done SLGNN-slashdot-8-10002-spectral (1615s) [37 finished]
start BGSD-slashdot-32-10000-spectral on gpu 4
done SGCN-epinions-32-10002-spectral (3845s) [38 finished]
start SLGNN-wiki_elec-32-10001-spectral on gpu 1
done SLGNN-slashdot-8-10004-spectral (1365s) [39 finished]
start SLGNN-wiki_elec-32-10001-random on gpu 3
done SLGNN-slashdot-8-10003-spectral (1585s) [40 finished]
start SGCN-slashdot-32-10001-spectral on gpu 7
done BGSD-slashdot-32-10000-spectral (650s) [41 finished]
start SIDNET-slashdot-32-10001-spectral on gpu 4
done SGCN-slashdot-32-10000-spectral (1095s) [42 finished]
start BGSD-slashdot-32-10001-spectral on gpu 6
done SIDNET-slashdot-32-10000-spectral (1220s) [43 finished]
start SLGNN-wiki_elec-32-10002-spectral on gpu 5
done BGSD-slashdot-32-10001-spectral (655s) [44 finished]
start SLGNN-wiki_elec-32-10002-random on gpu 6
done SGCN-slashdot-32-10001-spectral (1100s) [45 finished]
start SGCN-slashdot-32-10002-spectral on gpu 7
done SIDNET-slashdot-32-10001-spectral (1230s) [46 finished]
start SIDNET-slashdot-32-10002-spectral on gpu 4
done SLGNN-wiki_elec-32-10000-spectral (3010s) [47 finished]
start BGSD-slashdot-32-10002-spectral on gpu 0
done SGCN-slashdot-32-10002-spectral (1110s) [48 finished]
start SLGNN-wiki_elec-32-10003-spectral on gpu 7
done SLGNN-wiki_elec-32-10000-random (2995s) [49 finished]
start SLGNN-wiki_elec-32-10003-random on gpu 2
done BGSD-slashdot-32-10002-spectral (675s) [50 finished]
start SGCN-slashdot-32-10003-spectral on gpu 0
done SIDNET-slashdot-32-10002-spectral (1245s) [51 finished]
start SIDNET-slashdot-32-10003-spectral on gpu 4
done SLGNN-wiki_elec-32-10001-random (3205s) [52 finished]
start BGSD-slashdot-32-10003-spectral on gpu 3
done SGCN-slashdot-32-10003-spectral (1115s) [53 finished]
start SLGNN-wiki_elec-32-10004-spectral on gpu 0
done BGSD-slashdot-32-10003-spectral (545s) [54 finished]
start SLGNN-wiki_elec-32-10004-random on gpu 3
done SLGNN-wiki_elec-32-10002-spectral (3010s) [55 finished]
start SGCN-slashdot-32-10004-spectral on gpu 5
done SIDNET-slashdot-32-10003-spectral (1245s) [56 finished]
start SIDNET-slashdot-32-10004-spectral on gpu 4
done SLGNN-wiki_elec-32-10002-random (3005s) [57 finished]
start BGSD-slashdot-32-10004-spectral on gpu 6
done BGSD-slashdot-32-10004-spectral (530s) [58 finished]
start SLGNN-epinions-2-10000-spectral on gpu 6
done SGCN-slashdot-32-10004-spectral (1000s) [59 finished]
start SLGNN-epinions-2-10001-spectral on gpu 5
done SLGNN-epinions-2-10000-spectral (390s) [60 finished]
start SLGNN-epinions-2-10002-spectral on gpu 6
done SLGNN-epinions-2-10001-spectral (395s) [61 finished]
start SLGNN-epinions-2-10003-spectral on gpu 5
done SLGNN-wiki_elec-32-10003-spectral (3055s) [62 finished]
start SLGNN-epinions-2-10004-spectral on gpu 7
done SIDNET-slashdot-32-10004-spectral (1230s) [63 finished]
start SLGNN-wiki_rfa-8-10000-spectral on gpu 4
done SLGNN-epinions-2-10002-spectral (390s) [64 finished]
start SLGNN-wiki_rfa-8-10001-spectral on gpu 6
done SLGNN-wiki_elec-32-10003-random (3110s) [65 finished]
start SLGNN-wiki_rfa-8-10002-spectral on gpu 2
done SLGNN-epinions-2-10003-spectral (365s) [66 finished]
start SLGNN-wiki_rfa-8-10003-spectral on gpu 5
done SLGNN-epinions-2-10004-spectral (395s) [67 finished]
start SLGNN-wiki_rfa-8-10004-spectral on gpu 7
done SLGNN-wiki_rfa-8-10000-spectral (1010s) [68 finished]
start SGCN-epinions-8-10000-spectral on gpu 4
done SLGNN-wiki_rfa-8-10003-spectral (1050s) [69 finished]
start SIDNET-epinions-8-10000-spectral on gpu 5
done SLGNN-wiki_rfa-8-10001-spectral (1115s) [70 finished]
start BGSD-epinions-8-10000-spectral on gpu 6
done SLGNN-wiki_elec-32-10004-spectral (3090s) [71 finished]
done SLGNN-wiki_rfa-8-10002-spectral (1160s) [72 finished]
start relay-4-SLGNN-32-10000-2 on gpu 0
start relay-8-SLGNN-32-10000-2 on gpu 2
done SLGNN-wiki_elec-32-10004-random (3105s) [73 finished]
start SGCN-epinions-8-10001-spectral on gpu 3
done SGCN-epinions-8-10000-spectral (395s) [74 finished]
start SIDNET-epinions-8-10001-spectral on gpu 4
done BGSD-epinions-8-10000-spectral (215s) [75 finished]
start BGSD-epinions-8-10001-spectral on gpu 6
done SLGNN-wiki_rfa-8-10004-spectral (1150s) [76 finished]
start relay-4-SLGNN-32-10001-2 on gpu 7
done BGSD-epinions-8-10001-spectral (215s) [77 finished]
start relay-8-SLGNN-32-10001-2 on gpu 6
done SGCN-epinions-8-10001-spectral (410s) [78 finished]
start SGCN-epinions-8-10002-spectral on gpu 3
done SIDNET-epinions-8-10000-spectral (585s) [79 finished]
start SIDNET-epinions-8-10002-spectral on gpu 5
done SLGNN-wiki_elec-32-10001-spectral (7390s) [80 finished]
start BGSD-epinions-8-10002-spectral on gpu 1
done SIDNET-epinions-8-10001-spectral (585s) [81 finished]
start relay-4-SLGNN-32-10002-2 on gpu 4
done SGCN-epinions-8-10002-spectral (395s) [82 finished]
start relay-8-SLGNN-32-10002-2 on gpu 3
done BGSD-epinions-8-10002-spectral (500s) [83 finished]
start SGCN-epinions-8-10003-spectral on gpu 1
done SIDNET-epinions-8-10002-spectral (580s) [84 finished]
start SIDNET-epinions-8-10003-spectral on gpu 5
done SIDNET-epinions-8-10003-spectral (545s) [85 finished]
start BGSD-epinions-8-10003-spectral on gpu 5
done BGSD-epinions-8-10003-spectral (225s) [86 finished]
start relay-4-SLGNN-32-10003-2 on gpu 5
done SGCN-epinions-8-10003-spectral (855s) [87 finished]
start relay-8-SLGNN-32-10003-2 on gpu 1
done relay-4-SLGNN-32-10001-2 (2935s) [88 finished]
start SGCN-epinions-8-10004-spectral on gpu 7
done relay-4-SLGNN-32-10000-2 (3210s) [89 finished]
start SIDNET-epinions-8-10004-spectral on gpu 0
done SGCN-epinions-8-10004-spectral (380s) [90 finished]
start BGSD-epinions-8-10004-spectral on gpu 7
done relay-4-SLGNN-32-10002-2 (2970s) [91 finished]
start relay-4-SLGNN-32-10004-2 on gpu 4
done SIDNET-epinions-8-10004-spectral (590s) [92 finished]
start relay-8-SLGNN-32-10004-2 on gpu 0
done BGSD-epinions-8-10004-spectral (260s) [93 finished]
start SGCN-wiki_rfa-32-10000-spectral on gpu 7
done relay-8-SLGNN-32-10001-2 (3625s) [94 finished]
start SIDNET-wiki_rfa-32-10000-spectral on gpu 6
done relay-8-SLGNN-32-10000-2 (4210s) [95 finished]
start BGSD-wiki_rfa-32-10000-spectral on gpu 2
done BGSD-wiki_rfa-32-10000-spectral (420s) [96 finished]
start SGCN-wiki_rfa-32-10001-spectral on gpu 2
done relay-8-SLGNN-32-10002-2 (3770s) [97 finished]
start SIDNET-wiki_rfa-32-10001-spectral on gpu 3
done SGCN-wiki_rfa-32-10000-spectral (850s) [98 finished]
start BGSD-wiki_rfa-32-10001-spectral on gpu 7
done relay-4-SLGNN-32-10003-2 (2875s) [99 finished]
start SGCN-wiki_rfa-32-10002-spectral on gpu 5
done SIDNET-wiki_rfa-32-10000-spectral (900s) [100 finished]
start SIDNET-wiki_rfa-32-10002-spectral on gpu 6
done BGSD-wiki_rfa-32-10001-spectral (425s) [101 finished]
start BGSD-wiki_rfa-32-10002-spectral on gpu 7
done SGCN-wiki_rfa-32-10001-spectral (855s) [102 finished]
start SGCN-wiki_rfa-32-10003-spectral on gpu 2
done BGSD-wiki_rfa-32-10002-spectral (435s) [103 finished]
start SIDNET-wiki_rfa-32-10003-spectral on gpu 7
done SIDNET-wiki_rfa-32-10001-spectral (945s) [104 finished]
start BGSD-wiki_rfa-32-10003-spectral on gpu 3
done SGCN-wiki_rfa-32-10002-spectral (885s) [105 finished]
start SGCN-wiki_rfa-32-10004-spectral on gpu 5
done SIDNET-wiki_rfa-32-10002-spectral (945s) [106 finished]
start SIDNET-wiki_rfa-32-10004-spectral on gpu 6
done BGSD-wiki_rfa-32-10003-spectral (440s) [107 finished]
start BGSD-wiki_rfa-32-10004-spectral on gpu 3
done SGCN-wiki_rfa-32-10003-spectral (895s) [108 finished]
start SLGNN-slashdot-2-10000-spectral on gpu 2
done SIDNET-wiki_rfa-32-10003-spectral (930s) [109 finished]
start SLGNN-slashdot-2-10001-spectral on gpu 7
done BGSD-wiki_rfa-32-10004-spectral (445s) [110 finished]
start SLGNN-slashdot-2-10002-spectral on gpu 3
done SGCN-wiki_rfa-32-10004-spectral (895s) [111 finished]
start SLGNN-slashdot-2-10003-spectral on gpu 5
done relay-4-SLGNN-32-10004-2 (2860s) [112 finished]
start SLGNN-slashdot-2-10004-spectral on gpu 4
done SLGNN-slashdot-2-10000-spectral (275s) [113 finished]
start SLGNN-wiki_elec-8-10000-spectral on gpu 2
done SLGNN-slashdot-2-10001-spectral (270s) [114 finished]
start SLGNN-wiki_elec-8-10000-random on gpu 7
done SLGNN-slashdot-2-10002-spectral (280s) [115 finished]
start SGCN-slashdot-8-10000-spectral on gpu 3
done SIDNET-wiki_rfa-32-10004-spectral (950s) [116 finished]
done SLGNN-slashdot-2-10003-spectral (280s) [117 finished]
start SIDNET-slashdot-8-10000-spectral on gpu 6
start BGSD-slashdot-8-10000-spectral on gpu 5
done SLGNN-slashdot-2-10004-spectral (270s) [118 finished]
start SLGNN-wiki_elec-8-10001-spectral on gpu 4
done BGSD-slashdot-8-10000-spectral (145s) [119 finished]
start SLGNN-wiki_elec-8-10001-random on gpu 5
done SGCN-slashdot-8-10000-spectral (280s) [120 finished]
start SGCN-slashdot-8-10001-spectral on gpu 3
done SIDNET-slashdot-8-10000-spectral (385s) [121 finished]
start SIDNET-slashdot-8-10001-spectral on gpu 6
done SGCN-slashdot-8-10001-spectral (280s) [122 finished]
start BGSD-slashdot-8-10001-spectral on gpu 3
done SLGNN-wiki_elec-8-10000-spectral (805s) [123 finished]
start SLGNN-wiki_elec-8-10002-spectral on gpu 2
done BGSD-slashdot-8-10001-spectral (150s) [124 finished]
start SLGNN-wiki_elec-8-10002-random on gpu 3
done SLGNN-wiki_elec-8-10000-random (790s) [125 finished]
start SGCN-slashdot-8-10002-spectral on gpu 7
done SIDNET-slashdot-8-10001-spectral (385s) [126 finished]
start SIDNET-slashdot-8-10002-spectral on gpu 6
done SLGNN-wiki_elec-8-10001-spectral (785s) [127 finished]
start BGSD-slashdot-8-10002-spectral on gpu 4
done SLGNN-wiki_elec-8-10001-random (785s) [128 finished]
start SLGNN-wiki_elec-8-10003-spectral on gpu 5
done BGSD-slashdot-8-10002-spectral (170s) [129 finished]
start SLGNN-wiki_elec-8-10003-random on gpu 4
done SGCN-slashdot-8-10002-spectral (275s) [130 finished]
start SGCN-slashdot-8-10003-spectral on gpu 7
done SIDNET-slashdot-8-10002-spectral (375s) [131 finished]
start SIDNET-slashdot-8-10003-spectral on gpu 6
done relay-8-SLGNN-32-10004-2 (4165s) [132 finished]
start BGSD-slashdot-8-10003-spectral on gpu 0
done SGCN-slashdot-8-10003-spectral (275s) [133 finished]
start SLGNN-wiki_elec-8-10004-spectral on gpu 7
done BGSD-slashdot-8-10003-spectral (145s) [134 finished]
start SLGNN-wiki_elec-8-10004-random on gpu 0
done SLGNN-wiki_elec-8-10002-spectral (740s) [135 finished]
start SGCN-slashdot-8-10004-spectral on gpu 2
done SLGNN-wiki_elec-8-10002-random (745s) [136 finished]
start SIDNET-slashdot-8-10004-spectral on gpu 3
done SIDNET-slashdot-8-10003-spectral (385s) [137 finished]
start BGSD-slashdot-8-10004-spectral on gpu 6
done BGSD-slashdot-8-10004-spectral (145s) [138 finished]
start SLGNN-bitcoin_otc-32-10000-spectral on gpu 6
done SGCN-slashdot-8-10004-spectral (275s) [139 finished]
start SLGNN-bitcoin_otc-32-10001-spectral on gpu 2
done SLGNN-wiki_elec-8-10003-random (735s) [140 finished]
start SLGNN-bitcoin_otc-32-10002-spectral on gpu 4
done SLGNN-wiki_elec-8-10003-spectral (795s) [141 finished]
start SLGNN-bitcoin_otc-32-10003-spectral on gpu 5
done relay-8-SLGNN-32-10003-2 (6695s) [142 finished]
start SLGNN-bitcoin_otc-32-10004-spectral on gpu 1
done SIDNET-slashdot-8-10004-spectral (395s) [143 finished]
start SGCN-wiki_elec-32-10000-spectral on gpu 3
done SLGNN-wiki_elec-8-10004-spectral (705s) [144 finished]
start SGCN-wiki_elec-32-10000-random on gpu 7
done SLGNN-wiki_elec-8-10004-random (715s) [145 finished]
start SIDNET-wiki_elec-32-10000-spectral on gpu 0
done SGCN-wiki_elec-32-10000-spectral (695s) [146 finished]
start SIDNET-wiki_elec-32-10000-random on gpu 3
done SGCN-wiki_elec-32-10000-random (680s) [147 finished]
start BGSD-wiki_elec-32-10000-spectral on gpu 7
done SIDNET-wiki_elec-32-10000-spectral (700s) [148 finished]
start BGSD-wiki_elec-32-10000-random on gpu 0
done BGSD-wiki_elec-32-10000-spectral (315s) [149 finished]
start SGCN-wiki_elec-32-10001-spectral on gpu 7
done BGSD-wiki_elec-32-10000-random (320s) [150 finished]
start SGCN-wiki_elec-32-10001-random on gpu 0
done SLGNN-bitcoin_otc-32-10003-spectral (1360s) [151 finished]
start SIDNET-wiki_elec-32-10001-spectral on gpu 5
done SLGNN-bitcoin_otc-32-10000-spectral (1435s) [152 finished]
start SIDNET-wiki_elec-32-10001-random on gpu 6
done SLGNN-bitcoin_otc-32-10001-spectral (1540s) [153 finished]
start BGSD-wiki_elec-32-10001-spectral on gpu 2
done SIDNET-wiki_elec-32-10000-random (715s) [154 finished]
start BGSD-wiki_elec-32-10001-random on gpu 3
done SLGNN-bitcoin_otc-32-10002-spectral (1535s) [155 finished]
start SGCN-wiki_elec-32-10002-spectral on gpu 4
done SLGNN-bitcoin_otc-32-10004-spectral (1540s) [156 finished]
start SGCN-wiki_elec-32-10002-random on gpu 1
done BGSD-wiki_elec-32-10001-spectral (320s) [157 finished]
start SIDNET-wiki_elec-32-10002-spectral on gpu 2
done BGSD-wiki_elec-32-10001-random (320s) [158 finished]
start SIDNET-wiki_elec-32-10002-random on gpu 3
done SGCN-wiki_elec-32-10001-spectral (675s) [159 finished]
start BGSD-wiki_elec-32-10002-spectral on gpu 7
done SGCN-wiki_elec-32-10001-random (680s) [160 finished]
start BGSD-wiki_elec-32-10002-random on gpu 0
done SIDNET-wiki_elec-32-10001-spectral (680s) [161 finished]
start SGCN-wiki_elec-32-10003-spectral on gpu 5
done SIDNET-wiki_elec-32-10001-random (690s) [162 finished]
start SGCN-wiki_elec-32-10003-random on gpu 6
done SGCN-wiki_elec-32-10002-spectral (690s) [163 finished]
start SIDNET-wiki_elec-32-10003-spectral on gpu 4
done BGSD-wiki_elec-32-10002-spectral (320s) [164 finished]
start SIDNET-wiki_elec-32-10003-random on gpu 7
done SGCN-wiki_elec-32-10002-random (705s) [165 finished]
start BGSD-wiki_elec-32-10003-spectral on gpu 1
done BGSD-wiki_elec-32-10002-random (315s) [166 finished]
start BGSD-wiki_elec-32-10003-random on gpu 0
done SIDNET-wiki_elec-32-10002-spectral (700s) [167 finished]
start SGCN-wiki_elec-32-10004-spectral on gpu 2
done SIDNET-wiki_elec-32-10002-random (715s) [168 finished]
start SGCN-wiki_elec-32-10004-random on gpu 3
done BGSD-wiki_elec-32-10003-spectral (325s) [169 finished]
start SIDNET-wiki_elec-32-10004-spectral on gpu 1
done BGSD-wiki_elec-32-10003-random (320s) [170 finished]
start SIDNET-wiki_elec-32-10004-random on gpu 0
done SGCN-wiki_elec-32-10003-spectral (680s) [171 finished]
start BGSD-wiki_elec-32-10004-spectral on gpu 5
done SGCN-wiki_elec-32-10003-random (685s) [172 finished]
start BGSD-wiki_elec-32-10004-random on gpu 6
done SIDNET-wiki_elec-32-10003-spectral (690s) [173 finished]
start SLGNN-bitcoin_alpha-32-10000-spectral on gpu 4
done SIDNET-wiki_elec-32-10003-random (700s) [174 finished]
start SLGNN-bitcoin_alpha-32-10000-random on gpu 7
done BGSD-wiki_elec-32-10004-spectral (305s) [175 finished]
start SLGNN-bitcoin_alpha-32-10001-spectral on gpu 5
done BGSD-wiki_elec-32-10004-random (300s) [176 finished]
start SLGNN-bitcoin_alpha-32-10001-random on gpu 6
done SGCN-wiki_elec-32-10004-spectral (665s) [177 finished]
start SLGNN-bitcoin_alpha-32-10002-spectral on gpu 2
done SGCN-wiki_elec-32-10004-random (670s) [178 finished]
start SLGNN-bitcoin_alpha-32-10002-random on gpu 3
done SIDNET-wiki_elec-32-10004-spectral (675s) [179 finished]
start SLGNN-bitcoin_alpha-32-10003-spectral on gpu 1
done SIDNET-wiki_elec-32-10004-random (675s) [180 finished]
start SLGNN-bitcoin_alpha-32-10003-random on gpu 0
done SLGNN-bitcoin_alpha-32-10000-spectral (1120s) [181 finished]
start SLGNN-bitcoin_alpha-32-10004-spectral on gpu 4
done SLGNN-bitcoin_alpha-32-10000-random (1105s) [182 finished]
done SLGNN-bitcoin_alpha-32-10001-spectral (1015s) [183 finished]
start SLGNN-bitcoin_alpha-32-10004-random on gpu 7
start SLGNN-wiki_rfa-2-10000-spectral on gpu 5
done SLGNN-bitcoin_alpha-32-10001-random (1010s) [184 finished]
start SLGNN-wiki_rfa-2-10001-spectral on gpu 6
done SLGNN-bitcoin_alpha-32-10002-spectral (970s) [185 finished]
start SLGNN-wiki_rfa-2-10002-spectral on gpu 2
done SLGNN-bitcoin_alpha-32-10002-random (965s) [186 finished]
start SLGNN-wiki_rfa-2-10003-spectral on gpu 3
done SLGNN-wiki_rfa-2-10000-spectral (245s) [187 finished]
start SLGNN-wiki_rfa-2-10004-spectral on gpu 5
done SLGNN-wiki_rfa-2-10001-spectral (245s) [188 finished]
start SGCN-epinions-2-10000-spectral on gpu 6
done SLGNN-bitcoin_alpha-32-10003-spectral (1025s) [189 finished]
done SLGNN-bitcoin_alpha-32-10003-random (1020s) [190 finished]
start SIDNET-epinions-2-10000-spectral on gpu 1
start BGSD-epinions-2-10000-spectral on gpu 0
done SGCN-epinions-2-10000-spectral (70s) [191 finished]
start SGCN-epinions-2-10001-spectral on gpu 6
done BGSD-epinions-2-10000-spectral (60s) [192 finished]
start SIDNET-epinions-2-10001-spectral on gpu 0
done SLGNN-wiki_rfa-2-10002-spectral (260s) [193 finished]
start BGSD-epinions-2-10001-spectral on gpu 2
done SLGNN-wiki_rfa-2-10003-spectral (255s) [194 finished]
start SGCN-epinions-2-10002-spectral on gpu 3
done SGCN-epinions-2-10001-spectral (70s) [195 finished]
start SIDNET-epinions-2-10002-spectral on gpu 6
done BGSD-epinions-2-10001-spectral (60s) [196 finished]
start BGSD-epinions-2-10002-spectral on gpu 2
done SGCN-epinions-2-10002-spectral (75s) [197 finished]
start SGCN-epinions-2-10003-spectral on gpu 3
done BGSD-epinions-2-10002-spectral (60s) [198 finished]
start SIDNET-epinions-2-10003-spectral on gpu 2
done SLGNN-wiki_rfa-2-10004-spectral (255s) [199 finished]
start BGSD-epinions-2-10003-spectral on gpu 5
done SIDNET-epinions-2-10000-spectral (210s) [200 finished]
start SGCN-epinions-2-10004-spectral on gpu 1
done SGCN-epinions-2-10003-spectral (65s) [201 finished]
start SIDNET-epinions-2-10004-spectral on gpu 3
done BGSD-epinions-2-10003-spectral (55s) [202 finished]
start BGSD-epinions-2-10004-spectral on gpu 5
done SIDNET-epinions-2-10001-spectral (210s) [203 finished]
start SGCN-wiki_rfa-8-10000-spectral on gpu 0
done SGCN-epinions-2-10004-spectral (70s) [204 finished]
start SIDNET-wiki_rfa-8-10000-spectral on gpu 1
done BGSD-epinions-2-10004-spectral (60s) [205 finished]
start BGSD-wiki_rfa-8-10000-spectral on gpu 5
done SIDNET-epinions-2-10002-spectral (210s) [206 finished]
start SGCN-wiki_rfa-8-10001-spectral on gpu 6
done SIDNET-epinions-2-10003-spectral (195s) [207 finished]
done SGCN-wiki_rfa-8-10000-spectral (120s) [208 finished]
done BGSD-wiki_rfa-8-10000-spectral (70s) [209 finished]
start SIDNET-wiki_rfa-8-10001-spectral on gpu 2
start BGSD-wiki_rfa-8-10001-spectral on gpu 0
start SGCN-wiki_rfa-8-10002-spectral on gpu 5
done SIDNET-wiki_rfa-8-10000-spectral (150s) [210 finished]
start SIDNET-wiki_rfa-8-10002-spectral on gpu 1
done SIDNET-epinions-2-10004-spectral (210s) [211 finished]
start BGSD-wiki_rfa-8-10002-spectral on gpu 3
done SGCN-wiki_rfa-8-10001-spectral (120s) [212 finished]
start SGCN-wiki_rfa-8-10003-spectral on gpu 6
done BGSD-wiki_rfa-8-10001-spectral (75s) [213 finished]
start SIDNET-wiki_rfa-8-10003-spectral on gpu 0
done SGCN-wiki_rfa-8-10002-spectral (125s) [214 finished]
start BGSD-wiki_rfa-8-10003-spectral on gpu 5
done BGSD-wiki_rfa-8-10002-spectral (75s) [215 finished]
start SGCN-wiki_rfa-8-10004-spectral on gpu 3
done SIDNET-wiki_rfa-8-10001-spectral (155s) [216 finished]
start SIDNET-wiki_rfa-8-10004-spectral on gpu 2
done SGCN-wiki_rfa-8-10003-spectral (125s) [217 finished]
start BGSD-wiki_rfa-8-10004-spectral on gpu 6
done SIDNET-wiki_rfa-8-10002-spectral (150s) [218 finished]
start relay-4-SGCN-32-10000-2 on gpu 1
done BGSD-wiki_rfa-8-10003-spectral (75s) [219 finished]
start relay-8-SGCN-32-10000-2 on gpu 5
done SIDNET-wiki_rfa-8-10003-spectral (150s) [220 finished]
start relay-2-SLGNN-32-10000-0 on gpu 0
done SGCN-wiki_rfa-8-10004-spectral (130s) [221 finished]
done BGSD-wiki_rfa-8-10004-spectral (75s) [222 finished]
start relay-4-SLGNN-32-10000-0 on gpu 3
start relay-8-SLGNN-32-10000-0 on gpu 6
done SIDNET-wiki_rfa-8-10004-spectral (160s) [223 finished]
start relay-16-SLGNN-32-10000-0 on gpu 2
done SLGNN-bitcoin_alpha-32-10004-spectral (1070s) [224 finished]
start balance-4-SLGNN-32-10000-0 on gpu 4
done SLGNN-bitcoin_alpha-32-10004-random (1065s) [225 finished]
start balance-8-SLGNN-32-10000-0 on gpu 7
done relay-4-SGCN-32-10000-2 (290s) [226 finished]
start balance-16-SLGNN-32-10000-0 on gpu 1
done relay-8-SGCN-32-10000-2 (460s) [227 finished]
start balance-32-SLGNN-32-10000-0 on gpu 5
done balance-4-SLGNN-32-10000-0 (520s) [228 finished]
start relay-4-SIDNET-32-10000-2 on gpu 4
done relay-2-SLGNN-32-10000-0 (700s) [229 finished]
start relay-8-SIDNET-32-10000-2 on gpu 0
done balance-8-SLGNN-32-10000-0 (615s) [230 finished]
start relay-4-BGSD-32-10000-2 on gpu 7
done relay-8-SLGNN-32-10000-0 (760s) [231 finished]
start relay-8-BGSD-32-10000-2 on gpu 6
done relay-4-SLGNN-32-10000-0 (845s) [232 finished]
start relay-4-SGCN-32-10001-2 on gpu 3
FAIL relay-4-SIDNET-32-10000-2 (240s) [233 finished]
start relay-8-SGCN-32-10001-2 on gpu 4
done relay-4-BGSD-32-10000-2 (210s) [234 finished]
start relay-2-SLGNN-32-10001-0 on gpu 7
done balance-16-SLGNN-32-10000-0 (780s) [235 finished]
start relay-4-SLGNN-32-10001-0 on gpu 1
done relay-16-SLGNN-32-10000-0 (965s) [236 finished]
start relay-8-SLGNN-32-10001-0 on gpu 2
done relay-8-BGSD-32-10000-2 (295s) [237 finished]
start relay-16-SLGNN-32-10001-0 on gpu 6
done relay-4-SGCN-32-10001-2 (305s) [238 finished]
start balance-4-SLGNN-32-10001-0 on gpu 3
done relay-8-SGCN-32-10001-2 (430s) [239 finished]
start balance-8-SLGNN-32-10001-0 on gpu 4
done relay-8-SIDNET-32-10000-2 (685s) [240 finished]
start balance-16-SLGNN-32-10001-0 on gpu 0
done balance-32-SLGNN-32-10000-0 (965s) [241 finished]
start balance-32-SLGNN-32-10001-0 on gpu 5
done relay-2-SLGNN-32-10001-0 (710s) [242 finished]
start relay-4-SIDNET-32-10001-2 on gpu 7
done balance-4-SLGNN-32-10001-0 (555s) [243 finished]
start relay-8-SIDNET-32-10001-2 on gpu 3
done relay-8-SLGNN-32-10001-0 (805s) [244 finished]
start relay-4-BGSD-32-10001-2 on gpu 2
done relay-16-SLGNN-32-10001-0 (825s) [245 finished]
done balance-8-SLGNN-32-10001-0 (580s) [246 finished]
start relay-8-BGSD-32-10001-2 on gpu 6
start relay-4-SGCN-32-10002-2 on gpu 4
FAIL relay-4-SIDNET-32-10001-2 (240s) [247 finished]
start relay-8-SGCN-32-10002-2 on gpu 7
done balance-16-SLGNN-32-10001-0 (685s) [248 finished]
start relay-2-SLGNN-32-10002-0 on gpu 0
done relay-4-BGSD-32-10001-2 (215s) [249 finished]
start relay-4-SLGNN-32-10002-0 on gpu 2
done relay-4-SGCN-32-10002-2 (285s) [250 finished]
start relay-8-SLGNN-32-10002-0 on gpu 4
done relay-8-BGSD-32-10001-2 (340s) [251 finished]
start relay-16-SLGNN-32-10002-0 on gpu 6
done relay-4-SLGNN-32-10001-0 (1255s) [252 finished]
start balance-4-SLGNN-32-10002-0 on gpu 1
done balance-32-SLGNN-32-10001-0 (965s) [253 finished]
start balance-8-SLGNN-32-10002-0 on gpu 5
done relay-8-SGCN-32-10002-2 (485s) [254 finished]
start balance-16-SLGNN-32-10002-0 on gpu 7
done relay-8-SIDNET-32-10001-2 (735s) [255 finished]
start balance-32-SLGNN-32-10002-0 on gpu 3
done relay-2-SLGNN-32-10002-0 (710s) [256 finished]
start relay-4-SIDNET-32-10002-2 on gpu 0
done relay-4-SLGNN-32-10002-0 (795s) [257 finished]
start relay-8-SIDNET-32-10002-2 on gpu 2
done balance-8-SLGNN-32-10002-0 (615s) [258 finished]
start relay-4-BGSD-32-10002-2 on gpu 5
done relay-8-SLGNN-32-10002-0 (815s) [259 finished]
start relay-8-BGSD-32-10002-2 on gpu 4
done balance-4-SLGNN-32-10002-0 (770s) [260 finished]
start relay-4-SGCN-32-10003-2 on gpu 1
done relay-16-SLGNN-32-10002-0 (860s) [261 finished]
start relay-8-SGCN-32-10003-2 on gpu 6
done balance-16-SLGNN-32-10002-0 (725s) [262 finished]
start relay-2-SLGNN-32-10003-0 on gpu 7
done relay-4-BGSD-32-10002-2 (210s) [263 finished]
start relay-4-SLGNN-32-10003-0 on gpu 5
done relay-4-SIDNET-32-10002-2 (530s) [264 finished]
start relay-8-SLGNN-32-10003-0 on gpu 0
done relay-8-BGSD-32-10002-2 (310s) [265 finished]
start relay-16-SLGNN-32-10003-0 on gpu 4
done balance-32-SLGNN-32-10002-0 (1000s) [266 finished]
start balance-4-SLGNN-32-10003-0 on gpu 3
done relay-8-SGCN-32-10003-2 (445s) [267 finished]
start balance-8-SLGNN-32-10003-0 on gpu 6
done relay-8-SIDNET-32-10002-2 (710s) [268 finished]
start balance-16-SLGNN-32-10003-0 on gpu 2
done relay-4-SGCN-32-10003-2 (640s) [269 finished]
start balance-32-SLGNN-32-10003-0 on gpu 1
done relay-2-SLGNN-32-10003-0 (735s) [270 finished]
start relay-4-SIDNET-32-10003-2 on gpu 7
done relay-4-SLGNN-32-10003-0 (750s) [271 finished]
start relay-8-SIDNET-32-10003-2 on gpu 5
done balance-4-SLGNN-32-10003-0 (490s) [272 finished]
start relay-4-BGSD-32-10003-2 on gpu 3
done relay-8-SLGNN-32-10003-0 (755s) [273 finished]
start relay-8-BGSD-32-10003-2 on gpu 0
done balance-8-SLGNN-32-10003-0 (545s) [274 finished]
start relay-4-SGCN-32-10004-2 on gpu 6
FAIL relay-4-SIDNET-32-10003-2 (240s) [275 finished]
FAIL relay-8-SIDNET-32-10003-2 (175s) [276 finished]
start relay-8-SGCN-32-10004-2 on gpu 7
start relay-2-SLGNN-32-10004-0 on gpu 5
done relay-16-SLGNN-32-10003-0 (830s) [277 finished]
start relay-4-SLGNN-32-10004-0 on gpu 4
done relay-4-BGSD-32-10003-2 (215s) [278 finished]
start relay-8-SLGNN-32-10004-0 on gpu 3
done balance-16-SLGNN-32-10003-0 (685s) [279 finished]
start relay-16-SLGNN-32-10004-0 on gpu 2
done relay-4-SGCN-32-10004-2 (285s) [280 finished]
start balance-4-SLGNN-32-10004-0 on gpu 6
done relay-8-BGSD-32-10003-2 (330s) [281 finished]
start balance-8-SLGNN-32-10004-0 on gpu 0
done relay-8-SGCN-32-10004-2 (455s) [282 finished]
start balance-16-SLGNN-32-10004-0 on gpu 7
done relay-2-SLGNN-32-10004-0 (705s) [283 finished]
start balance-32-SLGNN-32-10004-0 on gpu 5
done relay-4-SLGNN-32-10004-0 (750s) [284 finished]
start relay-4-SIDNET-32-10004-2 on gpu 4
done balance-4-SLGNN-32-10004-0 (550s) [285 finished]
start relay-8-SIDNET-32-10004-2 on gpu 6
done relay-8-SLGNN-32-10004-0 (765s) [286 finished]
start relay-4-BGSD-32-10004-2 on gpu 3
done balance-8-SLGNN-32-10004-0 (650s) [287 finished]
start relay-8-BGSD-32-10004-2 on gpu 0
done relay-16-SLGNN-32-10004-0 (845s) [288 finished]
start SLGNN-wiki_elec-2-10000-spectral on gpu 2
FAIL relay-8-SIDNET-32-10004-2 (185s) [289 finished]
start SLGNN-wiki_elec-2-10000-random on gpu 6
FAIL relay-4-SIDNET-32-10004-2 (240s) [290 finished]
start SGCN-slashdot-2-10000-spectral on gpu 4
done relay-4-BGSD-32-10004-2 (215s) [291 finished]
start SIDNET-slashdot-2-10000-spectral on gpu 3
done SGCN-slashdot-2-10000-spectral (60s) [292 finished]
start BGSD-slashdot-2-10000-spectral on gpu 4
done balance-32-SLGNN-32-10003-0 (1530s) [293 finished]
start SLGNN-wiki_elec-2-10001-spectral on gpu 1
done BGSD-slashdot-2-10000-spectral (45s) [294 finished]
start SLGNN-wiki_elec-2-10001-random on gpu 4
done balance-16-SLGNN-32-10004-0 (710s) [295 finished]
done SIDNET-slashdot-2-10000-spectral (120s) [296 finished]
start SGCN-slashdot-2-10001-spectral on gpu 7
start SIDNET-slashdot-2-10001-spectral on gpu 3
done SLGNN-wiki_elec-2-10000-spectral (185s) [297 finished]
start BGSD-slashdot-2-10001-spectral on gpu 2
done SLGNN-wiki_elec-2-10000-random (180s) [298 finished]
start SLGNN-wiki_elec-2-10002-spectral on gpu 6
done SGCN-slashdot-2-10001-spectral (60s) [299 finished]
done BGSD-slashdot-2-10001-spectral (45s) [300 finished]
start SLGNN-wiki_elec-2-10002-random on gpu 7
start SGCN-slashdot-2-10002-spectral on gpu 2
done SIDNET-slashdot-2-10001-spectral (115s) [301 finished]
done SGCN-slashdot-2-10002-spectral (55s) [302 finished]
start SIDNET-slashdot-2-10002-spectral on gpu 3
start BGSD-slashdot-2-10002-spectral on gpu 2
done SLGNN-wiki_elec-2-10001-spectral (185s) [303 finished]
start SLGNN-wiki_elec-2-10003-spectral on gpu 1
done SLGNN-wiki_elec-2-10001-random (180s) [304 finished]
start SLGNN-wiki_elec-2-10003-random on gpu 4
done BGSD-slashdot-2-10002-spectral (55s) [305 finished]
start SGCN-slashdot-2-10003-spectral on gpu 2
done SLGNN-wiki_elec-2-10002-spectral (180s) [306 finished]
start SIDNET-slashdot-2-10003-spectral on gpu 6
done SGCN-slashdot-2-10003-spectral (60s) [307 finished]
start BGSD-slashdot-2-10003-spectral on gpu 2
done SLGNN-wiki_elec-2-10002-random (180s) [308 finished]
done SIDNET-slashdot-2-10002-spectral (125s) [309 finished]
start SLGNN-wiki_elec-2-10004-spectral on gpu 7
start SLGNN-wiki_elec-2-10004-random on gpu 3
done BGSD-slashdot-2-10003-spectral (45s) [310 finished]
start SGCN-slashdot-2-10004-spectral on gpu 2
done SLGNN-wiki_elec-2-10003-spectral (185s) [311 finished]
done SIDNET-slashdot-2-10003-spectral (115s) [312 finished]
start SIDNET-slashdot-2-10004-spectral on gpu 1
start BGSD-slashdot-2-10004-spectral on gpu 6
done SLGNN-wiki_elec-2-10003-random (180s) [313 finished]
start SLGNN-bitcoin_otc-8-10000-spectral on gpu 4
done SGCN-slashdot-2-10004-spectral (60s) [314 finished]
start SLGNN-bitcoin_otc-8-10001-spectral on gpu 2
done BGSD-slashdot-2-10004-spectral (45s) [315 finished]
start SLGNN-bitcoin_otc-8-10002-spectral on gpu 6
done SLGNN-wiki_elec-2-10004-spectral (170s) [316 finished]
start SLGNN-bitcoin_otc-8-10003-spectral on gpu 7
done SLGNN-wiki_elec-2-10004-random (175s) [317 finished]
start SLGNN-bitcoin_otc-8-10004-spectral on gpu 3
done SIDNET-slashdot-2-10004-spectral (125s) [318 finished]
start SGCN-wiki_elec-8-10000-spectral on gpu 1
done balance-32-SLGNN-32-10004-0 (980s) [319 finished]
done relay-8-BGSD-32-10004-2 (755s) [320 finished]
start SGCN-wiki_elec-8-10000-random on gpu 5
start SIDNET-wiki_elec-8-10000-spectral on gpu 0
done SGCN-wiki_elec-8-10000-spectral (100s) [321 finished]
start SIDNET-wiki_elec-8-10000-random on gpu 1
done SGCN-wiki_elec-8-10000-random (95s) [322 finished]
start BGSD-wiki_elec-8-10000-spectral on gpu 5
done SIDNET-wiki_elec-8-10000-random (110s) [323 finished]
start BGSD-wiki_elec-8-10000-random on gpu 1
done BGSD-wiki_elec-8-10000-spectral (55s) [324 finished]
start SGCN-wiki_elec-8-10001-spectral on gpu 5
done BGSD-wiki_elec-8-10000-random (55s) [325 finished]
start SGCN-wiki_elec-8-10001-random on gpu 1
done SLGNN-bitcoin_otc-8-10000-spectral (400s) [326 finished]
start SIDNET-wiki_elec-8-10001-spectral on gpu 4
done SLGNN-bitcoin_otc-8-10001-spectral (400s) [327 finished]
done SIDNET-wiki_elec-8-10000-spectral (215s) [328 finished]
start SIDNET-wiki_elec-8-10001-random on gpu 2
start BGSD-wiki_elec-8-10001-spectral on gpu 0
done SLGNN-bitcoin_otc-8-10002-spectral (400s) [329 finished]
done SGCN-wiki_elec-8-10001-spectral (95s) [330 finished]
start BGSD-wiki_elec-8-10001-random on gpu 6
start SGCN-wiki_elec-8-10002-spectral on gpu 5
done SLGNN-bitcoin_otc-8-10003-spectral (370s) [331 finished]
start SGCN-wiki_elec-8-10002-random on gpu 7
done SGCN-wiki_elec-8-10001-random (100s) [332 finished]
start SIDNET-wiki_elec-8-10002-spectral on gpu 1
done SLGNN-bitcoin_otc-8-10004-spectral (400s) [333 finished]
start SIDNET-wiki_elec-8-10002-random on gpu 3
done BGSD-wiki_elec-8-10001-random (55s) [334 finished]
start BGSD-wiki_elec-8-10002-spectral on gpu 6
done SIDNET-wiki_elec-8-10001-spectral (110s) [335 finished]
done BGSD-wiki_elec-8-10001-spectral (105s) [336 finished]
start BGSD-wiki_elec-8-10002-random on gpu 4
start SGCN-wiki_elec-8-10003-spectral on gpu 0
done SIDNET-wiki_elec-8-10001-random (110s) [337 finished]
start SGCN-wiki_elec-8-10003-random on gpu 2
done SGCN-wiki_elec-8-10002-spectral (95s) [338 finished]
start SIDNET-wiki_elec-8-10003-spectral on gpu 5
done SGCN-wiki_elec-8-10002-random (95s) [339 finished]
done BGSD-wiki_elec-8-10002-spectral (55s) [340 finished]
start SIDNET-wiki_elec-8-10003-random on gpu 7
start BGSD-wiki_elec-8-10003-spectral on gpu 6
done BGSD-wiki_elec-8-10002-random (55s) [341 finished]
start BGSD-wiki_elec-8-10003-random on gpu 4
done SIDNET-wiki_elec-8-10002-spectral (110s) [342 finished]
start SGCN-wiki_elec-8-10004-spectral on gpu 1
done SIDNET-wiki_elec-8-10002-random (110s) [343 finished]
start SGCN-wiki_elec-8-10004-random on gpu 3
done BGSD-wiki_elec-8-10003-spectral (55s) [344 finished]
start SIDNET-wiki_elec-8-10004-spectral on gpu 6
done SGCN-wiki_elec-8-10003-random (95s) [345 finished]
start SIDNET-wiki_elec-8-10004-random on gpu 2
done BGSD-wiki_elec-8-10003-random (55s) [346 finished]
start BGSD-wiki_elec-8-10004-spectral on gpu 4
done SIDNET-wiki_elec-8-10003-spectral (110s) [347 finished]
start BGSD-wiki_elec-8-10004-random on gpu 5
done SIDNET-wiki_elec-8-10003-random (110s) [348 finished]
start SGCN-bitcoin_otc-32-10000-spectral on gpu 7
done BGSD-wiki_elec-8-10004-spectral (55s) [349 finished]
start SIDNET-bitcoin_otc-32-10000-spectral on gpu 4
done SGCN-wiki_elec-8-10003-spectral (170s) [350 finished]
start BGSD-bitcoin_otc-32-10000-spectral on gpu 0
done SGCN-wiki_elec-8-10004-spectral (95s) [351 finished]
start SGCN-bitcoin_otc-32-10001-spectral on gpu 1
done SGCN-wiki_elec-8-10004-random (95s) [352 finished]
start SIDNET-bitcoin_otc-32-10001-spectral on gpu 3
done BGSD-wiki_elec-8-10004-random (55s) [353 finished]
start BGSD-bitcoin_otc-32-10001-spectral on gpu 5
done SIDNET-wiki_elec-8-10004-spectral (105s) [354 finished]
start SGCN-bitcoin_otc-32-10002-spectral on gpu 6
done SIDNET-wiki_elec-8-10004-random (105s) [355 finished]
start SIDNET-bitcoin_otc-32-10002-spectral on gpu 2
done BGSD-bitcoin_otc-32-10001-spectral (255s) [356 finished]
start BGSD-bitcoin_otc-32-10002-spectral on gpu 5
done BGSD-bitcoin_otc-32-10000-spectral (330s) [357 finished]
start SGCN-bitcoin_otc-32-10003-spectral on gpu 0
done SIDNET-bitcoin_otc-32-10000-spectral (395s) [358 finished]
start SIDNET-bitcoin_otc-32-10003-spectral on gpu 4
done SIDNET-bitcoin_otc-32-10001-spectral (395s) [359 finished]
start BGSD-bitcoin_otc-32-10003-spectral on gpu 3
done SIDNET-bitcoin_otc-32-10002-spectral (395s) [360 finished]
start SGCN-bitcoin_otc-32-10004-spectral on gpu 2
done SGCN-bitcoin_otc-32-10001-spectral (435s) [361 finished]
start SIDNET-bitcoin_otc-32-10004-spectral on gpu 1
done SGCN-bitcoin_otc-32-10000-spectral (470s) [362 finished]
start BGSD-bitcoin_otc-32-10004-spectral on gpu 7
done SGCN-bitcoin_otc-32-10002-spectral (470s) [363 finished]
start SLGNN-bitcoin_alpha-8-10000-spectral on gpu 6
done BGSD-bitcoin_otc-32-10002-spectral (260s) [364 finished]
start SLGNN-bitcoin_alpha-8-10000-random on gpu 5
done BGSD-bitcoin_otc-32-10003-spectral (245s) [365 finished]
start SLGNN-bitcoin_alpha-8-10001-spectral on gpu 3
done BGSD-bitcoin_otc-32-10004-spectral (255s) [366 finished]
start SLGNN-bitcoin_alpha-8-10001-random on gpu 7
done SIDNET-bitcoin_otc-32-10003-spectral (360s) [367 finished]
start SLGNN-bitcoin_alpha-8-10002-spectral on gpu 4
done SLGNN-bitcoin_alpha-8-10000-spectral (280s) [368 finished]
start SLGNN-bitcoin_alpha-8-10002-random on gpu 6
done SLGNN-bitcoin_alpha-8-10000-random (280s) [369 finished]
start SLGNN-bitcoin_alpha-8-10003-spectral on gpu 5
done SIDNET-bitcoin_otc-32-10004-spectral (395s) [370 finished]
start SLGNN-bitcoin_alpha-8-10003-random on gpu 1
done SGCN-bitcoin_otc-32-10004-spectral (455s) [371 finished]
start SLGNN-bitcoin_alpha-8-10004-spectral on gpu 2
done SLGNN-bitcoin_alpha-8-10001-spectral (260s) [372 finished]
start SLGNN-bitcoin_alpha-8-10004-random on gpu 3
done SGCN-bitcoin_otc-32-10003-spectral (615s) [373 finished]
start SGCN-bitcoin_alpha-32-10000-spectral on gpu 0
done SLGNN-bitcoin_alpha-8-10001-random (260s) [374 finished]
start SGCN-bitcoin_alpha-32-10000-random on gpu 7
done SLGNN-bitcoin_alpha-8-10002-spectral (250s) [375 finished]
start SIDNET-bitcoin_alpha-32-10000-spectral on gpu 4
done SLGNN-bitcoin_alpha-8-10002-random (245s) [376 finished]
start SIDNET-bitcoin_alpha-32-10000-random on gpu 6
done SLGNN-bitcoin_alpha-8-10003-spectral (260s) [377 finished]
start BGSD-bitcoin_alpha-32-10000-spectral on gpu 5
done SLGNN-bitcoin_alpha-8-10003-random (260s) [378 finished]
start BGSD-bitcoin_alpha-32-10000-random on gpu 1
done SLGNN-bitcoin_alpha-8-10004-spectral (270s) [379 finished]
start SGCN-bitcoin_alpha-32-10001-spectral on gpu 2
done SLGNN-bitcoin_alpha-8-10004-random (270s) [380 finished]
start SGCN-bitcoin_alpha-32-10001-random on gpu 3
done SIDNET-bitcoin_alpha-32-10000-spectral (245s) [381 finished]
start SIDNET-bitcoin_alpha-32-10001-spectral on gpu 4
done SIDNET-bitcoin_alpha-32-10000-random (245s) [382 finished]
start SIDNET-bitcoin_alpha-32-10001-random on gpu 6
done BGSD-bitcoin_alpha-32-10000-spectral (235s) [383 finished]
start BGSD-bitcoin_alpha-32-10001-spectral on gpu 5
done BGSD-bitcoin_alpha-32-10000-random (235s) [384 finished]
start BGSD-bitcoin_alpha-32-10001-random on gpu 1
done SGCN-bitcoin_alpha-32-10000-random (420s) [385 finished]
start SGCN-bitcoin_alpha-32-10002-spectral on gpu 7
done SGCN-bitcoin_alpha-32-10000-spectral (485s) [386 finished]
start SGCN-bitcoin_alpha-32-10002-random on gpu 0
done SIDNET-bitcoin_alpha-32-10001-spectral (225s) [387 finished]
start SIDNET-bitcoin_alpha-32-10002-spectral on gpu 4
done SIDNET-bitcoin_alpha-32-10001-random (225s) [388 finished]
start SIDNET-bitcoin_alpha-32-10002-random on gpu 6
done BGSD-bitcoin_alpha-32-10001-spectral (215s) [389 finished]
start BGSD-bitcoin_alpha-32-10002-spectral on gpu 5
done SGCN-bitcoin_alpha-32-10001-spectral (370s) [390 finished]
start BGSD-bitcoin_alpha-32-10002-random on gpu 2
done BGSD-bitcoin_alpha-32-10001-random (215s) [391 finished]
start SGCN-bitcoin_alpha-32-10003-spectral on gpu 1
done SGCN-bitcoin_alpha-32-10001-random (370s) [392 finished]
start SGCN-bitcoin_alpha-32-10003-random on gpu 3
done SIDNET-bitcoin_alpha-32-10002-spectral (215s) [393 finished]
start SIDNET-bitcoin_alpha-32-10003-spectral on gpu 4
done SIDNET-bitcoin_alpha-32-10002-random (215s) [394 finished]
start SIDNET-bitcoin_alpha-32-10003-random on gpu 6
done BGSD-bitcoin_alpha-32-10002-spectral (205s) [395 finished]
start BGSD-bitcoin_alpha-32-10003-spectral on gpu 5
done SGCN-bitcoin_alpha-32-10002-spectral (350s) [396 finished]
done BGSD-bitcoin_alpha-32-10002-random (205s) [397 finished]
start BGSD-bitcoin_alpha-32-10003-random on gpu 7
start SGCN-bitcoin_alpha-32-10004-spectral on gpu 2
done SGCN-bitcoin_alpha-32-10002-random (390s) [398 finished]
start SGCN-bitcoin_alpha-32-10004-random on gpu 0
done SIDNET-bitcoin_alpha-32-10003-spectral (225s) [399 finished]
start SIDNET-bitcoin_alpha-32-10004-spectral on gpu 4
done SIDNET-bitcoin_alpha-32-10003-random (225s) [400 finished]
start SIDNET-bitcoin_alpha-32-10004-random on gpu 6
done SGCN-bitcoin_alpha-32-10003-spectral (390s) [401 finished]
start BGSD-bitcoin_alpha-32-10004-spectral on gpu 1
done SGCN-bitcoin_alpha-32-10003-random (390s) [402 finished]
done BGSD-bitcoin_alpha-32-10003-spectral (215s) [403 finished]
start BGSD-bitcoin_alpha-32-10004-random on gpu 3
start SGCN-wiki_rfa-2-10000-spectral on gpu 5
done BGSD-bitcoin_alpha-32-10003-random (215s) [404 finished]
start SIDNET-wiki_rfa-2-10000-spectral on gpu 7
done SGCN-wiki_rfa-2-10000-spectral (30s) [405 finished]
start BGSD-wiki_rfa-2-10000-spectral on gpu 5
done SIDNET-wiki_rfa-2-10000-spectral (40s) [406 finished]
start SGCN-wiki_rfa-2-10001-spectral on gpu 7
done BGSD-wiki_rfa-2-10000-spectral (25s) [407 finished]
start SIDNET-wiki_rfa-2-10001-spectral on gpu 5
done SGCN-wiki_rfa-2-10001-spectral (30s) [408 finished]
start BGSD-wiki_rfa-2-10001-spectral on gpu 7
done SIDNET-wiki_rfa-2-10001-spectral (40s) [409 finished]
start SGCN-wiki_rfa-2-10002-spectral on gpu 5
done BGSD-wiki_rfa-2-10001-spectral (25s) [410 finished]
start SIDNET-wiki_rfa-2-10002-spectral on gpu 7
done SGCN-wiki_rfa-2-10002-spectral (25s) [411 finished]
start BGSD-wiki_rfa-2-10002-spectral on gpu 5
done SIDNET-wiki_rfa-2-10002-spectral (40s) [412 finished]
start SGCN-wiki_rfa-2-10003-spectral on gpu 7
done BGSD-wiki_rfa-2-10002-spectral (25s) [413 finished]
start SIDNET-wiki_rfa-2-10003-spectral on gpu 5
done SGCN-wiki_rfa-2-10003-spectral (30s) [414 finished]
start BGSD-wiki_rfa-2-10003-spectral on gpu 7
done SIDNET-wiki_rfa-2-10003-spectral (40s) [415 finished]
start SGCN-wiki_rfa-2-10004-spectral on gpu 5
done SGCN-bitcoin_alpha-32-10004-spectral (400s) [416 finished]
start SIDNET-wiki_rfa-2-10004-spectral on gpu 2
done BGSD-wiki_rfa-2-10003-spectral (25s) [417 finished]
start BGSD-wiki_rfa-2-10004-spectral on gpu 7
done SIDNET-bitcoin_alpha-32-10004-spectral (240s) [418 finished]
start relay-2-SLGNN-8-10000-0 on gpu 4
done SGCN-wiki_rfa-2-10004-spectral (30s) [419 finished]
start relay-4-SLGNN-8-10000-0 on gpu 5
done BGSD-bitcoin_alpha-32-10004-spectral (225s) [420 finished]
done BGSD-wiki_rfa-2-10004-spectral (25s) [421 finished]
start relay-8-SLGNN-8-10000-0 on gpu 1
start relay-16-SLGNN-8-10000-0 on gpu 7
done BGSD-bitcoin_alpha-32-10004-random (225s) [422 finished]
start balance-4-SLGNN-8-10000-0 on gpu 3
done SIDNET-bitcoin_alpha-32-10004-random (240s) [423 finished]
done SIDNET-wiki_rfa-2-10004-spectral (40s) [424 finished]
start balance-8-SLGNN-8-10000-0 on gpu 6
start balance-16-SLGNN-8-10000-0 on gpu 2
done SGCN-bitcoin_alpha-32-10004-random (420s) [425 finished]
start balance-32-SLGNN-8-10000-0 on gpu 0
done balance-4-SLGNN-8-10000-0 (135s) [426 finished]
start relay-2-SLGNN-8-10001-0 on gpu 3
done relay-2-SLGNN-8-10000-0 (180s) [427 finished]
start relay-4-SLGNN-8-10001-0 on gpu 4
done balance-8-SLGNN-8-10000-0 (165s) [428 finished]
start relay-8-SLGNN-8-10001-0 on gpu 6
done relay-4-SLGNN-8-10000-0 (185s) [429 finished]
start relay-16-SLGNN-8-10001-0 on gpu 5
done relay-8-SLGNN-8-10000-0 (195s) [430 finished]
done relay-16-SLGNN-8-10000-0 (195s) [431 finished]
start balance-4-SLGNN-8-10001-0 on gpu 1
start balance-8-SLGNN-8-10001-0 on gpu 7
done balance-16-SLGNN-8-10000-0 (230s) [432 finished]
start balance-16-SLGNN-8-10001-0 on gpu 2
done balance-32-SLGNN-8-10000-0 (195s) [433 finished]
start balance-32-SLGNN-8-10001-0 on gpu 0
done relay-2-SLGNN-8-10001-0 (175s) [434 finished]
start relay-2-SLGNN-8-10002-0 on gpu 3
done balance-8-SLGNN-8-10001-0 (140s) [435 finished]
start relay-4-SLGNN-8-10002-0 on gpu 7
done relay-4-SLGNN-8-10001-0 (185s) [436 finished]
start relay-8-SLGNN-8-10002-0 on gpu 4
done balance-4-SLGNN-8-10001-0 (165s) [437 finished]
start relay-16-SLGNN-8-10002-0 on gpu 1
done relay-8-SLGNN-8-10001-0 (195s) [438 finished]
start balance-4-SLGNN-8-10002-0 on gpu 6
done relay-16-SLGNN-8-10001-0 (195s) [439 finished]
start balance-8-SLGNN-8-10002-0 on gpu 5
done balance-16-SLGNN-8-10001-0 (190s) [440 finished]
start balance-16-SLGNN-8-10002-0 on gpu 2
done relay-2-SLGNN-8-10002-0 (180s) [441 finished]
start balance-32-SLGNN-8-10002-0 on gpu 3
done balance-4-SLGNN-8-10002-0 (135s) [442 finished]
start relay-2-SLGNN-8-10003-0 on gpu 6
done balance-8-SLGNN-8-10002-0 (140s) [443 finished]
start relay-4-SLGNN-8-10003-0 on gpu 5
done relay-4-SLGNN-8-10002-0 (210s) [444 finished]
done relay-8-SLGNN-8-10002-0 (190s) [445 finished]
start relay-8-SLGNN-8-10003-0 on gpu 7
start relay-16-SLGNN-8-10003-0 on gpu 4
done relay-16-SLGNN-8-10002-0 (235s) [446 finished]
start balance-4-SLGNN-8-10003-0 on gpu 1
done balance-16-SLGNN-8-10002-0 (175s) [447 finished]
start balance-8-SLGNN-8-10003-0 on gpu 2
done balance-32-SLGNN-8-10001-0 (340s) [448 finished]
start balance-16-SLGNN-8-10003-0 on gpu 0
done balance-32-SLGNN-8-10002-0 (190s) [449 finished]
start balance-32-SLGNN-8-10003-0 on gpu 3
done relay-2-SLGNN-8-10003-0 (190s) [450 finished]
start relay-2-SLGNN-8-10004-0 on gpu 6
done relay-4-SLGNN-8-10003-0 (190s) [451 finished]
start relay-4-SLGNN-8-10004-0 on gpu 5
done relay-8-SLGNN-8-10003-0 (190s) [452 finished]
start relay-8-SLGNN-8-10004-0 on gpu 7
done relay-16-SLGNN-8-10003-0 (205s) [453 finished]
start relay-16-SLGNN-8-10004-0 on gpu 4
done balance-4-SLGNN-8-10003-0 (165s) [454 finished]
done balance-8-SLGNN-8-10003-0 (155s) [455 finished]
start balance-4-SLGNN-8-10004-0 on gpu 1
start balance-8-SLGNN-8-10004-0 on gpu 2
done balance-32-SLGNN-8-10003-0 (190s) [456 finished]
start balance-16-SLGNN-8-10004-0 on gpu 3
done relay-2-SLGNN-8-10004-0 (185s) [457 finished]
start balance-32-SLGNN-8-10004-0 on gpu 6
done relay-4-SLGNN-8-10004-0 (210s) [458 finished]
done balance-4-SLGNN-8-10004-0 (155s) [459 finished]
start relay-2-SGCN-32-10000-0 on gpu 5
start relay-4-SGCN-32-10000-0 on gpu 1
done balance-8-SLGNN-8-10004-0 (165s) [460 finished]
start relay-8-SGCN-32-10000-0 on gpu 2
done relay-8-SLGNN-8-10004-0 (195s) [461 finished]
start relay-16-SGCN-32-10000-0 on gpu 7
done relay-16-SLGNN-8-10004-0 (190s) [462 finished]
start balance-4-SGCN-32-10000-0 on gpu 4
done relay-2-SGCN-32-10000-0 (55s) [463 finished]
start balance-8-SGCN-32-10000-0 on gpu 5
done balance-16-SLGNN-8-10003-0 (360s) [464 finished]
start balance-16-SGCN-32-10000-0 on gpu 0
done relay-4-SGCN-32-10000-0 (65s) [465 finished]
start balance-32-SGCN-32-10000-0 on gpu 1
done balance-4-SGCN-32-10000-0 (55s) [466 finished]
start relay-2-SIDNET-32-10000-0 on gpu 4
done relay-8-SGCN-32-10000-0 (100s) [467 finished]
start relay-4-SIDNET-32-10000-0 on gpu 2
done relay-16-SGCN-32-10000-0 (110s) [468 finished]
start relay-8-SIDNET-32-10000-0 on gpu 7
done balance-8-SGCN-32-10000-0 (75s) [469 finished]
start relay-16-SIDNET-32-10000-0 on gpu 5
done relay-2-SIDNET-32-10000-0 (60s) [470 finished]
start balance-4-SIDNET-32-10000-0 on gpu 4
done balance-16-SLGNN-8-10004-0 (185s) [471 finished]
start balance-8-SIDNET-32-10000-0 on gpu 3
done balance-32-SLGNN-8-10004-0 (185s) [472 finished]
start balance-16-SIDNET-32-10000-0 on gpu 6
done relay-4-SIDNET-32-10000-0 (65s) [473 finished]
start balance-32-SIDNET-32-10000-0 on gpu 2
done balance-4-SIDNET-32-10000-0 (65s) [474 finished]
start relay-2-BGSD-32-10000-0 on gpu 4
done relay-8-SIDNET-32-10000-0 (90s) [475 finished]
start relay-4-BGSD-32-10000-0 on gpu 7
done balance-32-SGCN-32-10000-0 (165s) [476 finished]
done relay-16-SIDNET-32-10000-0 (100s) [477 finished]
start relay-8-BGSD-32-10000-0 on gpu 1
start relay-16-BGSD-32-10000-0 on gpu 5
done balance-8-SIDNET-32-10000-0 (95s) [478 finished]
start balance-4-BGSD-32-10000-0 on gpu 3
done relay-2-BGSD-32-10000-0 (40s) [479 finished]
start balance-8-BGSD-32-10000-0 on gpu 4
done relay-4-BGSD-32-10000-0 (45s) [480 finished]
start balance-16-BGSD-32-10000-0 on gpu 7
done balance-16-SIDNET-32-10000-0 (120s) [481 finished]
start balance-32-BGSD-32-10000-0 on gpu 6
done balance-16-SGCN-32-10000-0 (220s) [482 finished]
done relay-8-BGSD-32-10000-0 (50s) [483 finished]
done balance-4-BGSD-32-10000-0 (40s) [484 finished]
start relay-8-BGSD-32-10000-0-unsigned on gpu 0
start balance-16-BGSD-32-10000-0-unsigned on gpu 1
start relay-8-SIDNET-32-10000-0-unsigned on gpu 3
done relay-16-BGSD-32-10000-0 (60s) [485 finished]
start balance-16-SIDNET-32-10000-0-unsigned on gpu 5
done balance-8-BGSD-32-10000-0 (55s) [486 finished]
start relay-2-SGCN-32-10001-0 on gpu 4
done balance-16-BGSD-32-10000-0-unsigned (30s) [487 finished]
start relay-4-SGCN-32-10001-0 on gpu 1
done balance-16-BGSD-32-10000-0 (65s) [488 finished]
start relay-8-SGCN-32-10001-0 on gpu 7
done relay-8-SIDNET-32-10000-0-unsigned (55s) [489 finished]
start relay-16-SGCN-32-10001-0 on gpu 3
done balance-16-SIDNET-32-10000-0-unsigned (50s) [490 finished]
start balance-4-SGCN-32-10001-0 on gpu 5
done relay-8-BGSD-32-10000-0-unsigned (65s) [491 finished]
start balance-8-SGCN-32-10001-0 on gpu 0
done relay-2-SGCN-32-10001-0 (55s) [492 finished]
start balance-16-SGCN-32-10001-0 on gpu 4
done balance-32-BGSD-32-10000-0 (100s) [493 finished]
start balance-32-SGCN-32-10001-0 on gpu 6
done balance-32-SIDNET-32-10000-0 (200s) [494 finished]
start relay-2-SIDNET-32-10001-0 on gpu 2
done relay-4-SGCN-32-10001-0 (75s) [495 finished]
start relay-4-SIDNET-32-10001-0 on gpu 1
done balance-4-SGCN-32-10001-0 (55s) [496 finished]
start relay-8-SIDNET-32-10001-0 on gpu 5
done relay-8-SGCN-32-10001-0 (110s) [497 finished]
done relay-2-SIDNET-32-10001-0 (60s) [498 finished]
start relay-16-SIDNET-32-10001-0 on gpu 7
start balance-4-SIDNET-32-10001-0 on gpu 2
done relay-16-SGCN-32-10001-0 (115s) [499 finished]
done relay-4-SIDNET-32-10001-0 (65s) [500 finished]
start balance-8-SIDNET-32-10001-0 on gpu 3
start balance-16-SIDNET-32-10001-0 on gpu 1
done balance-16-SGCN-32-10001-0 (100s) [501 finished]
start balance-32-SIDNET-32-10001-0 on gpu 4
done balance-8-SGCN-32-10001-0 (120s) [502 finished]
start relay-2-BGSD-32-10001-0 on gpu 0
done relay-8-SIDNET-32-10001-0 (90s) [503 finished]
start relay-4-BGSD-32-10001-0 on gpu 5
done balance-4-SIDNET-32-10001-0 (65s) [504 finished]
start relay-8-BGSD-32-10001-0 on gpu 2
done relay-2-BGSD-32-10001-0 (60s) [505 finished]
start relay-16-BGSD-32-10001-0 on gpu 0
done relay-4-BGSD-32-10001-0 (45s) [506 finished]
start balance-4-BGSD-32-10001-0 on gpu 5
done relay-16-SIDNET-32-10001-0 (100s) [507 finished]
start balance-8-BGSD-32-10001-0 on gpu 7
done balance-32-SGCN-32-10001-0 (170s) [508 finished]
done balance-8-SIDNET-32-10001-0 (90s) [509 finished]
start balance-16-BGSD-32-10001-0 on gpu 6
start balance-32-BGSD-32-10001-0 on gpu 3
done relay-8-BGSD-32-10001-0 (55s) [510 finished]
start relay-8-BGSD-32-10001-0-unsigned on gpu 2
done balance-4-BGSD-32-10001-0 (40s) [511 finished]
start balance-16-BGSD-32-10001-0-unsigned on gpu 5
done balance-16-SIDNET-32-10001-0 (125s) [512 finished]
start relay-8-SIDNET-32-10001-0-unsigned on gpu 1
done relay-8-BGSD-32-10001-0-unsigned (35s) [513 finished]
start balance-16-SIDNET-32-10001-0-unsigned on gpu 2
done balance-16-BGSD-32-10001-0-unsigned (40s) [514 finished]
start relay-2-SGCN-32-10002-0 on gpu 5
done balance-8-BGSD-32-10001-0 (80s) [515 finished]
start relay-4-SGCN-32-10002-0 on gpu 7
done balance-16-BGSD-32-10001-0 (80s) [516 finished]
start relay-8-SGCN-32-10002-0 on gpu 6
done relay-8-SIDNET-32-10001-0-unsigned (50s) [517 finished]
start relay-16-SGCN-32-10002-0 on gpu 1
done balance-16-SIDNET-32-10001-0-unsigned (40s) [518 finished]
start balance-4-SGCN-32-10002-0 on gpu 2
done balance-32-BGSD-32-10001-0 (105s) [519 finished]
start balance-8-SGCN-32-10002-0 on gpu 3
done relay-16-BGSD-32-10001-0 (125s) [520 finished]
start balance-16-SGCN-32-10002-0 on gpu 0
done balance-32-SIDNET-32-10001-0 (205s) [521 finished]
start balance-32-SGCN-32-10002-0 on gpu 4
done relay-2-SGCN-32-10002-0 (55s) [522 finished]
start relay-2-SIDNET-32-10002-0 on gpu 5
done relay-4-SGCN-32-10002-0 (65s) [523 finished]
start relay-4-SIDNET-32-10002-0 on gpu 7
done balance-4-SGCN-32-10002-0 (55s) [524 finished]
start relay-8-SIDNET-32-10002-0 on gpu 2
done relay-8-SGCN-32-10002-0 (85s) [525 finished]
start relay-16-SIDNET-32-10002-0 on gpu 6
done balance-8-SGCN-32-10002-0 (75s) [526 finished]
start balance-4-SIDNET-32-10002-0 on gpu 3
done relay-2-SIDNET-32-10002-0 (60s) [527 finished]
start balance-8-SIDNET-32-10002-0 on gpu 5
done relay-4-SIDNET-32-10002-0 (65s) [528 finished]
start balance-16-SIDNET-32-10002-0 on gpu 7
done relay-16-SGCN-32-10002-0 (125s) [529 finished]
start balance-32-SIDNET-32-10002-0 on gpu 1
done relay-8-SIDNET-32-10002-0 (95s) [530 finished]
start relay-2-BGSD-32-10002-0 on gpu 2
done balance-4-SIDNET-32-10002-0 (70s) [531 finished]
start relay-4-BGSD-32-10002-0 on gpu 3
done balance-16-SGCN-32-10002-0 (170s) [532 finished]
done relay-2-BGSD-32-10002-0 (40s) [533 finished]
start relay-8-BGSD-32-10002-0 on gpu 0
start relay-16-BGSD-32-10002-0 on gpu 2
done balance-32-SGCN-32-10002-0 (165s) [534 finished]
done balance-8-SIDNET-32-10002-0 (100s) [535 finished]
start balance-4-BGSD-32-10002-0 on gpu 4
start balance-8-BGSD-32-10002-0 on gpu 5
done relay-16-SIDNET-32-10002-0 (125s) [536 finished]
start balance-16-BGSD-32-10002-0 on gpu 6
done relay-4-BGSD-32-10002-0 (45s) [537 finished]
start balance-32-BGSD-32-10002-0 on gpu 3
done balance-4-BGSD-32-10002-0 (40s) [538 finished]
start relay-8-BGSD-32-10002-0-unsigned on gpu 4
done balance-16-SIDNET-32-10002-0 (130s) [539 finished]
start balance-16-BGSD-32-10002-0-unsigned on gpu 7
done relay-16-BGSD-32-10002-0 (60s) [540 finished]
start relay-8-SIDNET-32-10002-0-unsigned on gpu 2
done balance-8-BGSD-32-10002-0 (70s) [541 finished]
start balance-16-SIDNET-32-10002-0-unsigned on gpu 5
done relay-8-BGSD-32-10002-0 (80s) [542 finished]
done relay-8-BGSD-32-10002-0-unsigned (35s) [543 finished]
start relay-2-SGCN-32-10003-0 on gpu 0
start relay-4-SGCN-32-10003-0 on gpu 4
done balance-16-BGSD-32-10002-0 (75s) [544 finished]
done balance-16-BGSD-32-10002-0-unsigned (30s) [545 finished]
start relay-8-SGCN-32-10003-0 on gpu 6
start relay-16-SGCN-32-10003-0 on gpu 7
done relay-8-SIDNET-32-10002-0-unsigned (60s) [546 finished]
start balance-4-SGCN-32-10003-0 on gpu 2
done balance-32-SIDNET-32-10002-0 (200s) [547 finished]
start balance-8-SGCN-32-10003-0 on gpu 1
done balance-32-BGSD-32-10002-0 (120s) [548 finished]
done balance-16-SIDNET-32-10002-0-unsigned (60s) [549 finished]
start balance-16-SGCN-32-10003-0 on gpu 3
start balance-32-SGCN-32-10003-0 on gpu 5
done relay-4-SGCN-32-10003-0 (70s) [550 finished]
start relay-2-SIDNET-32-10003-0 on gpu 4
done relay-2-SGCN-32-10003-0 (85s) [551 finished]
done relay-8-SGCN-32-10003-0 (80s) [552 finished]
start relay-4-SIDNET-32-10003-0 on gpu 0
start relay-8-SIDNET-32-10003-0 on gpu 6
done balance-4-SGCN-32-10003-0 (55s) [553 finished]
start relay-16-SIDNET-32-10003-0 on gpu 2
done relay-16-SGCN-32-10003-0 (115s) [554 finished]
start balance-4-SIDNET-32-10003-0 on gpu 7
done balance-8-SGCN-32-10003-0 (80s) [555 finished]
done relay-2-SIDNET-32-10003-0 (60s) [556 finished]
start balance-8-SIDNET-32-10003-0 on gpu 1
start balance-16-SIDNET-32-10003-0 on gpu 4
done balance-16-SGCN-32-10003-0 (100s) [557 finished]
start balance-32-SIDNET-32-10003-0 on gpu 3
done relay-8-SIDNET-32-10003-0 (95s) [558 finished]
start relay-2-BGSD-32-10003-0 on gpu 6
done balance-4-SIDNET-32-10003-0 (65s) [559 finished]
start relay-4-BGSD-32-10003-0 on gpu 7
done relay-4-SIDNET-32-10003-0 (110s) [560 finished]
start relay-8-BGSD-32-10003-0 on gpu 0
done relay-16-SIDNET-32-10003-0 (110s) [561 finished]
start relay-16-BGSD-32-10003-0 on gpu 2
done relay-2-BGSD-32-10003-0 (40s) [562 finished]
start balance-4-BGSD-32-10003-0 on gpu 6
done balance-8-SIDNET-32-10003-0 (100s) [563 finished]
done relay-4-BGSD-32-10003-0 (45s) [564 finished]
start balance-8-BGSD-32-10003-0 on gpu 1
start balance-16-BGSD-32-10003-0 on gpu 7
done balance-32-SGCN-32-10003-0 (200s) [565 finished]
start balance-32-BGSD-32-10003-0 on gpu 5
done balance-16-SIDNET-32-10003-0 (130s) [566 finished]
done balance-4-BGSD-32-10003-0 (40s) [567 finished]
start relay-8-BGSD-32-10003-0-unsigned on gpu 4
start balance-16-BGSD-32-10003-0-unsigned on gpu 6
done relay-16-BGSD-32-10003-0 (60s) [568 finished]
start relay-8-SIDNET-32-10003-0-unsigned on gpu 2
done relay-8-BGSD-32-10003-0 (75s) [569 finished]
start balance-16-SIDNET-32-10003-0-unsigned on gpu 0
done balance-8-BGSD-32-10003-0 (50s) [570 finished]
start relay-2-SGCN-32-10004-0 on gpu 1
done balance-16-BGSD-32-10003-0-unsigned (30s) [571 finished]
start relay-4-SGCN-32-10004-0 on gpu 6
done balance-16-BGSD-32-10003-0 (65s) [572 finished]
start relay-8-SGCN-32-10004-0 on gpu 7
done relay-8-BGSD-32-10003-0-unsigned (40s) [573 finished]
start relay-16-SGCN-32-10004-0 on gpu 4
done relay-8-SIDNET-32-10003-0-unsigned (50s) [574 finished]
start balance-4-SGCN-32-10004-0 on gpu 2
done relay-2-SGCN-32-10004-0 (60s) [575 finished]
start balance-8-SGCN-32-10004-0 on gpu 1
done balance-16-SIDNET-32-10003-0-unsigned (75s) [576 finished]
start balance-16-SGCN-32-10004-0 on gpu 0
done balance-32-SIDNET-32-10003-0 (200s) [577 finished]
done balance-32-BGSD-32-10003-0 (100s) [578 finished]
start balance-32-SGCN-32-10004-0 on gpu 3
start relay-2-SIDNET-32-10004-0 on gpu 5
done relay-4-SGCN-32-10004-0 (80s) [579 finished]
done balance-4-SGCN-32-10004-0 (55s) [580 finished]
start relay-4-SIDNET-32-10004-0 on gpu 6
start relay-8-SIDNET-32-10004-0 on gpu 2
done relay-8-SGCN-32-10004-0 (95s) [581 finished]
start relay-16-SIDNET-32-10004-0 on gpu 7
done relay-16-SGCN-32-10004-0 (105s) [582 finished]
start balance-4-SIDNET-32-10004-0 on gpu 4
done balance-8-SGCN-32-10004-0 (75s) [583 finished]
done relay-2-SIDNET-32-10004-0 (60s) [584 finished]
start balance-8-SIDNET-32-10004-0 on gpu 1
start balance-16-SIDNET-32-10004-0 on gpu 5
done relay-4-SIDNET-32-10004-0 (65s) [585 finished]
start balance-32-SIDNET-32-10004-0 on gpu 6
done relay-8-SIDNET-32-10004-0 (90s) [586 finished]
start relay-2-BGSD-32-10004-0 on gpu 2
done balance-4-SIDNET-32-10004-0 (65s) [587 finished]
start relay-4-BGSD-32-10004-0 on gpu 4
done relay-16-SIDNET-32-10004-0 (100s) [588 finished]
start relay-8-BGSD-32-10004-0 on gpu 7
done relay-2-BGSD-32-10004-0 (40s) [589 finished]
start relay-16-BGSD-32-10004-0 on gpu 2
done relay-4-BGSD-32-10004-0 (45s) [590 finished]
start balance-4-BGSD-32-10004-0 on gpu 4
done balance-32-SGCN-32-10004-0 (175s) [591 finished]
done balance-8-SIDNET-32-10004-0 (115s) [592 finished]
start balance-8-BGSD-32-10004-0 on gpu 3
start balance-16-BGSD-32-10004-0 on gpu 1
done balance-16-SIDNET-32-10004-0 (120s) [593 finished]
start balance-32-BGSD-32-10004-0 on gpu 5
done relay-8-BGSD-32-10004-0 (65s) [594 finished]
done balance-4-BGSD-32-10004-0 (40s) [595 finished]
start relay-8-BGSD-32-10004-0-unsigned on gpu 7
start balance-16-BGSD-32-10004-0-unsigned on gpu 4
done balance-16-SGCN-32-10004-0 (220s) [596 finished]
done relay-16-BGSD-32-10004-0 (65s) [597 finished]
start relay-8-SIDNET-32-10004-0-unsigned on gpu 0
start balance-16-SIDNET-32-10004-0-unsigned on gpu 2
done balance-16-BGSD-32-10004-0-unsigned (30s) [598 finished]
start SLGNN-bitcoin_otc-2-10000-spectral on gpu 4
done balance-16-BGSD-32-10004-0 (65s) [599 finished]
start SLGNN-bitcoin_otc-2-10001-spectral on gpu 1
done balance-16-SIDNET-32-10004-0-unsigned (40s) [600 finished]
start SLGNN-bitcoin_otc-2-10002-spectral on gpu 2
done balance-8-BGSD-32-10004-0 (80s) [601 finished]
done relay-8-BGSD-32-10004-0-unsigned (55s) [602 finished]
start SLGNN-bitcoin_otc-2-10003-spectral on gpu 3
start SLGNN-bitcoin_otc-2-10004-spectral on gpu 7
done balance-32-SIDNET-32-10004-0 (200s) [603 finished]
done balance-32-BGSD-32-10004-0 (100s) [604 finished]
start SGCN-wiki_elec-2-10000-spectral on gpu 6
start SGCN-wiki_elec-2-10000-random on gpu 5
done SGCN-wiki_elec-2-10000-spectral (20s) [605 finished]
start SIDNET-wiki_elec-2-10000-spectral on gpu 6
done SGCN-wiki_elec-2-10000-random (25s) [606 finished]
start SIDNET-wiki_elec-2-10000-random on gpu 5
done relay-8-SIDNET-32-10004-0-unsigned (110s) [607 finished]
start BGSD-wiki_elec-2-10000-spectral on gpu 0
done SLGNN-bitcoin_otc-2-10000-spectral (95s) [608 finished]
start BGSD-wiki_elec-2-10000-random on gpu 4
done SIDNET-wiki_elec-2-10000-spectral (30s) [609 finished]
start SGCN-wiki_elec-2-10001-spectral on gpu 6
done SIDNET-wiki_elec-2-10000-random (30s) [610 finished]
start SGCN-wiki_elec-2-10001-random on gpu 5
done SLGNN-bitcoin_otc-2-10001-spectral (105s) [611 finished]
done BGSD-wiki_elec-2-10000-random (20s) [612 finished]
start SIDNET-wiki_elec-2-10001-spectral on gpu 1
start SIDNET-wiki_elec-2-10001-random on gpu 4
done SLGNN-bitcoin_otc-2-10002-spectral (100s) [613 finished]
done SLGNN-bitcoin_otc-2-10003-spectral (95s) [614 finished]
done BGSD-wiki_elec-2-10000-spectral (30s) [615 finished]
done SGCN-wiki_elec-2-10001-spectral (20s) [616 finished]
start BGSD-wiki_elec-2-10001-spectral on gpu 2
start BGSD-wiki_elec-2-10001-random on gpu 3
start SGCN-wiki_elec-2-10002-spectral on gpu 0
start SGCN-wiki_elec-2-10002-random on gpu 6
done SLGNN-bitcoin_otc-2-10004-spectral (100s) [617 finished]
start SIDNET-wiki_elec-2-10002-spectral on gpu 7
done SGCN-wiki_elec-2-10001-random (25s) [618 finished]
start SIDNET-wiki_elec-2-10002-random on gpu 5
done BGSD-wiki_elec-2-10001-spectral (20s) [619 finished]
done BGSD-wiki_elec-2-10001-random (20s) [620 finished]
start BGSD-wiki_elec-2-10002-spectral on gpu 2
start BGSD-wiki_elec-2-10002-random on gpu 3
done SIDNET-wiki_elec-2-10001-spectral (30s) [621 finished]
done SIDNET-wiki_elec-2-10001-random (30s) [622 finished]
done SGCN-wiki_elec-2-10002-random (25s) [623 finished]
start SGCN-wiki_elec-2-10003-spectral on gpu 1
start SGCN-wiki_elec-2-10003-random on gpu 4
start SIDNET-wiki_elec-2-10003-spectral on gpu 6
done SGCN-wiki_elec-2-10002-spectral (35s) [624 finished]
done SIDNET-wiki_elec-2-10002-spectral (30s) [625 finished]
start SIDNET-wiki_elec-2-10003-random on gpu 0
start BGSD-wiki_elec-2-10003-spectral on gpu 7
done SIDNET-wiki_elec-2-10002-random (30s) [626 finished]
done BGSD-wiki_elec-2-10002-spectral (20s) [627 finished]
done BGSD-wiki_elec-2-10002-random (20s) [628 finished]
start BGSD-wiki_elec-2-10003-random on gpu 5
start SGCN-wiki_elec-2-10004-spectral on gpu 2
start SGCN-wiki_elec-2-10004-random on gpu 3
done SGCN-wiki_elec-2-10003-spectral (20s) [629 finished]
start SIDNET-wiki_elec-2-10004-spectral on gpu 1
done SGCN-wiki_elec-2-10003-random (25s) [630 finished]
start SIDNET-wiki_elec-2-10004-random on gpu 4
done SIDNET-wiki_elec-2-10003-spectral (30s) [631 finished]
done BGSD-wiki_elec-2-10003-spectral (20s) [632 finished]
start BGSD-wiki_elec-2-10004-spectral on gpu 6
start BGSD-wiki_elec-2-10004-random on gpu 7
done BGSD-wiki_elec-2-10003-random (20s) [633 finished]
done SGCN-wiki_elec-2-10004-spectral (20s) [634 finished]
start SGCN-bitcoin_otc-8-10000-spectral on gpu 5
start SIDNET-bitcoin_otc-8-10000-spectral on gpu 2
done SGCN-wiki_elec-2-10004-random (25s) [635 finished]
start BGSD-bitcoin_otc-8-10000-spectral on gpu 3
done SIDNET-wiki_elec-2-10004-spectral (30s) [636 finished]
done BGSD-wiki_elec-2-10004-spectral (20s) [637 finished]
done BGSD-wiki_elec-2-10004-random (20s) [638 finished]
start SGCN-bitcoin_otc-8-10001-spectral on gpu 1
start SIDNET-bitcoin_otc-8-10001-spectral on gpu 6
start BGSD-bitcoin_otc-8-10001-spectral on gpu 7
done SIDNET-wiki_elec-2-10003-random (45s) [639 finished]
done SIDNET-wiki_elec-2-10004-random (30s) [640 finished]
start SGCN-bitcoin_otc-8-10002-spectral on gpu 0
start SIDNET-bitcoin_otc-8-10002-spectral on gpu 4
done BGSD-bitcoin_otc-8-10000-spectral (40s) [641 finished]
start BGSD-bitcoin_otc-8-10002-spectral on gpu 3
done BGSD-bitcoin_otc-8-10001-spectral (40s) [642 finished]
start SGCN-bitcoin_otc-8-10003-spectral on gpu 7
done SGCN-bitcoin_otc-8-10000-spectral (65s) [643 finished]
start SIDNET-bitcoin_otc-8-10003-spectral on gpu 5
done SIDNET-bitcoin_otc-8-10000-spectral (70s) [644 finished]
done SGCN-bitcoin_otc-8-10001-spectral (55s) [645 finished]
start BGSD-bitcoin_otc-8-10003-spectral on gpu 2
start SGCN-bitcoin_otc-8-10004-spectral on gpu 1
done SIDNET-bitcoin_otc-8-10001-spectral (65s) [646 finished]
start SIDNET-bitcoin_otc-8-10004-spectral on gpu 6
done SIDNET-bitcoin_otc-8-10002-spectral (65s) [647 finished]
done BGSD-bitcoin_otc-8-10002-spectral (40s) [648 finished]
start BGSD-bitcoin_otc-8-10004-spectral on gpu 4
start SLGNN-bitcoin_alpha-2-10000-spectral on gpu 3
done SGCN-bitcoin_otc-8-10002-spectral (90s) [649 finished]
done BGSD-bitcoin_otc-8-10003-spectral (40s) [650 finished]
start SLGNN-bitcoin_alpha-2-10000-random on gpu 0
start SLGNN-bitcoin_alpha-2-10001-spectral on gpu 2
done SGCN-bitcoin_otc-8-10003-spectral (60s) [651 finished]
start SLGNN-bitcoin_alpha-2-10001-random on gpu 7
done BGSD-bitcoin_otc-8-10004-spectral (40s) [652 finished]
start SLGNN-bitcoin_alpha-2-10002-spectral on gpu 4
done SIDNET-bitcoin_otc-8-10003-spectral (65s) [653 finished]
start SLGNN-bitcoin_alpha-2-10002-random on gpu 5
done SGCN-bitcoin_otc-8-10004-spectral (65s) [654 finished]
start SLGNN-bitcoin_alpha-2-10003-spectral on gpu 1
done SIDNET-bitcoin_otc-8-10004-spectral (65s) [655 finished]
start SLGNN-bitcoin_alpha-2-10003-random on gpu 6
done SLGNN-bitcoin_alpha-2-10000-spectral (80s) [656 finished]
start SLGNN-bitcoin_alpha-2-10004-spectral on gpu 3
done SLGNN-bitcoin_alpha-2-10001-spectral (75s) [657 finished]
start SLGNN-bitcoin_alpha-2-10004-random on gpu 2
done SLGNN-bitcoin_alpha-2-10001-random (75s) [658 finished]
start SGCN-bitcoin_alpha-8-10000-spectral on gpu 7
done SLGNN-bitcoin_alpha-2-10002-spectral (75s) [659 finished]
done SLGNN-bitcoin_alpha-2-10002-random (70s) [660 finished]
start SGCN-bitcoin_alpha-8-10000-random on gpu 4
start SIDNET-bitcoin_alpha-8-10000-spectral on gpu 5
done SLGNN-bitcoin_alpha-2-10003-spectral (75s) [661 finished]
start SIDNET-bitcoin_alpha-8-10000-random on gpu 1
done SLGNN-bitcoin_alpha-2-10003-random (75s) [662 finished]
start BGSD-bitcoin_alpha-8-10000-spectral on gpu 6
done SLGNN-bitcoin_alpha-2-10000-random (115s) [663 finished]
start BGSD-bitcoin_alpha-8-10000-random on gpu 0
done SLGNN-bitcoin_alpha-2-10004-spectral (75s) [664 finished]
start SGCN-bitcoin_alpha-8-10001-spectral on gpu 3
done SGCN-bitcoin_alpha-8-10000-spectral (55s) [665 finished]
done SIDNET-bitcoin_alpha-8-10000-spectral (45s) [666 finished]
start SGCN-bitcoin_alpha-8-10001-random on gpu 7
start SIDNET-bitcoin_alpha-8-10001-spectral on gpu 5
done SGCN-bitcoin_alpha-8-10000-random (55s) [667 finished]
start SIDNET-bitcoin_alpha-8-10001-random on gpu 4
done SIDNET-bitcoin_alpha-8-10000-random (50s) [668 finished]
done BGSD-bitcoin_alpha-8-10000-spectral (40s) [669 finished]
start BGSD-bitcoin_alpha-8-10001-spectral on gpu 1
start BGSD-bitcoin_alpha-8-10001-random on gpu 6
done SLGNN-bitcoin_alpha-2-10004-random (80s) [670 finished]
start SGCN-bitcoin_alpha-8-10002-spectral on gpu 2
done BGSD-bitcoin_alpha-8-10000-random (50s) [671 finished]
start SGCN-bitcoin_alpha-8-10002-random on gpu 0
done SIDNET-bitcoin_alpha-8-10001-spectral (45s) [672 finished]
start SIDNET-bitcoin_alpha-8-10002-spectral on gpu 5
done SGCN-bitcoin_alpha-8-10001-spectral (55s) [673 finished]
done BGSD-bitcoin_alpha-8-10001-spectral (35s) [674 finished]
done BGSD-bitcoin_alpha-8-10001-random (35s) [675 finished]
start SIDNET-bitcoin_alpha-8-10002-random on gpu 3
start BGSD-bitcoin_alpha-8-10002-spectral on gpu 1
start BGSD-bitcoin_alpha-8-10002-random on gpu 6
done SIDNET-bitcoin_alpha-8-10001-random (45s) [676 finished]
start SGCN-bitcoin_alpha-8-10003-spectral on gpu 4
done SGCN-bitcoin_alpha-8-10001-random (60s) [677 finished]
start SGCN-bitcoin_alpha-8-10003-random on gpu 7
done SGCN-bitcoin_alpha-8-10002-spectral (55s) [678 finished]
start SIDNET-bitcoin_alpha-8-10003-spectral on gpu 2
done BGSD-bitcoin_alpha-8-10002-spectral (35s) [679 finished]
done BGSD-bitcoin_alpha-8-10002-random (35s) [680 finished]
start SIDNET-bitcoin_alpha-8-10003-random on gpu 1
start BGSD-bitcoin_alpha-8-10003-spectral on gpu 6
done SIDNET-bitcoin_alpha-8-10002-spectral (45s) [681 finished]
start BGSD-bitcoin_alpha-8-10003-random on gpu 5
done SIDNET-bitcoin_alpha-8-10002-random (45s) [682 finished]
start SGCN-bitcoin_alpha-8-10004-spectral on gpu 3
done SGCN-bitcoin_alpha-8-10002-random (75s) [683 finished]
start SGCN-bitcoin_alpha-8-10004-random on gpu 0
done SGCN-bitcoin_alpha-8-10003-spectral (60s) [684 finished]
start SIDNET-bitcoin_alpha-8-10004-spectral on gpu 4
done SGCN-bitcoin_alpha-8-10003-random (60s) [685 finished]
done SIDNET-bitcoin_alpha-8-10003-spectral (45s) [686 finished]
done BGSD-bitcoin_alpha-8-10003-spectral (35s) [687 finished]
start SIDNET-bitcoin_alpha-8-10004-random on gpu 7
start BGSD-bitcoin_alpha-8-10004-spectral on gpu 2
start BGSD-bitcoin_alpha-8-10004-random on gpu 6
done BGSD-bitcoin_alpha-8-10003-random (35s) [688 finished]
start relay-2-SGCN-8-10000-0 on gpu 5
done SIDNET-bitcoin_alpha-8-10003-random (45s) [689 finished]
start relay-4-SGCN-8-10000-0 on gpu 1
done relay-2-SGCN-8-10000-0 (20s) [690 finished]
start relay-8-SGCN-8-10000-0 on gpu 5
done SGCN-bitcoin_alpha-8-10004-spectral (60s) [691 finished]
done BGSD-bitcoin_alpha-8-10004-spectral (35s) [692 finished]
done BGSD-bitcoin_alpha-8-10004-random (35s) [693 finished]
done relay-4-SGCN-8-10000-0 (25s) [694 finished]
start relay-16-SGCN-8-10000-0 on gpu 3
start balance-4-SGCN-8-10000-0 on gpu 2
start balance-8-SGCN-8-10000-0 on gpu 6
start balance-16-SGCN-8-10000-0 on gpu 1
done SIDNET-bitcoin_alpha-8-10004-spectral (45s) [695 finished]
start balance-32-SGCN-8-10000-0 on gpu 4
done SIDNET-bitcoin_alpha-8-10004-random (45s) [696 finished]
start relay-2-SIDNET-8-10000-0 on gpu 7
done SGCN-bitcoin_alpha-8-10004-random (70s) [697 finished]
done relay-8-SGCN-8-10000-0 (30s) [698 finished]
done balance-4-SGCN-8-10000-0 (20s) [699 finished]
start relay-4-SIDNET-8-10000-0 on gpu 0
start relay-8-SIDNET-8-10000-0 on gpu 5
start relay-16-SIDNET-8-10000-0 on gpu 2
done relay-16-SGCN-8-10000-0 (30s) [700 finished]
done balance-16-SGCN-8-10000-0 (30s) [701 finished]
done relay-2-SIDNET-8-10000-0 (20s) [702 finished]
start balance-4-SIDNET-8-10000-0 on gpu 3
start balance-8-SIDNET-8-10000-0 on gpu 1
start balance-16-SIDNET-8-10000-0 on gpu 7
done balance-8-SGCN-8-10000-0 (40s) [703 finished]
start balance-32-SIDNET-8-10000-0 on gpu 6
done balance-32-SGCN-8-10000-0 (40s) [704 finished]
start relay-2-BGSD-8-10000-0 on gpu 4
done relay-16-SIDNET-8-10000-0 (30s) [705 finished]
start relay-4-BGSD-8-10000-0 on gpu 2
done relay-8-SIDNET-8-10000-0 (35s) [706 finished]
start relay-8-BGSD-8-10000-0 on gpu 5
done relay-4-SIDNET-8-10000-0 (40s) [707 finished]
done balance-4-SIDNET-8-10000-0 (30s) [708 finished]
done relay-2-BGSD-8-10000-0 (15s) [709 finished]
start relay-16-BGSD-8-10000-0 on gpu 0
start balance-4-BGSD-8-10000-0 on gpu 3
start balance-8-BGSD-8-10000-0 on gpu 4
done balance-8-SIDNET-8-10000-0 (40s) [710 finished]
done relay-4-BGSD-8-10000-0 (20s) [711 finished]
start balance-16-BGSD-8-10000-0 on gpu 1
start balance-32-BGSD-8-10000-0 on gpu 2
done balance-4-BGSD-8-10000-0 (20s) [712 finished]
done balance-8-BGSD-8-10000-0 (20s) [713 finished]
start relay-2-SGCN-8-10001-0 on gpu 3
start relay-4-SGCN-8-10001-0 on gpu 4
done balance-16-SIDNET-8-10000-0 (55s) [714 finished]
done relay-8-BGSD-8-10000-0 (30s) [715 finished]
start relay-8-SGCN-8-10001-0 on gpu 7
start relay-16-SGCN-8-10001-0 on gpu 5
done relay-16-BGSD-8-10000-0 (30s) [716 finished]
start balance-4-SGCN-8-10001-0 on gpu 0
done balance-32-SIDNET-8-10000-0 (55s) [717 finished]
done balance-16-BGSD-8-10000-0 (25s) [718 finished]
done balance-32-BGSD-8-10000-0 (25s) [719 finished]
start balance-8-SGCN-8-10001-0 on gpu 6
start balance-16-SGCN-8-10001-0 on gpu 1
start balance-32-SGCN-8-10001-0 on gpu 2
done relay-2-SGCN-8-10001-0 (20s) [720 finished]
start relay-2-SIDNET-8-10001-0 on gpu 3
done relay-4-SGCN-8-10001-0 (25s) [721 finished]
start relay-4-SIDNET-8-10001-0 on gpu 4
done relay-8-SGCN-8-10001-0 (30s) [722 finished]
done relay-16-SGCN-8-10001-0 (30s) [723 finished]
start relay-8-SIDNET-8-10001-0 on gpu 7
start relay-16-SIDNET-8-10001-0 on gpu 5
done balance-4-SGCN-8-10001-0 (30s) [724 finished]
start balance-4-SIDNET-8-10001-0 on gpu 0
done relay-2-SIDNET-8-10001-0 (25s) [725 finished]
start balance-8-SIDNET-8-10001-0 on gpu 3
done balance-16-SGCN-8-10001-0 (35s) [726 finished]
done balance-32-SGCN-8-10001-0 (35s) [727 finished]
done relay-4-SIDNET-8-10001-0 (25s) [728 finished]
start balance-16-SIDNET-8-10001-0 on gpu 1
start balance-32-SIDNET-8-10001-0 on gpu 2
start relay-2-BGSD-8-10001-0 on gpu 4
done balance-8-SGCN-8-10001-0 (40s) [729 finished]
start relay-4-BGSD-8-10001-0 on gpu 6
done relay-8-SIDNET-8-10001-0 (30s) [730 finished]
done relay-16-SIDNET-8-10001-0 (30s) [731 finished]
done relay-2-BGSD-8-10001-0 (15s) [732 finished]
start relay-8-BGSD-8-10001-0 on gpu 7
start relay-16-BGSD-8-10001-0 on gpu 5
start balance-4-BGSD-8-10001-0 on gpu 4
done relay-4-BGSD-8-10001-0 (20s) [733 finished]
start balance-8-BGSD-8-10001-0 on gpu 6
done balance-8-SIDNET-8-10001-0 (35s) [734 finished]
done balance-4-BGSD-8-10001-0 (15s) [735 finished]
start balance-16-BGSD-8-10001-0 on gpu 3
start balance-32-BGSD-8-10001-0 on gpu 4
done balance-4-SIDNET-8-10001-0 (45s) [736 finished]
start relay-2-SGCN-8-10002-0 on gpu 0
done relay-8-BGSD-8-10001-0 (25s) [737 finished]
done relay-16-BGSD-8-10001-0 (25s) [738 finished]
start relay-4-SGCN-8-10002-0 on gpu 7
start relay-8-SGCN-8-10002-0 on gpu 5
done balance-8-BGSD-8-10001-0 (20s) [739 finished]
start relay-16-SGCN-8-10002-0 on gpu 6
done balance-16-SIDNET-8-10001-0 (50s) [740 finished]
done balance-32-SIDNET-8-10001-0 (50s) [741 finished]
start balance-4-SGCN-8-10002-0 on gpu 1
start balance-8-SGCN-8-10002-0 on gpu 2
done balance-16-BGSD-8-10001-0 (25s) [742 finished]
done balance-32-BGSD-8-10001-0 (25s) [743 finished]
start balance-16-SGCN-8-10002-0 on gpu 3
start balance-32-SGCN-8-10002-0 on gpu 4
done relay-2-SGCN-8-10002-0 (30s) [744 finished]
done relay-4-SGCN-8-10002-0 (25s) [745 finished]
done relay-8-SGCN-8-10002-0 (25s) [746 finished]
start relay-2-SIDNET-8-10002-0 on gpu 0
start relay-4-SIDNET-8-10002-0 on gpu 7
start relay-8-SIDNET-8-10002-0 on gpu 5
done balance-4-SGCN-8-10002-0 (20s) [747 finished]
start relay-16-SIDNET-8-10002-0 on gpu 1
done relay-16-SGCN-8-10002-0 (30s) [748 finished]
start balance-4-SIDNET-8-10002-0 on gpu 6
done balance-8-SGCN-8-10002-0 (40s) [749 finished]
done balance-16-SGCN-8-10002-0 (35s) [750 finished]
done balance-32-SGCN-8-10002-0 (35s) [751 finished]
done relay-4-SIDNET-8-10002-0 (25s) [752 finished]
start balance-8-SIDNET-8-10002-0 on gpu 2
start balance-16-SIDNET-8-10002-0 on gpu 3
start balance-32-SIDNET-8-10002-0 on gpu 4
start relay-2-BGSD-8-10002-0 on gpu 7
done relay-2-SIDNET-8-10002-0 (35s) [753 finished]
done relay-8-SIDNET-8-10002-0 (35s) [754 finished]
done balance-4-SIDNET-8-10002-0 (25s) [755 finished]
start relay-4-BGSD-8-10002-0 on gpu 0
start relay-8-BGSD-8-10002-0 on gpu 5
start relay-16-BGSD-8-10002-0 on gpu 6
done relay-16-SIDNET-8-10002-0 (35s) [756 finished]
done relay-2-BGSD-8-10002-0 (15s) [757 finished]
start balance-4-BGSD-8-10002-0 on gpu 1
start balance-8-BGSD-8-10002-0 on gpu 7
done relay-8-BGSD-8-10002-0 (20s) [758 finished]
start balance-16-BGSD-8-10002-0 on gpu 5
done relay-4-BGSD-8-10002-0 (25s) [759 finished]
done relay-16-BGSD-8-10002-0 (25s) [760 finished]
done balance-4-BGSD-8-10002-0 (20s) [761 finished]
done balance-8-BGSD-8-10002-0 (20s) [762 finished]
start balance-32-BGSD-8-10002-0 on gpu 0
start relay-2-SGCN-8-10003-0 on gpu 6
start relay-4-SGCN-8-10003-0 on gpu 1
start relay-8-SGCN-8-10003-0 on gpu 7
done balance-8-SIDNET-8-10002-0 (40s) [763 finished]
start relay-16-SGCN-8-10003-0 on gpu 2
done balance-16-SIDNET-8-10002-0 (50s) [764 finished]
done balance-32-SIDNET-8-10002-0 (50s) [765 finished]
start balance-4-SGCN-8-10003-0 on gpu 3
start balance-8-SGCN-8-10003-0 on gpu 4
done balance-16-BGSD-8-10002-0 (25s) [766 finished]
done relay-2-SGCN-8-10003-0 (20s) [767 finished]
start balance-16-SGCN-8-10003-0 on gpu 5
start balance-32-SGCN-8-10003-0 on gpu 6
done relay-4-SGCN-8-10003-0 (25s) [768 finished]
done relay-8-SGCN-8-10003-0 (25s) [769 finished]
start relay-2-SIDNET-8-10003-0 on gpu 1
start relay-4-SIDNET-8-10003-0 on gpu 7
done relay-16-SGCN-8-10003-0 (30s) [770 finished]
done balance-4-SGCN-8-10003-0 (20s) [771 finished]
start relay-8-SIDNET-8-10003-0 on gpu 2
start relay-16-SIDNET-8-10003-0 on gpu 3
done balance-32-BGSD-8-10002-0 (40s) [772 finished]
done balance-8-SGCN-8-10003-0 (25s) [773 finished]
start balance-4-SIDNET-8-10003-0 on gpu 0
start balance-8-SIDNET-8-10003-0 on gpu 4
done relay-2-SIDNET-8-10003-0 (25s) [774 finished]
done relay-4-SIDNET-8-10003-0 (25s) [775 finished]
start balance-16-SIDNET-8-10003-0 on gpu 1
start balance-32-SIDNET-8-10003-0 on gpu 7
done balance-16-SGCN-8-10003-0 (35s) [776 finished]
done balance-32-SGCN-8-10003-0 (35s) [777 finished]
start relay-2-BGSD-8-10003-0 on gpu 5
start relay-4-BGSD-8-10003-0 on gpu 6
done relay-8-SIDNET-8-10003-0 (30s) [778 finished]
start relay-8-BGSD-8-10003-0 on gpu 2
done relay-16-SIDNET-8-10003-0 (35s) [779 finished]
done relay-2-BGSD-8-10003-0 (15s) [780 finished]
start relay-16-BGSD-8-10003-0 on gpu 3
start balance-4-BGSD-8-10003-0 on gpu 5
done balance-8-SIDNET-8-10003-0 (35s) [781 finished]
done relay-4-BGSD-8-10003-0 (20s) [782 finished]
start balance-8-BGSD-8-10003-0 on gpu 4
start balance-16-BGSD-8-10003-0 on gpu 6
done balance-4-SIDNET-8-10003-0 (40s) [783 finished]
start balance-32-BGSD-8-10003-0 on gpu 0
done relay-8-BGSD-8-10003-0 (20s) [784 finished]
done balance-4-BGSD-8-10003-0 (15s) [785 finished]
start relay-2-SGCN-8-10004-0 on gpu 2
start relay-4-SGCN-8-10004-0 on gpu 5
done relay-16-BGSD-8-10003-0 (25s) [786 finished]
done balance-8-BGSD-8-10003-0 (20s) [787 finished]
start relay-8-SGCN-8-10004-0 on gpu 3
start relay-16-SGCN-8-10004-0 on gpu 4
done balance-16-SIDNET-8-10003-0 (50s) [788 finished]
done balance-32-SIDNET-8-10003-0 (50s) [789 finished]
done balance-16-BGSD-8-10003-0 (25s) [790 finished]
start balance-4-SGCN-8-10004-0 on gpu 1
start balance-8-SGCN-8-10004-0 on gpu 7
start balance-16-SGCN-8-10004-0 on gpu 6
done relay-2-SGCN-8-10004-0 (20s) [791 finished]
start balance-32-SGCN-8-10004-0 on gpu 2
done relay-4-SGCN-8-10004-0 (25s) [792 finished]
start relay-2-SIDNET-8-10004-0 on gpu 5
done balance-32-BGSD-8-10003-0 (40s) [793 finished]
done balance-4-SGCN-8-10004-0 (20s) [794 finished]
start relay-4-SIDNET-8-10004-0 on gpu 0
start relay-8-SIDNET-8-10004-0 on gpu 1
done relay-8-SGCN-8-10004-0 (30s) [795 finished]
done relay-16-SGCN-8-10004-0 (30s) [796 finished]
start relay-16-SIDNET-8-10004-0 on gpu 3
start balance-4-SIDNET-8-10004-0 on gpu 4
done balance-16-SGCN-8-10004-0 (30s) [797 finished]
done relay-2-SIDNET-8-10004-0 (20s) [798 finished]
start balance-8-SIDNET-8-10004-0 on gpu 6
start balance-16-SIDNET-8-10004-0 on gpu 5
done balance-8-SGCN-8-10004-0 (40s) [799 finished]
done balance-32-SGCN-8-10004-0 (35s) [800 finished]
start balance-32-SIDNET-8-10004-0 on gpu 7
start relay-2-BGSD-8-10004-0 on gpu 2
done relay-4-SIDNET-8-10004-0 (35s) [801 finished]
done relay-8-SIDNET-8-10004-0 (35s) [802 finished]
done relay-16-SIDNET-8-10004-0 (30s) [803 finished]
done relay-2-BGSD-8-10004-0 (15s) [804 finished]
start relay-4-BGSD-8-10004-0 on gpu 0
start relay-8-BGSD-8-10004-0 on gpu 1
start relay-16-BGSD-8-10004-0 on gpu 3
start balance-4-BGSD-8-10004-0 on gpu 2
done balance-4-SIDNET-8-10004-0 (35s) [805 finished]
start balance-8-BGSD-8-10004-0 on gpu 4
done balance-8-SIDNET-8-10004-0 (35s) [806 finished]
start balance-16-BGSD-8-10004-0 on gpu 6
done relay-8-BGSD-8-10004-0 (20s) [807 finished]
done balance-4-BGSD-8-10004-0 (20s) [808 finished]
start balance-32-BGSD-8-10004-0 on gpu 1
start SGCN-bitcoin_otc-2-10000-spectral on gpu 2
done balance-16-SIDNET-8-10004-0 (50s) [809 finished]
done relay-4-BGSD-8-10004-0 (25s) [810 finished]
done relay-16-BGSD-8-10004-0 (25s) [811 finished]
done balance-8-BGSD-8-10004-0 (20s) [812 finished]
start SIDNET-bitcoin_otc-2-10000-spectral on gpu 5
start BGSD-bitcoin_otc-2-10000-spectral on gpu 0
start SGCN-bitcoin_otc-2-10001-spectral on gpu 3
start SIDNET-bitcoin_otc-2-10001-spectral on gpu 4
done balance-16-BGSD-8-10004-0 (25s) [813 finished]
done SGCN-bitcoin_otc-2-10000-spectral (15s) [814 finished]
start BGSD-bitcoin_otc-2-10001-spectral on gpu 6
start SGCN-bitcoin_otc-2-10002-spectral on gpu 2
done balance-32-SIDNET-8-10004-0 (55s) [815 finished]
done SGCN-bitcoin_otc-2-10001-spectral (15s) [816 finished]
start SIDNET-bitcoin_otc-2-10002-spectral on gpu 7
start BGSD-bitcoin_otc-2-10002-spectral on gpu 3
done balance-32-BGSD-8-10004-0 (25s) [817 finished]
done BGSD-bitcoin_otc-2-10000-spectral (20s) [818 finished]
done SIDNET-bitcoin_otc-2-10001-spectral (20s) [819 finished]
start SGCN-bitcoin_otc-2-10003-spectral on gpu 1
start SIDNET-bitcoin_otc-2-10003-spectral on gpu 0
start BGSD-bitcoin_otc-2-10003-spectral on gpu 4
done SIDNET-bitcoin_otc-2-10000-spectral (25s) [820 finished]
done BGSD-bitcoin_otc-2-10001-spectral (15s) [821 finished]
done SGCN-bitcoin_otc-2-10002-spectral (15s) [822 finished]
start SGCN-bitcoin_otc-2-10004-spectral on gpu 5
start SIDNET-bitcoin_otc-2-10004-spectral on gpu 6
start BGSD-bitcoin_otc-2-10004-spectral on gpu 2
done BGSD-bitcoin_otc-2-10002-spectral (15s) [823 finished]
start SGCN-bitcoin_alpha-2-10000-spectral on gpu 3
done SGCN-bitcoin_otc-2-10003-spectral (15s) [824 finished]
done BGSD-bitcoin_otc-2-10003-spectral (15s) [825 finished]
start SGCN-bitcoin_alpha-2-10000-random on gpu 1
start SIDNET-bitcoin_alpha-2-10000-spectral on gpu 4
done SIDNET-bitcoin_otc-2-10002-spectral (25s) [826 finished]
done SGCN-bitcoin_otc-2-10004-spectral (15s) [827 finished]
done BGSD-bitcoin_otc-2-10004-spectral (15s) [828 finished]
start SIDNET-bitcoin_alpha-2-10000-random on gpu 7
start BGSD-bitcoin_alpha-2-10000-spectral on gpu 5
start BGSD-bitcoin_alpha-2-10000-random on gpu 2
done SIDNET-bitcoin_otc-2-10004-spectral (20s) [829 finished]
done SGCN-bitcoin_alpha-2-10000-spectral (15s) [830 finished]
start SGCN-bitcoin_alpha-2-10001-spectral on gpu 6
start SGCN-bitcoin_alpha-2-10001-random on gpu 3
done SIDNET-bitcoin_otc-2-10003-spectral (30s) [831 finished]
done SGCN-bitcoin_alpha-2-10000-random (15s) [832 finished]
start SIDNET-bitcoin_alpha-2-10001-spectral on gpu 0
start SIDNET-bitcoin_alpha-2-10001-random on gpu 1
done SIDNET-bitcoin_alpha-2-10000-spectral (20s) [833 finished]
done BGSD-bitcoin_alpha-2-10000-spectral (15s) [834 finished]
done BGSD-bitcoin_alpha-2-10000-random (15s) [835 finished]
start BGSD-bitcoin_alpha-2-10001-spectral on gpu 4
start BGSD-bitcoin_alpha-2-10001-random on gpu 5
start SGCN-bitcoin_alpha-2-10002-spectral on gpu 2
done SIDNET-bitcoin_alpha-2-10000-random (20s) [836 finished]
done SGCN-bitcoin_alpha-2-10001-spectral (15s) [837 finished]
done SGCN-bitcoin_alpha-2-10001-random (15s) [838 finished]
start SGCN-bitcoin_alpha-2-10002-random on gpu 7
start SIDNET-bitcoin_alpha-2-10002-spectral on gpu 6
start SIDNET-bitcoin_alpha-2-10002-random on gpu 3
done SIDNET-bitcoin_alpha-2-10001-random (15s) [839 finished]
start BGSD-bitcoin_alpha-2-10002-spectral on gpu 1
done BGSD-bitcoin_alpha-2-10001-spectral (15s) [840 finished]
done BGSD-bitcoin_alpha-2-10001-random (15s) [841 finished]
done SGCN-bitcoin_alpha-2-10002-spectral (15s) [842 finished]
start BGSD-bitcoin_alpha-2-10002-random on gpu 4
start SGCN-bitcoin_alpha-2-10003-spectral on gpu 5
start SGCN-bitcoin_alpha-2-10003-random on gpu 2
done SIDNET-bitcoin_alpha-2-10001-spectral (25s) [843 finished]
done SGCN-bitcoin_alpha-2-10002-random (15s) [844 finished]
start SIDNET-bitcoin_alpha-2-10003-spectral on gpu 0
start SIDNET-bitcoin_alpha-2-10003-random on gpu 7
done SIDNET-bitcoin_alpha-2-10002-spectral (20s) [845 finished]
done SIDNET-bitcoin_alpha-2-10002-random (20s) [846 finished]
done BGSD-bitcoin_alpha-2-10002-spectral (15s) [847 finished]
start BGSD-bitcoin_alpha-2-10003-spectral on gpu 6
start BGSD-bitcoin_alpha-2-10003-random on gpu 3
start SGCN-bitcoin_alpha-2-10004-spectral on gpu 1
done BGSD-bitcoin_alpha-2-10002-random (15s) [848 finished]
done SGCN-bitcoin_alpha-2-10003-spectral (15s) [849 finished]
done SGCN-bitcoin_alpha-2-10003-random (15s) [850 finished]
start SGCN-bitcoin_alpha-2-10004-random on gpu 4
start SIDNET-bitcoin_alpha-2-10004-spectral on gpu 5
start SIDNET-bitcoin_alpha-2-10004-random on gpu 2
done SIDNET-bitcoin_alpha-2-10003-spectral (20s) [851 finished]
done SIDNET-bitcoin_alpha-2-10003-random (20s) [852 finished]
done BGSD-bitcoin_alpha-2-10003-spectral (15s) [853 finished]
done BGSD-bitcoin_alpha-2-10003-random (15s) [854 finished]
done SGCN-bitcoin_alpha-2-10004-spectral (15s) [855 finished]
start BGSD-bitcoin_alpha-2-10004-spectral on gpu 0
start BGSD-bitcoin_alpha-2-10004-random on gpu 7
done SGCN-bitcoin_alpha-2-10004-random (15s) [856 finished]
done SIDNET-bitcoin_alpha-2-10004-spectral (15s) [857 finished]
done SIDNET-bitcoin_alpha-2-10004-random (20s) [858 finished]
done BGSD-bitcoin_alpha-2-10004-random (15s) [859 finished]
done BGSD-bitcoin_alpha-2-10004-spectral (20s) [860 finished]
QUEUE COMPLETE failed: ['SLGNN-epinions-32-10004-spectral', 'relay-4-SIDNET-32-10000-2', 'relay-4-SIDNET-32-10001-2', 'relay-4-SIDNET-32-10003-2', 'relay-8-SIDNET-32-10003-2', 'relay-8-SIDNET-32-10004-2', 'relay-4-SIDNET-32-10004-2']
