bitcoin_alpha s10001: cycles 0.8663 local 0.8554
bitcoin_alpha s10002: cycles 0.9041 local 0.8941
bitcoin_alpha s10003: cycles 0.8931 local 0.8802
bitcoin_alpha s10004: cycles 0.8802 local 0.8698
bitcoin_otc s10000: cycles 0.9282 local 0.9168
bitcoin_otc s10001: cycles 0.9263 local 0.9145
bitcoin_otc s10002: cycles 0.9237 local 0.9085
bitcoin_otc s10003: cycles 0.9223 local 0.9102
bitcoin_otc s10004: cycles 0.9321 local 0.9142
wiki_rfa s10000: cycles 0.8879 local 0.8728
wiki_rfa s10001: cycles 0.8905 local 0.8755
wiki_rfa s10002: cycles 0.8883 local 0.8747
wiki_rfa s10003: cycles 0.8892 local 0.8735
wiki_rfa s10004: cycles 0.8902 local 0.8735
wiki_elec s10000: cycles 0.9000 local 0.8856
wiki_elec s10001: cycles 0.9042 local 0.8893
wiki_elec s10002: cycles 0.8998 local 0.8837
wiki_elec s10003: cycles 0.9008 local 0.8851
wiki_elec s10004: cycles 0.8999 local 0.8845
slashdot s10000: cycles 0.9151 local 0.9036
slashdot s10001: cycles 0.9127 local 0.9003
slashdot s10002: cycles 0.9118 local 0.8989
slashdot s10003: cycles 0.9139 local 0.9016
slashdot s10004: cycles 0.9137 local 0.9010
epinions s10000: cycles 0.9462 local 0.9382
epinions s10001: cycles 0.9464 local 0.9384
epinions s10002: cycles 0.9452 local 0.9375
epinions s10003: cycles 0.9458 local 0.9381
epinions s10004: cycles 0.9442 local 0.9367
