start SGCN-bitcoin_alpha-8-0-0.001-0 on gpu 0
start SGCN-bitcoin_alpha-8-1-0.001-0 on gpu 1
start SGCN-bitcoin_alpha-8-0-0.001-0.00001 on gpu 2
start SGCN-bitcoin_alpha-8-1-0.001-0.00001 on gpu 3
done SGCN-bitcoin_alpha-8-0-0.001-0 (5s) [1 finished]
done SGCN-bitcoin_alpha-8-1-0.001-0 (5s) [2 finished]
done SGCN-bitcoin_alpha-8-0-0.001-0.00001 (5s) [3 finished]
done SGCN-bitcoin_alpha-8-1-0.001-0.00001 (5s) [4 finished]
start SGCN-bitcoin_alpha-8-0-0.005-0 on gpu 0
start SGCN-bitcoin_alpha-8-1-0.005-0 on gpu 1
start SGCN-bitcoin_alpha-8-0-0.005-0.00001 on gpu 2
start SGCN-bitcoin_alpha-8-1-0.005-0.00001 on gpu 3
done SGCN-bitcoin_alpha-8-0-0.005-0 (5s) [5 finished]
done SGCN-bitcoin_alpha-8-1-0.005-0 (5s) [6 finished]
done SGCN-bitcoin_alpha-8-0-0.005-0.00001 (5s) [7 finished]
done SGCN-bitcoin_alpha-8-1-0.005-0.00001 (5s) [8 finished]
start SGCN-bitcoin_alpha-8-0-0.01-0 on gpu 0
start SGCN-bitcoin_alpha-8-1-0.01-0 on gpu 1
start SGCN-bitcoin_alpha-8-0-0.01-0.00001 on gpu 2
start SGCN-bitcoin_alpha-8-1-0.01-0.00001 on gpu 3
done SGCN-bitcoin_alpha-8-0-0.01-0 (5s) [9 finished]
done SGCN-bitcoin_alpha-8-1-0.01-0 (5s) [10 finished]
done SGCN-bitcoin_alpha-8-0-0.01-0.00001 (5s) [11 finished]
done SGCN-bitcoin_alpha-8-1-0.01-0.00001 (5s) [12 finished]
start SLGNN-bitcoin_alpha-8-0-0.001-0 on gpu 0
start SLGNN-bitcoin_alpha-8-1-0.001-0 on gpu 1
start SLGNN-bitcoin_alpha-8-0-0.001-0.00001 on gpu 2
start SLGNN-bitcoin_alpha-8-1-0.001-0.00001 on gpu 3
done SLGNN-bitcoin_alpha-8-0-0.001-0 (5s) [13 finished]
done SLGNN-bitcoin_alpha-8-1-0.001-0 (5s) [14 finished]
done SLGNN-bitcoin_alpha-8-0-0.001-0.00001 (5s) [15 finished]
done SLGNN-bitcoin_alpha-8-1-0.001-0.00001 (5s) [16 finished]
start SLGNN-bitcoin_alpha-8-0-0.005-0 on gpu 0
start SLGNN-bitcoin_alpha-8-1-0.005-0 on gpu 1
start SLGNN-bitcoin_alpha-8-0-0.005-0.00001 on gpu 2
start SLGNN-bitcoin_alpha-8-1-0.005-0.00001 on gpu 3
done SLGNN-bitcoin_alpha-8-0-0.005-0 (5s) [17 finished]
done SLGNN-bitcoin_alpha-8-1-0.005-0 (5s) [18 finished]
done SLGNN-bitcoin_alpha-8-0-0.005-0.00001 (5s) [19 finished]
done SLGNN-bitcoin_alpha-8-1-0.005-0.00001 (5s) [20 finished]
start SLGNN-bitcoin_alpha-8-0-0.01-0 on gpu 0
start SLGNN-bitcoin_alpha-8-1-0.01-0 on gpu 1
start SLGNN-bitcoin_alpha-8-0-0.01-0.00001 on gpu 2
start SLGNN-bitcoin_alpha-8-1-0.01-0.00001 on gpu 3
done SLGNN-bitcoin_alpha-8-0-0.01-0 (5s) [21 finished]
done SLGNN-bitcoin_alpha-8-1-0.01-0 (5s) [22 finished]
done SLGNN-bitcoin_alpha-8-0-0.01-0.00001 (5s) [23 finished]
done SLGNN-bitcoin_alpha-8-1-0.01-0.00001 (5s) [24 finished]
start SIDNET-bitcoin_alpha-8-0-0.001-0 on gpu 0
start SIDNET-bitcoin_alpha-8-1-0.001-0 on gpu 1
start SIDNET-bitcoin_alpha-8-0-0.001-0.00001 on gpu 2
start SIDNET-bitcoin_alpha-8-1-0.001-0.00001 on gpu 3
done SIDNET-bitcoin_alpha-8-0-0.001-0 (5s) [25 finished]
done SIDNET-bitcoin_alpha-8-1-0.001-0 (5s) [26 finished]
done SIDNET-bitcoin_alpha-8-0-0.001-0.00001 (5s) [27 finished]
done SIDNET-bitcoin_alpha-8-1-0.001-0.00001 (5s) [28 finished]
start SIDNET-bitcoin_alpha-8-0-0.005-0 on gpu 0
start SIDNET-bitcoin_alpha-8-1-0.005-0 on gpu 1
start SIDNET-bitcoin_alpha-8-0-0.005-0.00001 on gpu 2
start SIDNET-bitcoin_alpha-8-1-0.005-0.00001 on gpu 3
done SIDNET-bitcoin_alpha-8-0-0.005-0 (5s) [29 finished]
done SIDNET-bitcoin_alpha-8-1-0.005-0 (5s) [30 finished]
done SIDNET-bitcoin_alpha-8-0-0.005-0.00001 (5s) [31 finished]
done SIDNET-bitcoin_alpha-8-1-0.005-0.00001 (5s) [32 finished]
start SIDNET-bitcoin_alpha-8-0-0.01-0 on gpu 0
start SIDNET-bitcoin_alpha-8-1-0.01-0 on gpu 1
start SIDNET-bitcoin_alpha-8-0-0.01-0.00001 on gpu 2
start SIDNET-bitcoin_alpha-8-1-0.01-0.00001 on gpu 3
done SIDNET-bitcoin_alpha-8-0-0.01-0 (5s) [33 finished]
done SIDNET-bitcoin_alpha-8-1-0.01-0 (5s) [34 finished]
done SIDNET-bitcoin_alpha-8-0-0.01-0.00001 (5s) [35 finished]
done SIDNET-bitcoin_alpha-8-1-0.01-0.00001 (5s) [36 finished]
start BGSD-bitcoin_alpha-8-0-0.001-0 on gpu 0
start BGSD-bitcoin_alpha-8-1-0.001-0 on gpu 1
start BGSD-bitcoin_alpha-8-0-0.001-0.00001 on gpu 2
start BGSD-bitcoin_alpha-8-1-0.001-0.00001 on gpu 3
done BGSD-bitcoin_alpha-8-0-0.001-0 (5s) [37 finished]
done BGSD-bitcoin_alpha-8-1-0.001-0 (5s) [38 finished]
done BGSD-bitcoin_alpha-8-0-0.001-0.00001 (5s) [39 finished]
done BGSD-bitcoin_alpha-8-1-0.001-0.00001 (5s) [40 finished]
start BGSD-bitcoin_alpha-8-0-0.005-0 on gpu 0
start BGSD-bitcoin_alpha-8-1-0.005-0 on gpu 1
start BGSD-bitcoin_alpha-8-0-0.005-0.00001 on gpu 2
start BGSD-bitcoin_alpha-8-1-0.005-0.00001 on gpu 3
done BGSD-bitcoin_alpha-8-0-0.005-0 (5s) [41 finished]
done BGSD-bitcoin_alpha-8-1-0.005-0 (5s) [42 finished]
done BGSD-bitcoin_alpha-8-0-0.005-0.00001 (5s) [43 finished]
done BGSD-bitcoin_alpha-8-1-0.005-0.00001 (5s) [44 finished]
start BGSD-bitcoin_alpha-8-0-0.01-0 on gpu 0
start BGSD-bitcoin_alpha-8-1-0.01-0 on gpu 1
start BGSD-bitcoin_alpha-8-0-0.01-0.00001 on gpu 2
start BGSD-bitcoin_alpha-8-1-0.01-0.00001 on gpu 3
done BGSD-bitcoin_alpha-8-0-0.01-0 (5s) [45 finished]
done BGSD-bitcoin_alpha-8-1-0.01-0 (5s) [46 finished]
done BGSD-bitcoin_alpha-8-0-0.01-0.00001 (5s) [47 finished]
done BGSD-bitcoin_alpha-8-1-0.01-0.00001 (5s) [48 finished]
start SGCN-bitcoin_otc-8-0-0.001-0 on gpu 0
start SGCN-bitcoin_otc-8-1-0.001-0 on gpu 1
start SGCN-bitcoin_otc-8-0-0.001-0.00001 on gpu 2
start SGCN-bitcoin_otc-8-1-0.001-0.00001 on gpu 3
done SGCN-bitcoin_otc-8-0-0.001-0 (5s) [49 finished]
done SGCN-bitcoin_otc-8-1-0.001-0 (5s) [50 finished]
done SGCN-bitcoin_otc-8-0-0.001-0.00001 (5s) [51 finished]
done SGCN-bitcoin_otc-8-1-0.001-0.00001 (5s) [52 finished]
start SGCN-bitcoin_otc-8-0-0.005-0 on gpu 0
start SGCN-bitcoin_otc-8-1-0.005-0 on gpu 1
start SGCN-bitcoin_otc-8-0-0.005-0.00001 on gpu 2
start SGCN-bitcoin_otc-8-1-0.005-0.00001 on gpu 3
done SGCN-bitcoin_otc-8-0-0.005-0 (5s) [53 finished]
done SGCN-bitcoin_otc-8-1-0.005-0 (5s) [54 finished]
done SGCN-bitcoin_otc-8-1-0.005-0.00001 (5s) [55 finished]
start SGCN-bitcoin_otc-8-0-0.01-0 on gpu 0
start SGCN-bitcoin_otc-8-1-0.01-0 on gpu 1
start SGCN-bitcoin_otc-8-0-0.01-0.00001 on gpu 3
done SGCN-bitcoin_otc-8-1-0.01-0 (5s) [56 finished]
done SGCN-bitcoin_otc-8-0-0.01-0.00001 (5s) [57 finished]
start SGCN-bitcoin_otc-8-1-0.01-0.00001 on gpu 1
start SLGNN-bitcoin_otc-8-0-0.001-0 on gpu 3
done SGCN-bitcoin_otc-8-0-0.005-0.00001 (15s) [58 finished]
start SLGNN-bitcoin_otc-8-1-0.001-0 on gpu 2
done SGCN-bitcoin_otc-8-0-0.01-0 (15s) [59 finished]
start SLGNN-bitcoin_otc-8-0-0.001-0.00001 on gpu 0
done SGCN-bitcoin_otc-8-1-0.01-0.00001 (15s) [60 finished]
start SLGNN-bitcoin_otc-8-1-0.001-0.00001 on gpu 1
done SLGNN-bitcoin_otc-8-0-0.001-0 (50s) [61 finished]
start SLGNN-bitcoin_otc-8-0-0.005-0 on gpu 3
done SLGNN-bitcoin_otc-8-1-0.001-0 (50s) [62 finished]
done SLGNN-bitcoin_otc-8-1-0.001-0.00001 (40s) [63 finished]
start SLGNN-bitcoin_otc-8-1-0.005-0 on gpu 2
start SLGNN-bitcoin_otc-8-0-0.005-0.00001 on gpu 1
done SLGNN-bitcoin_otc-8-0-0.001-0.00001 (50s) [64 finished]
start SLGNN-bitcoin_otc-8-1-0.005-0.00001 on gpu 0
done SLGNN-bitcoin_otc-8-0-0.005-0 (45s) [65 finished]
start SLGNN-bitcoin_otc-8-0-0.01-0 on gpu 3
done SLGNN-bitcoin_otc-8-1-0.005-0 (70s) [66 finished]
start SLGNN-bitcoin_otc-8-1-0.01-0 on gpu 2
done SLGNN-bitcoin_otc-8-0-0.005-0.00001 (80s) [67 finished]
start SLGNN-bitcoin_otc-8-0-0.01-0.00001 on gpu 1
done SLGNN-bitcoin_otc-8-1-0.005-0.00001 (90s) [68 finished]
done SLGNN-bitcoin_otc-8-0-0.01-0 (55s) [69 finished]
start SLGNN-bitcoin_otc-8-1-0.01-0.00001 on gpu 0
start SIDNET-bitcoin_otc-8-0-0.001-0 on gpu 3
done SIDNET-bitcoin_otc-8-0-0.001-0 (5s) [70 finished]
start SIDNET-bitcoin_otc-8-1-0.001-0 on gpu 3
done SIDNET-bitcoin_otc-8-1-0.001-0 (20s) [71 finished]
start SIDNET-bitcoin_otc-8-0-0.001-0.00001 on gpu 3
done SIDNET-bitcoin_otc-8-0-0.001-0.00001 (5s) [72 finished]
start SIDNET-bitcoin_otc-8-1-0.001-0.00001 on gpu 3
done SIDNET-bitcoin_otc-8-1-0.001-0.00001 (20s) [73 finished]
start SIDNET-bitcoin_otc-8-0-0.005-0 on gpu 3
done SLGNN-bitcoin_otc-8-1-0.01-0 (90s) [74 finished]
start SIDNET-bitcoin_otc-8-1-0.005-0 on gpu 2
done SIDNET-bitcoin_otc-8-0-0.005-0 (20s) [75 finished]
start SIDNET-bitcoin_otc-8-0-0.005-0.00001 on gpu 3
done SIDNET-bitcoin_otc-8-0-0.005-0.00001 (5s) [76 finished]
start SIDNET-bitcoin_otc-8-1-0.005-0.00001 on gpu 3
done SLGNN-bitcoin_otc-8-0-0.01-0.00001 (95s) [77 finished]
done SIDNET-bitcoin_otc-8-1-0.005-0 (15s) [78 finished]
start SIDNET-bitcoin_otc-8-0-0.01-0 on gpu 1
start SIDNET-bitcoin_otc-8-1-0.01-0 on gpu 2
done SIDNET-bitcoin_otc-8-0-0.01-0 (5s) [79 finished]
start SIDNET-bitcoin_otc-8-0-0.01-0.00001 on gpu 1
done SLGNN-bitcoin_otc-8-1-0.01-0.00001 (90s) [80 finished]
done SIDNET-bitcoin_otc-8-1-0.005-0.00001 (15s) [81 finished]
start SIDNET-bitcoin_otc-8-1-0.01-0.00001 on gpu 0
start BGSD-bitcoin_otc-8-0-0.001-0 on gpu 3
done SIDNET-bitcoin_otc-8-1-0.01-0 (15s) [82 finished]
start BGSD-bitcoin_otc-8-1-0.001-0 on gpu 2
done SIDNET-bitcoin_otc-8-0-0.01-0.00001 (15s) [83 finished]
start BGSD-bitcoin_otc-8-0-0.001-0.00001 on gpu 1
done SIDNET-bitcoin_otc-8-1-0.01-0.00001 (15s) [84 finished]
done BGSD-bitcoin_otc-8-0-0.001-0 (15s) [85 finished]
start BGSD-bitcoin_otc-8-1-0.001-0.00001 on gpu 0
start BGSD-bitcoin_otc-8-0-0.005-0 on gpu 3
done BGSD-bitcoin_otc-8-1-0.001-0 (15s) [86 finished]
start BGSD-bitcoin_otc-8-1-0.005-0 on gpu 2
done BGSD-bitcoin_otc-8-0-0.001-0.00001 (15s) [87 finished]
done BGSD-bitcoin_otc-8-0-0.005-0 (10s) [88 finished]
start BGSD-bitcoin_otc-8-0-0.005-0.00001 on gpu 1
start BGSD-bitcoin_otc-8-1-0.005-0.00001 on gpu 3
done BGSD-bitcoin_otc-8-1-0.001-0.00001 (15s) [89 finished]
done BGSD-bitcoin_otc-8-1-0.005-0 (10s) [90 finished]
start BGSD-bitcoin_otc-8-0-0.01-0 on gpu 0
start BGSD-bitcoin_otc-8-1-0.01-0 on gpu 2
done BGSD-bitcoin_otc-8-1-0.005-0.00001 (10s) [91 finished]
start BGSD-bitcoin_otc-8-0-0.01-0.00001 on gpu 3
done BGSD-bitcoin_otc-8-0-0.005-0.00001 (15s) [92 finished]
done BGSD-bitcoin_otc-8-0-0.01-0 (10s) [93 finished]
done BGSD-bitcoin_otc-8-1-0.01-0 (10s) [94 finished]
start BGSD-bitcoin_otc-8-1-0.01-0.00001 on gpu 1
start SGCN-wiki_rfa-8-0-0.001-0 on gpu 0
start SGCN-wiki_rfa-8-1-0.001-0 on gpu 2
done BGSD-bitcoin_otc-8-0-0.01-0.00001 (10s) [95 finished]
start SGCN-wiki_rfa-8-0-0.001-0.00001 on gpu 3
done BGSD-bitcoin_otc-8-1-0.01-0.00001 (10s) [96 finished]
start SGCN-wiki_rfa-8-1-0.001-0.00001 on gpu 1
done SGCN-wiki_rfa-8-0-0.001-0 (45s) [97 finished]
done SGCN-wiki_rfa-8-1-0.001-0 (45s) [98 finished]
done SGCN-wiki_rfa-8-0-0.001-0.00001 (40s) [99 finished]
start SGCN-wiki_rfa-8-0-0.005-0 on gpu 0
start SGCN-wiki_rfa-8-1-0.005-0 on gpu 2
start SGCN-wiki_rfa-8-0-0.005-0.00001 on gpu 3
done SGCN-wiki_rfa-8-1-0.001-0.00001 (40s) [100 finished]
start SGCN-wiki_rfa-8-1-0.005-0.00001 on gpu 1
done SGCN-wiki_rfa-8-0-0.005-0 (40s) [101 finished]
done SGCN-wiki_rfa-8-1-0.005-0 (40s) [102 finished]
done SGCN-wiki_rfa-8-0-0.005-0.00001 (40s) [103 finished]
start SGCN-wiki_rfa-8-0-0.01-0 on gpu 0
start SGCN-wiki_rfa-8-1-0.01-0 on gpu 2
start SGCN-wiki_rfa-8-0-0.01-0.00001 on gpu 3
done SGCN-wiki_rfa-8-1-0.005-0.00001 (40s) [104 finished]
start SGCN-wiki_rfa-8-1-0.01-0.00001 on gpu 1
done SGCN-wiki_rfa-8-1-0.01-0 (25s) [105 finished]
start SLGNN-wiki_rfa-8-0-0.001-0 on gpu 2
done SGCN-wiki_rfa-8-0-0.01-0.00001 (30s) [106 finished]
start SLGNN-wiki_rfa-8-1-0.001-0 on gpu 3
done SGCN-wiki_rfa-8-0-0.01-0 (40s) [107 finished]
start SLGNN-wiki_rfa-8-0-0.001-0.00001 on gpu 0
done SGCN-wiki_rfa-8-1-0.01-0.00001 (40s) [108 finished]
start SLGNN-wiki_rfa-8-1-0.001-0.00001 on gpu 1
done SLGNN-wiki_rfa-8-0-0.001-0 (200s) [109 finished]
start SLGNN-wiki_rfa-8-0-0.005-0 on gpu 2
done SLGNN-wiki_rfa-8-0-0.001-0.00001 (195s) [110 finished]
start SLGNN-wiki_rfa-8-1-0.005-0 on gpu 0
done SLGNN-wiki_rfa-8-1-0.001-0 (210s) [111 finished]
start SLGNN-wiki_rfa-8-0-0.005-0.00001 on gpu 3
done SLGNN-wiki_rfa-8-1-0.001-0.00001 (270s) [112 finished]
start SLGNN-wiki_rfa-8-1-0.005-0.00001 on gpu 1
done SLGNN-wiki_rfa-8-0-0.005-0.00001 (195s) [113 finished]
start SLGNN-wiki_rfa-8-0-0.01-0 on gpu 3
done SLGNN-wiki_rfa-8-1-0.005-0 (305s) [114 finished]
start SLGNN-wiki_rfa-8-1-0.01-0 on gpu 0
done SLGNN-wiki_rfa-8-0-0.005-0 (370s) [115 finished]
start SLGNN-wiki_rfa-8-0-0.01-0.00001 on gpu 2
done SLGNN-wiki_rfa-8-1-0.005-0.00001 (415s) [116 finished]
start SLGNN-wiki_rfa-8-1-0.01-0.00001 on gpu 1
done SLGNN-wiki_rfa-8-0-0.01-0 (415s) [117 finished]
start SIDNET-wiki_rfa-8-0-0.001-0 on gpu 3
done SIDNET-wiki_rfa-8-0-0.001-0 (50s) [118 finished]
start SIDNET-wiki_rfa-8-1-0.001-0 on gpu 3
done SLGNN-wiki_rfa-8-1-0.01-0 (410s) [119 finished]
start SIDNET-wiki_rfa-8-0-0.001-0.00001 on gpu 0
done SIDNET-wiki_rfa-8-1-0.001-0 (60s) [120 finished]
start SIDNET-wiki_rfa-8-1-0.001-0.00001 on gpu 3
done SIDNET-wiki_rfa-8-0-0.001-0.00001 (50s) [121 finished]
start SIDNET-wiki_rfa-8-0-0.005-0 on gpu 0
done SLGNN-wiki_rfa-8-0-0.01-0.00001 (410s) [122 finished]
start SIDNET-wiki_rfa-8-1-0.005-0 on gpu 2
done SIDNET-wiki_rfa-8-1-0.001-0.00001 (60s) [123 finished]
start SIDNET-wiki_rfa-8-0-0.005-0.00001 on gpu 3
done SIDNET-wiki_rfa-8-0-0.005-0 (45s) [124 finished]
start SIDNET-wiki_rfa-8-1-0.005-0.00001 on gpu 0
done SIDNET-wiki_rfa-8-1-0.005-0 (50s) [125 finished]
start SIDNET-wiki_rfa-8-0-0.01-0 on gpu 2
done SIDNET-wiki_rfa-8-0-0.005-0.00001 (50s) [126 finished]
start SIDNET-wiki_rfa-8-1-0.01-0 on gpu 3
done SIDNET-wiki_rfa-8-1-0.005-0.00001 (55s) [127 finished]
start SIDNET-wiki_rfa-8-0-0.01-0.00001 on gpu 0
done SIDNET-wiki_rfa-8-0-0.01-0 (50s) [128 finished]
start SIDNET-wiki_rfa-8-1-0.01-0.00001 on gpu 2
done SIDNET-wiki_rfa-8-1-0.01-0 (50s) [129 finished]
start BGSD-wiki_rfa-8-0-0.001-0 on gpu 3
done SLGNN-wiki_rfa-8-1-0.01-0.00001 (415s) [130 finished]
start BGSD-wiki_rfa-8-1-0.001-0 on gpu 1
done SIDNET-wiki_rfa-8-0-0.01-0.00001 (50s) [131 finished]
done SIDNET-wiki_rfa-8-1-0.01-0.00001 (45s) [132 finished]
start BGSD-wiki_rfa-8-0-0.001-0.00001 on gpu 0
start BGSD-wiki_rfa-8-1-0.001-0.00001 on gpu 2
done BGSD-wiki_rfa-8-0-0.001-0 (50s) [133 finished]
start BGSD-wiki_rfa-8-0-0.005-0 on gpu 3
done BGSD-wiki_rfa-8-1-0.001-0 (40s) [134 finished]
start BGSD-wiki_rfa-8-1-0.005-0 on gpu 1
done BGSD-wiki_rfa-8-1-0.001-0.00001 (40s) [135 finished]
start BGSD-wiki_rfa-8-0-0.005-0.00001 on gpu 2
done BGSD-wiki_rfa-8-0-0.001-0.00001 (50s) [136 finished]
start BGSD-wiki_rfa-8-1-0.005-0.00001 on gpu 0
done BGSD-wiki_rfa-8-0-0.005-0 (40s) [137 finished]
start BGSD-wiki_rfa-8-0-0.01-0 on gpu 3
done BGSD-wiki_rfa-8-0-0.005-0.00001 (40s) [138 finished]
start BGSD-wiki_rfa-8-1-0.01-0 on gpu 2
done BGSD-wiki_rfa-8-1-0.005-0 (50s) [139 finished]
start BGSD-wiki_rfa-8-0-0.01-0.00001 on gpu 1
done BGSD-wiki_rfa-8-1-0.005-0.00001 (45s) [140 finished]
done BGSD-wiki_rfa-8-0-0.01-0 (35s) [141 finished]
start BGSD-wiki_rfa-8-1-0.01-0.00001 on gpu 0
start SGCN-wiki_elec-8-0-0.001-0 on gpu 3
done BGSD-wiki_rfa-8-1-0.01-0 (40s) [142 finished]
start SGCN-wiki_elec-8-1-0.001-0 on gpu 2
done BGSD-wiki_rfa-8-0-0.01-0.00001 (40s) [143 finished]
start SGCN-wiki_elec-8-0-0.001-0.00001 on gpu 1
done BGSD-wiki_rfa-8-1-0.01-0.00001 (40s) [144 finished]
start SGCN-wiki_elec-8-1-0.001-0.00001 on gpu 0
done SGCN-wiki_elec-8-0-0.001-0 (45s) [145 finished]
start SGCN-wiki_elec-8-0-0.005-0 on gpu 3
done SGCN-wiki_elec-8-1-0.001-0 (45s) [146 finished]
done SGCN-wiki_elec-8-0-0.001-0.00001 (40s) [147 finished]
start SGCN-wiki_elec-8-1-0.005-0 on gpu 2
start SGCN-wiki_elec-8-0-0.005-0.00001 on gpu 1
done SGCN-wiki_elec-8-1-0.001-0.00001 (40s) [148 finished]
start SGCN-wiki_elec-8-1-0.005-0.00001 on gpu 0
done SGCN-wiki_elec-8-0-0.005-0 (40s) [149 finished]
start SGCN-wiki_elec-8-0-0.01-0 on gpu 3
done SGCN-wiki_elec-8-1-0.005-0 (40s) [150 finished]
done SGCN-wiki_elec-8-0-0.005-0.00001 (40s) [151 finished]
start SGCN-wiki_elec-8-1-0.01-0 on gpu 2
start SGCN-wiki_elec-8-0-0.01-0.00001 on gpu 1
done SGCN-wiki_elec-8-0-0.01-0 (30s) [152 finished]
start SGCN-wiki_elec-8-1-0.01-0.00001 on gpu 3
done SGCN-wiki_elec-8-1-0.005-0.00001 (40s) [153 finished]
start SLGNN-wiki_elec-8-0-0.001-0 on gpu 0
done SGCN-wiki_elec-8-1-0.01-0 (30s) [154 finished]
start SLGNN-wiki_elec-8-1-0.001-0 on gpu 2
done SGCN-wiki_elec-8-0-0.01-0.00001 (40s) [155 finished]
start SLGNN-wiki_elec-8-0-0.001-0.00001 on gpu 1
done SGCN-wiki_elec-8-1-0.01-0.00001 (40s) [156 finished]
start SLGNN-wiki_elec-8-1-0.001-0.00001 on gpu 3
done SLGNN-wiki_elec-8-1-0.001-0 (185s) [157 finished]
start SLGNN-wiki_elec-8-0-0.005-0 on gpu 2
done SLGNN-wiki_elec-8-0-0.001-0.00001 (190s) [158 finished]
done SLGNN-wiki_elec-8-1-0.001-0.00001 (185s) [159 finished]
start SLGNN-wiki_elec-8-1-0.005-0 on gpu 1
start SLGNN-wiki_elec-8-0-0.005-0.00001 on gpu 3
done SLGNN-wiki_elec-8-0-0.001-0 (230s) [160 finished]
start SLGNN-wiki_elec-8-1-0.005-0.00001 on gpu 0
done SLGNN-wiki_elec-8-0-0.005-0.00001 (150s) [161 finished]
start SLGNN-wiki_elec-8-0-0.01-0 on gpu 3
done SLGNN-wiki_elec-8-0-0.005-0 (275s) [162 finished]
start SLGNN-wiki_elec-8-1-0.01-0 on gpu 2
done SLGNN-wiki_elec-8-1-0.005-0 (280s) [163 finished]
start SLGNN-wiki_elec-8-0-0.01-0.00001 on gpu 1
done SLGNN-wiki_elec-8-1-0.005-0.00001 (275s) [164 finished]
start SLGNN-wiki_elec-8-1-0.01-0.00001 on gpu 0
done SLGNN-wiki_elec-8-0-0.01-0 (280s) [165 finished]
start SIDNET-wiki_elec-8-0-0.001-0 on gpu 3
done SIDNET-wiki_elec-8-0-0.001-0 (30s) [166 finished]
start SIDNET-wiki_elec-8-1-0.001-0 on gpu 3
done SIDNET-wiki_elec-8-1-0.001-0 (25s) [167 finished]
start SIDNET-wiki_elec-8-0-0.001-0.00001 on gpu 3
done SIDNET-wiki_elec-8-0-0.001-0.00001 (25s) [168 finished]
start SIDNET-wiki_elec-8-1-0.001-0.00001 on gpu 3
done SLGNN-wiki_elec-8-1-0.01-0 (270s) [169 finished]
start SIDNET-wiki_elec-8-0-0.005-0 on gpu 2
done SIDNET-wiki_elec-8-1-0.001-0.00001 (25s) [170 finished]
start SIDNET-wiki_elec-8-1-0.005-0 on gpu 3
done SLGNN-wiki_elec-8-1-0.01-0.00001 (255s) [171 finished]
start SIDNET-wiki_elec-8-0-0.005-0.00001 on gpu 0
done SIDNET-wiki_elec-8-1-0.005-0 (25s) [172 finished]
start SIDNET-wiki_elec-8-1-0.005-0.00001 on gpu 3
done SLGNN-wiki_elec-8-0-0.01-0.00001 (285s) [173 finished]
done SIDNET-wiki_elec-8-0-0.005-0 (35s) [174 finished]
start SIDNET-wiki_elec-8-0-0.01-0 on gpu 1
start SIDNET-wiki_elec-8-1-0.01-0 on gpu 2
done SIDNET-wiki_elec-8-0-0.005-0.00001 (35s) [175 finished]
start SIDNET-wiki_elec-8-0-0.01-0.00001 on gpu 0
done SIDNET-wiki_elec-8-1-0.005-0.00001 (25s) [176 finished]
start SIDNET-wiki_elec-8-1-0.01-0.00001 on gpu 3
done SIDNET-wiki_elec-8-1-0.01-0 (25s) [177 finished]
start BGSD-wiki_elec-8-0-0.001-0 on gpu 2
done SIDNET-wiki_elec-8-0-0.01-0 (35s) [178 finished]
start BGSD-wiki_elec-8-1-0.001-0 on gpu 1
done SIDNET-wiki_elec-8-0-0.01-0.00001 (35s) [179 finished]
done SIDNET-wiki_elec-8-1-0.01-0.00001 (25s) [180 finished]
start BGSD-wiki_elec-8-0-0.001-0.00001 on gpu 0
start BGSD-wiki_elec-8-1-0.001-0.00001 on gpu 3
done BGSD-wiki_elec-8-0-0.001-0 (25s) [181 finished]
start BGSD-wiki_elec-8-0-0.005-0 on gpu 2
done BGSD-wiki_elec-8-1-0.001-0 (35s) [182 finished]
done BGSD-wiki_elec-8-1-0.001-0.00001 (25s) [183 finished]
start BGSD-wiki_elec-8-1-0.005-0 on gpu 1
start BGSD-wiki_elec-8-0-0.005-0.00001 on gpu 3
done BGSD-wiki_elec-8-0-0.005-0 (25s) [184 finished]
start BGSD-wiki_elec-8-1-0.005-0.00001 on gpu 2
done BGSD-wiki_elec-8-0-0.001-0.00001 (35s) [185 finished]
start BGSD-wiki_elec-8-0-0.01-0 on gpu 0
done BGSD-wiki_elec-8-0-0.005-0.00001 (20s) [186 finished]
start BGSD-wiki_elec-8-1-0.01-0 on gpu 3
done BGSD-wiki_elec-8-1-0.005-0.00001 (20s) [187 finished]
start BGSD-wiki_elec-8-0-0.01-0.00001 on gpu 2
done BGSD-wiki_elec-8-1-0.005-0 (30s) [188 finished]
start BGSD-wiki_elec-8-1-0.01-0.00001 on gpu 1
done BGSD-wiki_elec-8-0-0.01-0 (25s) [189 finished]
start SGCN-slashdot-8-0-0.001-0 on gpu 0
done BGSD-wiki_elec-8-1-0.01-0 (20s) [190 finished]
start SGCN-slashdot-8-1-0.001-0 on gpu 3
done BGSD-wiki_elec-8-0-0.01-0.00001 (20s) [191 finished]
start SGCN-slashdot-8-0-0.001-0.00001 on gpu 2
done BGSD-wiki_elec-8-1-0.01-0.00001 (30s) [192 finished]
start SGCN-slashdot-8-1-0.001-0.00001 on gpu 1
done SGCN-slashdot-8-1-0.001-0 (155s) [193 finished]
start SGCN-slashdot-8-0-0.005-0 on gpu 3
done SGCN-slashdot-8-0-0.001-0.00001 (155s) [194 finished]
start SGCN-slashdot-8-1-0.005-0 on gpu 2
done SGCN-slashdot-8-0-0.001-0 (220s) [195 finished]
start SGCN-slashdot-8-0-0.005-0.00001 on gpu 0
FAIL SGCN-slashdot-8-0-0.005-0.00001 (10s) [196 finished]
start SGCN-slashdot-8-1-0.005-0.00001 on gpu 0
done SGCN-slashdot-8-1-0.001-0.00001 (210s) [197 finished]
start SGCN-slashdot-8-0-0.01-0 on gpu 1
done SGCN-slashdot-8-0-0.005-0 (140s) [198 finished]
done SGCN-slashdot-8-1-0.005-0 (135s) [199 finished]
start SGCN-slashdot-8-1-0.01-0 on gpu 3
start SGCN-slashdot-8-0-0.01-0.00001 on gpu 2
done SGCN-slashdot-8-1-0.01-0 (75s) [200 finished]
start SGCN-slashdot-8-1-0.01-0.00001 on gpu 3
done SGCN-slashdot-8-1-0.005-0.00001 (200s) [201 finished]
done SGCN-slashdot-8-0-0.01-0.00001 (130s) [202 finished]
start SLGNN-slashdot-8-0-0.001-0 on gpu 0
start SLGNN-slashdot-8-1-0.001-0 on gpu 2
done SGCN-slashdot-8-0-0.01-0 (205s) [203 finished]
start SLGNN-slashdot-8-0-0.001-0.00001 on gpu 1
done SGCN-slashdot-8-1-0.01-0.00001 (75s) [204 finished]
start SLGNN-slashdot-8-1-0.001-0.00001 on gpu 3
done SLGNN-slashdot-8-1-0.001-0 (570s) [205 finished]
start SLGNN-slashdot-8-0-0.005-0 on gpu 2
done SLGNN-slashdot-8-1-0.001-0.00001 (625s) [206 finished]
start SLGNN-slashdot-8-1-0.005-0 on gpu 3
done SLGNN-slashdot-8-0-0.001-0 (915s) [207 finished]
start SLGNN-slashdot-8-0-0.005-0.00001 on gpu 0
done SLGNN-slashdot-8-0-0.001-0.00001 (920s) [208 finished]
start SLGNN-slashdot-8-1-0.005-0.00001 on gpu 1
done SLGNN-slashdot-8-1-0.005-0 (350s) [209 finished]
start SLGNN-slashdot-8-0-0.01-0 on gpu 3
done SLGNN-slashdot-8-0-0.005-0 (875s) [210 finished]
start SLGNN-slashdot-8-1-0.01-0 on gpu 2
done SLGNN-slashdot-8-1-0.005-0.00001 (665s) [211 finished]
start SLGNN-slashdot-8-0-0.01-0.00001 on gpu 1
done SLGNN-slashdot-8-0-0.005-0.00001 (805s) [212 finished]
start SLGNN-slashdot-8-1-0.01-0.00001 on gpu 0
done SLGNN-slashdot-8-0-0.01-0 (1005s) [213 finished]
start SIDNET-slashdot-8-0-0.001-0 on gpu 3
done SIDNET-slashdot-8-0-0.001-0 (85s) [214 finished]
start SIDNET-slashdot-8-1-0.001-0 on gpu 3
done SIDNET-slashdot-8-1-0.001-0 (90s) [215 finished]
start SIDNET-slashdot-8-0-0.001-0.00001 on gpu 3
done SIDNET-slashdot-8-0-0.001-0.00001 (90s) [216 finished]
start SIDNET-slashdot-8-1-0.001-0.00001 on gpu 3
done SLGNN-slashdot-8-0-0.01-0.00001 (685s) [217 finished]
start SIDNET-slashdot-8-0-0.005-0 on gpu 1
done SLGNN-slashdot-8-1-0.01-0.00001 (570s) [218 finished]
start SIDNET-slashdot-8-1-0.005-0 on gpu 0
done SIDNET-slashdot-8-1-0.001-0.00001 (55s) [219 finished]
start SIDNET-slashdot-8-0-0.005-0.00001 on gpu 3
done SIDNET-slashdot-8-0-0.005-0.00001 (55s) [220 finished]
start SIDNET-slashdot-8-1-0.005-0.00001 on gpu 3
done SLGNN-slashdot-8-1-0.01-0 (935s) [221 finished]
start SIDNET-slashdot-8-0-0.01-0 on gpu 2
done SIDNET-slashdot-8-0-0.005-0 (135s) [222 finished]
done SIDNET-slashdot-8-1-0.005-0 (125s) [223 finished]
start SIDNET-slashdot-8-1-0.01-0 on gpu 1
start SIDNET-slashdot-8-0-0.01-0.00001 on gpu 0
done SIDNET-slashdot-8-1-0.005-0.00001 (55s) [224 finished]
start SIDNET-slashdot-8-1-0.01-0.00001 on gpu 3
done SIDNET-slashdot-8-0-0.01-0 (85s) [225 finished]
start BGSD-slashdot-8-0-0.001-0 on gpu 2
done SIDNET-slashdot-8-1-0.01-0.00001 (55s) [226 finished]
start BGSD-slashdot-8-1-0.001-0 on gpu 3
done SIDNET-slashdot-8-0-0.01-0.00001 (85s) [227 finished]
start BGSD-slashdot-8-0-0.001-0.00001 on gpu 0
done BGSD-slashdot-8-0-0.001-0 (55s) [228 finished]
done BGSD-slashdot-8-1-0.001-0 (35s) [229 finished]
start BGSD-slashdot-8-1-0.001-0.00001 on gpu 2
start BGSD-slashdot-8-0-0.005-0 on gpu 3
done SIDNET-slashdot-8-1-0.01-0 (125s) [230 finished]
start BGSD-slashdot-8-1-0.005-0 on gpu 1
done BGSD-slashdot-8-1-0.005-0 (5s) [231 finished]
start BGSD-slashdot-8-0-0.005-0.00001 on gpu 1
done BGSD-slashdot-8-0-0.005-0 (30s) [232 finished]
done BGSD-slashdot-8-0-0.005-0.00001 (5s) [233 finished]
start BGSD-slashdot-8-1-0.005-0.00001 on gpu 3
start BGSD-slashdot-8-0-0.01-0 on gpu 1
done BGSD-slashdot-8-0-0.001-0.00001 (55s) [234 finished]
done BGSD-slashdot-8-1-0.005-0.00001 (5s) [235 finished]
done BGSD-slashdot-8-0-0.01-0 (5s) [236 finished]
start BGSD-slashdot-8-1-0.01-0 on gpu 0
start BGSD-slashdot-8-0-0.01-0.00001 on gpu 3
start BGSD-slashdot-8-1-0.01-0.00001 on gpu 1
done BGSD-slashdot-8-1-0.01-0 (5s) [237 finished]
done BGSD-slashdot-8-0-0.01-0.00001 (5s) [238 finished]
done BGSD-slashdot-8-1-0.01-0.00001 (5s) [239 finished]
start SGCN-epinions-8-0-0.001-0 on gpu 0
start SGCN-epinions-8-1-0.001-0 on gpu 3
start SGCN-epinions-8-0-0.001-0.00001 on gpu 1
done SGCN-epinions-8-0-0.001-0 (5s) [240 finished]
done SGCN-epinions-8-1-0.001-0 (5s) [241 finished]
done SGCN-epinions-8-0-0.001-0.00001 (5s) [242 finished]
start SGCN-epinions-8-1-0.001-0.00001 on gpu 0
start SGCN-epinions-8-0-0.005-0 on gpu 3
start SGCN-epinions-8-1-0.005-0 on gpu 1
done SGCN-epinions-8-1-0.001-0.00001 (5s) [243 finished]
done SGCN-epinions-8-0-0.005-0 (5s) [244 finished]
done SGCN-epinions-8-1-0.005-0 (5s) [245 finished]
start SGCN-epinions-8-0-0.005-0.00001 on gpu 0
start SGCN-epinions-8-1-0.005-0.00001 on gpu 3
start SGCN-epinions-8-0-0.01-0 on gpu 1
done BGSD-slashdot-8-1-0.001-0.00001 (55s) [246 finished]
done SGCN-epinions-8-0-0.005-0.00001 (5s) [247 finished]
done SGCN-epinions-8-1-0.005-0.00001 (5s) [248 finished]
done SGCN-epinions-8-0-0.01-0 (5s) [249 finished]
start SGCN-epinions-8-1-0.01-0 on gpu 2
start SGCN-epinions-8-0-0.01-0.00001 on gpu 0
start SGCN-epinions-8-1-0.01-0.00001 on gpu 3
start SLGNN-epinions-8-0-0.001-0 on gpu 1
done SGCN-epinions-8-1-0.01-0 (5s) [250 finished]
done SGCN-epinions-8-0-0.01-0.00001 (5s) [251 finished]
done SGCN-epinions-8-1-0.01-0.00001 (5s) [252 finished]
done SLGNN-epinions-8-0-0.001-0 (5s) [253 finished]
start SLGNN-epinions-8-1-0.001-0 on gpu 2
start SLGNN-epinions-8-0-0.001-0.00001 on gpu 0
start SLGNN-epinions-8-1-0.001-0.00001 on gpu 3
start SLGNN-epinions-8-0-0.005-0 on gpu 1
done SLGNN-epinions-8-1-0.001-0 (5s) [254 finished]
done SLGNN-epinions-8-0-0.001-0.00001 (5s) [255 finished]
done SLGNN-epinions-8-1-0.001-0.00001 (5s) [256 finished]
done SLGNN-epinions-8-0-0.005-0 (5s) [257 finished]
start SLGNN-epinions-8-1-0.005-0 on gpu 2
start SLGNN-epinions-8-0-0.005-0.00001 on gpu 0
start SLGNN-epinions-8-1-0.005-0.00001 on gpu 3
start SLGNN-epinions-8-0-0.01-0 on gpu 1
done SLGNN-epinions-8-1-0.005-0 (5s) [258 finished]
done SLGNN-epinions-8-0-0.005-0.00001 (5s) [259 finished]
done SLGNN-epinions-8-1-0.005-0.00001 (5s) [260 finished]
done SLGNN-epinions-8-0-0.01-0 (5s) [261 finished]
start SLGNN-epinions-8-1-0.01-0 on gpu 2
start SLGNN-epinions-8-0-0.01-0.00001 on gpu 0
start SLGNN-epinions-8-1-0.01-0.00001 on gpu 3
start SIDNET-epinions-8-0-0.001-0 on gpu 1
done SLGNN-epinions-8-1-0.01-0 (5s) [262 finished]
done SLGNN-epinions-8-0-0.01-0.00001 (5s) [263 finished]
done SLGNN-epinions-8-1-0.01-0.00001 (5s) [264 finished]
done SIDNET-epinions-8-0-0.001-0 (5s) [265 finished]
start SIDNET-epinions-8-1-0.001-0 on gpu 2
start SIDNET-epinions-8-0-0.001-0.00001 on gpu 0
start SIDNET-epinions-8-1-0.001-0.00001 on gpu 3
start SIDNET-epinions-8-0-0.005-0 on gpu 1
done SIDNET-epinions-8-1-0.001-0 (5s) [266 finished]
done SIDNET-epinions-8-0-0.001-0.00001 (5s) [267 finished]
done SIDNET-epinions-8-1-0.001-0.00001 (5s) [268 finished]
done SIDNET-epinions-8-0-0.005-0 (5s) [269 finished]
start SIDNET-epinions-8-1-0.005-0 on gpu 2
start SIDNET-epinions-8-0-0.005-0.00001 on gpu 0
start SIDNET-epinions-8-1-0.005-0.00001 on gpu 3
start SIDNET-epinions-8-0-0.01-0 on gpu 1
done SIDNET-epinions-8-1-0.005-0 (5s) [270 finished]
done SIDNET-epinions-8-0-0.005-0.00001 (5s) [271 finished]
done SIDNET-epinions-8-1-0.005-0.00001 (5s) [272 finished]
done SIDNET-epinions-8-0-0.01-0 (5s) [273 finished]
start SIDNET-epinions-8-1-0.01-0 on gpu 2
start SIDNET-epinions-8-0-0.01-0.00001 on gpu 0
start SIDNET-epinions-8-1-0.01-0.00001 on gpu 3
start BGSD-epinions-8-0-0.001-0 on gpu 1
done SIDNET-epinions-8-1-0.01-0 (5s) [274 finished]
done SIDNET-epinions-8-0-0.01-0.00001 (5s) [275 finished]
done SIDNET-epinions-8-1-0.01-0.00001 (5s) [276 finished]
done BGSD-epinions-8-0-0.001-0 (5s) [277 finished]
start BGSD-epinions-8-1-0.001-0 on gpu 2
start BGSD-epinions-8-0-0.001-0.00001 on gpu 0
start BGSD-epinions-8-1-0.001-0.00001 on gpu 3
start BGSD-epinions-8-0-0.005-0 on gpu 1
done BGSD-epinions-8-1-0.001-0 (5s) [278 finished]
done BGSD-epinions-8-0-0.001-0.00001 (5s) [279 finished]
done BGSD-epinions-8-1-0.001-0.00001 (5s) [280 finished]
done BGSD-epinions-8-0-0.005-0 (5s) [281 finished]
start BGSD-epinions-8-1-0.005-0 on gpu 2
start BGSD-epinions-8-0-0.005-0.00001 on gpu 0
start BGSD-epinions-8-1-0.005-0.00001 on gpu 3
start BGSD-epinions-8-0-0.01-0 on gpu 1
done BGSD-epinions-8-1-0.005-0 (5s) [282 finished]
done BGSD-epinions-8-0-0.005-0.00001 (5s) [283 finished]
done BGSD-epinions-8-1-0.005-0.00001 (5s) [284 finished]
done BGSD-epinions-8-0-0.01-0 (5s) [285 finished]
start BGSD-epinions-8-1-0.01-0 on gpu 2
start BGSD-epinions-8-0-0.01-0.00001 on gpu 0
start BGSD-epinions-8-1-0.01-0.00001 on gpu 3
done BGSD-epinions-8-1-0.01-0 (5s) [286 finished]
done BGSD-epinions-8-0-0.01-0.00001 (5s) [287 finished]
done BGSD-epinions-8-1-0.01-0.00001 (5s) [288 finished]
QUEUE COMPLETE failed: ['SGCN-slashdot-8-0-0.005-0.00001']
