start BGSD-epinions-8-1-0.01-0.00001 on gpu 5
start BGSD-epinions-8-0-0.01-0.00001 on gpu 6
done BGSD-epinions-8-1-0.01-0.00001 (80s) [1 finished]
done BGSD-epinions-8-0-0.01-0.00001 (80s) [2 finished]
start BGSD-epinions-8-1-0.01-0 on gpu 5
start BGSD-epinions-8-0-0.01-0 on gpu 6
done BGSD-epinions-8-1-0.01-0 (75s) [3 finished]
done BGSD-epinions-8-0-0.01-0 (75s) [4 finished]
start BGSD-epinions-8-1-0.005-0.00001 on gpu 5
start BGSD-epinions-8-0-0.005-0.00001 on gpu 6
done BGSD-epinions-8-1-0.005-0.00001 (45s) [5 finished]
done BGSD-epinions-8-0-0.005-0.00001 (45s) [6 finished]
start BGSD-epinions-8-1-0.005-0 on gpu 5
start BGSD-epinions-8-0-0.005-0 on gpu 6
done BGSD-epinions-8-1-0.005-0 (45s) [7 finished]
done BGSD-epinions-8-0-0.005-0 (45s) [8 finished]
start BGSD-epinions-8-1-0.001-0.00001 on gpu 5
start BGSD-epinions-8-0-0.001-0.00001 on gpu 6
done BGSD-epinions-8-1-0.001-0.00001 (60s) [9 finished]
done BGSD-epinions-8-0-0.001-0.00001 (60s) [10 finished]
start BGSD-epinions-8-1-0.001-0 on gpu 5
start BGSD-epinions-8-0-0.001-0 on gpu 6
done BGSD-epinions-8-1-0.001-0 (60s) [11 finished]
done BGSD-epinions-8-0-0.001-0 (60s) [12 finished]
start SIDNET-epinions-8-1-0.01-0.00001 on gpu 5
start SIDNET-epinions-8-0-0.01-0.00001 on gpu 6
done SIDNET-epinions-8-1-0.01-0.00001 (75s) [13 finished]
start SIDNET-epinions-8-1-0.01-0 on gpu 5
done SIDNET-epinions-8-0-0.01-0.00001 (80s) [14 finished]
start SIDNET-epinions-8-0-0.01-0 on gpu 6
done SIDNET-epinions-8-1-0.01-0 (80s) [15 finished]
start SIDNET-epinions-8-1-0.005-0.00001 on gpu 5
done SIDNET-epinions-8-0-0.01-0 (80s) [16 finished]
start SIDNET-epinions-8-0-0.005-0.00001 on gpu 6
done SIDNET-epinions-8-1-0.005-0.00001 (80s) [17 finished]
start SIDNET-epinions-8-1-0.005-0 on gpu 5
done SIDNET-epinions-8-0-0.005-0.00001 (80s) [18 finished]
start SIDNET-epinions-8-0-0.005-0 on gpu 6
done SIDNET-epinions-8-1-0.005-0 (80s) [19 finished]
start SIDNET-epinions-8-1-0.001-0.00001 on gpu 5
done SIDNET-epinions-8-0-0.005-0 (80s) [20 finished]
start SIDNET-epinions-8-0-0.001-0.00001 on gpu 6
done SIDNET-epinions-8-1-0.001-0.00001 (110s) [21 finished]
start SIDNET-epinions-8-1-0.001-0 on gpu 5
done SIDNET-epinions-8-0-0.001-0.00001 (110s) [22 finished]
start SIDNET-epinions-8-0-0.001-0 on gpu 6
done SIDNET-epinions-8-1-0.001-0 (110s) [23 finished]
start SLGNN-epinions-8-1-0.01-0.00001 on gpu 5
done SIDNET-epinions-8-0-0.001-0 (110s) [24 finished]
start SLGNN-epinions-8-0-0.01-0.00001 on gpu 6
done SLGNN-epinions-8-1-0.01-0.00001 (510s) [25 finished]
start SLGNN-epinions-8-1-0.01-0 on gpu 5
done SLGNN-epinions-8-0-0.01-0.00001 (650s) [26 finished]
start SLGNN-epinions-8-0-0.01-0 on gpu 6
done SLGNN-epinions-8-1-0.01-0 (475s) [27 finished]
start SLGNN-epinions-8-1-0.005-0.00001 on gpu 5
done SLGNN-epinions-8-0-0.01-0 (400s) [28 finished]
start SLGNN-epinions-8-0-0.005-0.00001 on gpu 6
done SLGNN-epinions-8-1-0.005-0.00001 (660s) [29 finished]
start SLGNN-epinions-8-1-0.005-0 on gpu 5
done SLGNN-epinions-8-0-0.005-0.00001 (660s) [30 finished]
start SLGNN-epinions-8-0-0.005-0 on gpu 6
done SLGNN-epinions-8-1-0.005-0 (500s) [31 finished]
start SLGNN-epinions-8-1-0.001-0.00001 on gpu 5
done SLGNN-epinions-8-0-0.005-0 (475s) [32 finished]
start SLGNN-epinions-8-0-0.001-0.00001 on gpu 6
done SLGNN-epinions-8-0-0.001-0.00001 (355s) [33 finished]
start SLGNN-epinions-8-1-0.001-0 on gpu 6
done SLGNN-epinions-8-1-0.001-0.00001 (660s) [34 finished]
start SLGNN-epinions-8-0-0.001-0 on gpu 5
done SLGNN-epinions-8-0-0.001-0 (335s) [35 finished]
start SGCN-epinions-8-1-0.01-0.00001 on gpu 5
done SLGNN-epinions-8-1-0.001-0 (660s) [36 finished]
start SGCN-epinions-8-0-0.01-0.00001 on gpu 6
done SGCN-epinions-8-1-0.01-0.00001 (90s) [37 finished]
start SGCN-epinions-8-1-0.01-0 on gpu 5
done SGCN-epinions-8-0-0.01-0.00001 (85s) [38 finished]
start SGCN-epinions-8-0-0.01-0 on gpu 6
done SGCN-epinions-8-1-0.01-0 (90s) [39 finished]
start SGCN-epinions-8-1-0.005-0.00001 on gpu 5
done SGCN-epinions-8-0-0.01-0 (90s) [40 finished]
start SGCN-epinions-8-0-0.005-0.00001 on gpu 6
done SGCN-epinions-8-1-0.005-0.00001 (90s) [41 finished]
start SGCN-epinions-8-1-0.005-0 on gpu 5
done SGCN-epinions-8-0-0.005-0.00001 (90s) [42 finished]
start SGCN-epinions-8-0-0.005-0 on gpu 6
done SGCN-epinions-8-1-0.005-0 (90s) [43 finished]
start SGCN-epinions-8-1-0.001-0.00001 on gpu 5
done SGCN-epinions-8-0-0.005-0 (90s) [44 finished]
start SGCN-epinions-8-0-0.001-0.00001 on gpu 6
done SGCN-epinions-8-1-0.001-0.00001 (90s) [45 finished]
start SGCN-epinions-8-1-0.001-0 on gpu 5
done SGCN-epinions-8-0-0.001-0.00001 (90s) [46 finished]
start SGCN-epinions-8-0-0.001-0 on gpu 6
done SGCN-epinions-8-1-0.001-0 (90s) [47 finished]
start BGSD-slashdot-8-1-0.01-0.00001 on gpu 5
done BGSD-slashdot-8-1-0.01-0.00001 (25s) [48 finished]
start BGSD-slashdot-8-0-0.01-0.00001 on gpu 5
done BGSD-slashdot-8-0-0.01-0.00001 (25s) [49 finished]
start BGSD-slashdot-8-1-0.01-0 on gpu 5
done SGCN-epinions-8-0-0.001-0 (90s) [50 finished]
start BGSD-slashdot-8-0-0.01-0 on gpu 6
done BGSD-slashdot-8-1-0.01-0 (30s) [51 finished]
start BGSD-slashdot-8-1-0.005-0.00001 on gpu 5
done BGSD-slashdot-8-0-0.01-0 (30s) [52 finished]
start BGSD-slashdot-8-0-0.005-0.00001 on gpu 6
done BGSD-slashdot-8-1-0.005-0.00001 (30s) [53 finished]
start BGSD-slashdot-8-1-0.005-0 on gpu 5
done BGSD-slashdot-8-0-0.005-0.00001 (30s) [54 finished]
start BGSD-slashdot-8-0-0.005-0 on gpu 6
done BGSD-slashdot-8-1-0.005-0 (30s) [55 finished]
start BGSD-slashdot-8-1-0.001-0.00001 on gpu 5
done BGSD-slashdot-8-0-0.005-0 (30s) [56 finished]
start BGSD-slashdot-8-0-0.001-0.00001 on gpu 6
done BGSD-slashdot-8-1-0.001-0.00001 (35s) [57 finished]
start BGSD-slashdot-8-1-0.001-0 on gpu 5
done BGSD-slashdot-8-1-0.001-0 (5s) [58 finished]
start BGSD-slashdot-8-0-0.001-0 on gpu 5
done BGSD-slashdot-8-0-0.001-0.00001 (35s) [59 finished]
done BGSD-slashdot-8-0-0.001-0 (5s) [60 finished]
start SIDNET-slashdot-8-1-0.01-0.00001 on gpu 6
start SIDNET-slashdot-8-0-0.01-0.00001 on gpu 5
done SIDNET-slashdot-8-1-0.01-0.00001 (5s) [61 finished]
done SIDNET-slashdot-8-0-0.01-0.00001 (5s) [62 finished]
start SIDNET-slashdot-8-1-0.01-0 on gpu 6
start SIDNET-slashdot-8-0-0.01-0 on gpu 5
done SIDNET-slashdot-8-1-0.01-0 (5s) [63 finished]
done SIDNET-slashdot-8-0-0.01-0 (5s) [64 finished]
start SIDNET-slashdot-8-1-0.005-0.00001 on gpu 6
start SIDNET-slashdot-8-0-0.005-0.00001 on gpu 5
done SIDNET-slashdot-8-1-0.005-0.00001 (5s) [65 finished]
done SIDNET-slashdot-8-0-0.005-0.00001 (5s) [66 finished]
start SIDNET-slashdot-8-1-0.005-0 on gpu 6
start SIDNET-slashdot-8-0-0.005-0 on gpu 5
done SIDNET-slashdot-8-1-0.005-0 (5s) [67 finished]
done SIDNET-slashdot-8-0-0.005-0 (5s) [68 finished]
start SIDNET-slashdot-8-1-0.001-0.00001 on gpu 6
start SIDNET-slashdot-8-0-0.001-0.00001 on gpu 5
done SIDNET-slashdot-8-1-0.001-0.00001 (5s) [69 finished]
done SIDNET-slashdot-8-0-0.001-0.00001 (5s) [70 finished]
start SIDNET-slashdot-8-1-0.001-0 on gpu 6
start SIDNET-slashdot-8-0-0.001-0 on gpu 5
done SIDNET-slashdot-8-1-0.001-0 (5s) [71 finished]
done SIDNET-slashdot-8-0-0.001-0 (5s) [72 finished]
start SLGNN-slashdot-8-1-0.01-0.00001 on gpu 6
start SLGNN-slashdot-8-0-0.01-0.00001 on gpu 5
done SLGNN-slashdot-8-1-0.01-0.00001 (5s) [73 finished]
done SLGNN-slashdot-8-0-0.01-0.00001 (5s) [74 finished]
start SLGNN-slashdot-8-1-0.01-0 on gpu 6
start SLGNN-slashdot-8-0-0.01-0 on gpu 5
done SLGNN-slashdot-8-1-0.01-0 (5s) [75 finished]
done SLGNN-slashdot-8-0-0.01-0 (5s) [76 finished]
start SLGNN-slashdot-8-1-0.005-0.00001 on gpu 6
start SLGNN-slashdot-8-0-0.005-0.00001 on gpu 5
done SLGNN-slashdot-8-1-0.005-0.00001 (5s) [77 finished]
done SLGNN-slashdot-8-0-0.005-0.00001 (5s) [78 finished]
start SLGNN-slashdot-8-1-0.005-0 on gpu 6
start SLGNN-slashdot-8-0-0.005-0 on gpu 5
done SLGNN-slashdot-8-1-0.005-0 (5s) [79 finished]
done SLGNN-slashdot-8-0-0.005-0 (5s) [80 finished]
start SLGNN-slashdot-8-1-0.001-0.00001 on gpu 6
start SLGNN-slashdot-8-0-0.001-0.00001 on gpu 5
done SLGNN-slashdot-8-1-0.001-0.00001 (5s) [81 finished]
done SLGNN-slashdot-8-0-0.001-0.00001 (5s) [82 finished]
start SLGNN-slashdot-8-1-0.001-0 on gpu 6
start SLGNN-slashdot-8-0-0.001-0 on gpu 5
done SLGNN-slashdot-8-1-0.001-0 (5s) [83 finished]
done SLGNN-slashdot-8-0-0.001-0 (5s) [84 finished]
start SGCN-slashdot-8-1-0.01-0.00001 on gpu 6
start SGCN-slashdot-8-0-0.01-0.00001 on gpu 5
done SGCN-slashdot-8-1-0.01-0.00001 (5s) [85 finished]
done SGCN-slashdot-8-0-0.01-0.00001 (5s) [86 finished]
start SGCN-slashdot-8-1-0.01-0 on gpu 6
start SGCN-slashdot-8-0-0.01-0 on gpu 5
done SGCN-slashdot-8-1-0.01-0 (5s) [87 finished]
done SGCN-slashdot-8-0-0.01-0 (5s) [88 finished]
start SGCN-slashdot-8-1-0.005-0.00001 on gpu 6
start SGCN-slashdot-8-0-0.005-0.00001 on gpu 5
done SGCN-slashdot-8-1-0.005-0.00001 (5s) [89 finished]
start SGCN-slashdot-8-1-0.005-0 on gpu 6
done SGCN-slashdot-8-1-0.005-0 (5s) [90 finished]
start SGCN-slashdot-8-0-0.005-0 on gpu 6
done SGCN-slashdot-8-0-0.005-0 (5s) [91 finished]
start SGCN-slashdot-8-1-0.001-0.00001 on gpu 6
done SGCN-slashdot-8-1-0.001-0.00001 (5s) [92 finished]
start SGCN-slashdot-8-0-0.001-0.00001 on gpu 6
done SGCN-slashdot-8-0-0.001-0.00001 (5s) [93 finished]
start SGCN-slashdot-8-1-0.001-0 on gpu 6
done SGCN-slashdot-8-1-0.001-0 (5s) [94 finished]
start SGCN-slashdot-8-0-0.001-0 on gpu 6
done SGCN-slashdot-8-0-0.001-0 (5s) [95 finished]
start BGSD-wiki_elec-8-1-0.01-0.00001 on gpu 6
done BGSD-wiki_elec-8-1-0.01-0.00001 (5s) [96 finished]
start BGSD-wiki_elec-8-0-0.01-0.00001 on gpu 6
done BGSD-wiki_elec-8-0-0.01-0.00001 (5s) [97 finished]
start BGSD-wiki_elec-8-1-0.01-0 on gpu 6
done BGSD-wiki_elec-8-1-0.01-0 (5s) [98 finished]
start BGSD-wiki_elec-8-0-0.01-0 on gpu 6
done BGSD-wiki_elec-8-0-0.01-0 (5s) [99 finished]
start BGSD-wiki_elec-8-1-0.005-0.00001 on gpu 6
done BGSD-wiki_elec-8-1-0.005-0.00001 (5s) [100 finished]
start BGSD-wiki_elec-8-0-0.005-0.00001 on gpu 6
done SGCN-slashdot-8-0-0.005-0.00001 (65s) [101 finished]
done BGSD-wiki_elec-8-0-0.005-0.00001 (5s) [102 finished]
start BGSD-wiki_elec-8-1-0.005-0 on gpu 5
start BGSD-wiki_elec-8-0-0.005-0 on gpu 6
done BGSD-wiki_elec-8-1-0.005-0 (5s) [103 finished]
done BGSD-wiki_elec-8-0-0.005-0 (5s) [104 finished]
start BGSD-wiki_elec-8-1-0.001-0.00001 on gpu 5
start BGSD-wiki_elec-8-0-0.001-0.00001 on gpu 6
done BGSD-wiki_elec-8-1-0.001-0.00001 (5s) [105 finished]
done BGSD-wiki_elec-8-0-0.001-0.00001 (5s) [106 finished]
start BGSD-wiki_elec-8-1-0.001-0 on gpu 5
start BGSD-wiki_elec-8-0-0.001-0 on gpu 6
done BGSD-wiki_elec-8-1-0.001-0 (5s) [107 finished]
done BGSD-wiki_elec-8-0-0.001-0 (5s) [108 finished]
start SIDNET-wiki_elec-8-1-0.01-0.00001 on gpu 5
start SIDNET-wiki_elec-8-0-0.01-0.00001 on gpu 6
done SIDNET-wiki_elec-8-1-0.01-0.00001 (5s) [109 finished]
done SIDNET-wiki_elec-8-0-0.01-0.00001 (5s) [110 finished]
start SIDNET-wiki_elec-8-1-0.01-0 on gpu 5
start SIDNET-wiki_elec-8-0-0.01-0 on gpu 6
done SIDNET-wiki_elec-8-1-0.01-0 (5s) [111 finished]
done SIDNET-wiki_elec-8-0-0.01-0 (5s) [112 finished]
start SIDNET-wiki_elec-8-1-0.005-0.00001 on gpu 5
start SIDNET-wiki_elec-8-0-0.005-0.00001 on gpu 6
done SIDNET-wiki_elec-8-1-0.005-0.00001 (5s) [113 finished]
done SIDNET-wiki_elec-8-0-0.005-0.00001 (5s) [114 finished]
start SIDNET-wiki_elec-8-1-0.005-0 on gpu 5
start SIDNET-wiki_elec-8-0-0.005-0 on gpu 6
done SIDNET-wiki_elec-8-1-0.005-0 (5s) [115 finished]
done SIDNET-wiki_elec-8-0-0.005-0 (5s) [116 finished]
start SIDNET-wiki_elec-8-1-0.001-0.00001 on gpu 5
start SIDNET-wiki_elec-8-0-0.001-0.00001 on gpu 6
done SIDNET-wiki_elec-8-1-0.001-0.00001 (5s) [117 finished]
done SIDNET-wiki_elec-8-0-0.001-0.00001 (5s) [118 finished]
start SIDNET-wiki_elec-8-1-0.001-0 on gpu 5
start SIDNET-wiki_elec-8-0-0.001-0 on gpu 6
done SIDNET-wiki_elec-8-1-0.001-0 (5s) [119 finished]
done SIDNET-wiki_elec-8-0-0.001-0 (5s) [120 finished]
start SLGNN-wiki_elec-8-1-0.01-0.00001 on gpu 5
start SLGNN-wiki_elec-8-0-0.01-0.00001 on gpu 6
done SLGNN-wiki_elec-8-1-0.01-0.00001 (5s) [121 finished]
done SLGNN-wiki_elec-8-0-0.01-0.00001 (5s) [122 finished]
start SLGNN-wiki_elec-8-1-0.01-0 on gpu 5
start SLGNN-wiki_elec-8-0-0.01-0 on gpu 6
done SLGNN-wiki_elec-8-1-0.01-0 (5s) [123 finished]
done SLGNN-wiki_elec-8-0-0.01-0 (5s) [124 finished]
start SLGNN-wiki_elec-8-1-0.005-0.00001 on gpu 5
start SLGNN-wiki_elec-8-0-0.005-0.00001 on gpu 6
done SLGNN-wiki_elec-8-1-0.005-0.00001 (5s) [125 finished]
done SLGNN-wiki_elec-8-0-0.005-0.00001 (5s) [126 finished]
start SLGNN-wiki_elec-8-1-0.005-0 on gpu 5
start SLGNN-wiki_elec-8-0-0.005-0 on gpu 6
done SLGNN-wiki_elec-8-1-0.005-0 (5s) [127 finished]
done SLGNN-wiki_elec-8-0-0.005-0 (5s) [128 finished]
start SLGNN-wiki_elec-8-1-0.001-0.00001 on gpu 5
start SLGNN-wiki_elec-8-0-0.001-0.00001 on gpu 6
done SLGNN-wiki_elec-8-1-0.001-0.00001 (5s) [129 finished]
done SLGNN-wiki_elec-8-0-0.001-0.00001 (5s) [130 finished]
start SLGNN-wiki_elec-8-1-0.001-0 on gpu 5
start SLGNN-wiki_elec-8-0-0.001-0 on gpu 6
done SLGNN-wiki_elec-8-1-0.001-0 (5s) [131 finished]
done SLGNN-wiki_elec-8-0-0.001-0 (5s) [132 finished]
start SGCN-wiki_elec-8-1-0.01-0.00001 on gpu 5
start SGCN-wiki_elec-8-0-0.01-0.00001 on gpu 6
done SGCN-wiki_elec-8-1-0.01-0.00001 (5s) [133 finished]
done SGCN-wiki_elec-8-0-0.01-0.00001 (5s) [134 finished]
start SGCN-wiki_elec-8-1-0.01-0 on gpu 5
start SGCN-wiki_elec-8-0-0.01-0 on gpu 6
done SGCN-wiki_elec-8-1-0.01-0 (5s) [135 finished]
done SGCN-wiki_elec-8-0-0.01-0 (5s) [136 finished]
start SGCN-wiki_elec-8-1-0.005-0.00001 on gpu 5
start SGCN-wiki_elec-8-0-0.005-0.00001 on gpu 6
done SGCN-wiki_elec-8-1-0.005-0.00001 (5s) [137 finished]
done SGCN-wiki_elec-8-0-0.005-0.00001 (5s) [138 finished]
start SGCN-wiki_elec-8-1-0.005-0 on gpu 5
start SGCN-wiki_elec-8-0-0.005-0 on gpu 6
done SGCN-wiki_elec-8-1-0.005-0 (5s) [139 finished]
done SGCN-wiki_elec-8-0-0.005-0 (5s) [140 finished]
start SGCN-wiki_elec-8-1-0.001-0.00001 on gpu 5
start SGCN-wiki_elec-8-0-0.001-0.00001 on gpu 6
done SGCN-wiki_elec-8-1-0.001-0.00001 (5s) [141 finished]
done SGCN-wiki_elec-8-0-0.001-0.00001 (5s) [142 finished]
start SGCN-wiki_elec-8-1-0.001-0 on gpu 5
start SGCN-wiki_elec-8-0-0.001-0 on gpu 6
done SGCN-wiki_elec-8-1-0.001-0 (5s) [143 finished]
done SGCN-wiki_elec-8-0-0.001-0 (5s) [144 finished]
start BGSD-wiki_rfa-8-1-0.01-0.00001 on gpu 5
start BGSD-wiki_rfa-8-0-0.01-0.00001 on gpu 6
done BGSD-wiki_rfa-8-1-0.01-0.00001 (5s) [145 finished]
done BGSD-wiki_rfa-8-0-0.01-0.00001 (5s) [146 finished]
start BGSD-wiki_rfa-8-1-0.01-0 on gpu 5
start BGSD-wiki_rfa-8-0-0.01-0 on gpu 6
done BGSD-wiki_rfa-8-1-0.01-0 (5s) [147 finished]
done BGSD-wiki_rfa-8-0-0.01-0 (5s) [148 finished]
start BGSD-wiki_rfa-8-1-0.005-0.00001 on gpu 5
start BGSD-wiki_rfa-8-0-0.005-0.00001 on gpu 6
done BGSD-wiki_rfa-8-1-0.005-0.00001 (5s) [149 finished]
done BGSD-wiki_rfa-8-0-0.005-0.00001 (5s) [150 finished]
start BGSD-wiki_rfa-8-1-0.005-0 on gpu 5
start BGSD-wiki_rfa-8-0-0.005-0 on gpu 6
done BGSD-wiki_rfa-8-1-0.005-0 (5s) [151 finished]
done BGSD-wiki_rfa-8-0-0.005-0 (5s) [152 finished]
start BGSD-wiki_rfa-8-1-0.001-0.00001 on gpu 5
start BGSD-wiki_rfa-8-0-0.001-0.00001 on gpu 6
done BGSD-wiki_rfa-8-1-0.001-0.00001 (5s) [153 finished]
done BGSD-wiki_rfa-8-0-0.001-0.00001 (5s) [154 finished]
start BGSD-wiki_rfa-8-1-0.001-0 on gpu 5
start BGSD-wiki_rfa-8-0-0.001-0 on gpu 6
done BGSD-wiki_rfa-8-1-0.001-0 (5s) [155 finished]
done BGSD-wiki_rfa-8-0-0.001-0 (5s) [156 finished]
start SIDNET-wiki_rfa-8-1-0.01-0.00001 on gpu 5
start SIDNET-wiki_rfa-8-0-0.01-0.00001 on gpu 6
done SIDNET-wiki_rfa-8-1-0.01-0.00001 (5s) [157 finished]
done SIDNET-wiki_rfa-8-0-0.01-0.00001 (5s) [158 finished]
start SIDNET-wiki_rfa-8-1-0.01-0 on gpu 5
start SIDNET-wiki_rfa-8-0-0.01-0 on gpu 6
done SIDNET-wiki_rfa-8-1-0.01-0 (5s) [159 finished]
done SIDNET-wiki_rfa-8-0-0.01-0 (5s) [160 finished]
start SIDNET-wiki_rfa-8-1-0.005-0.00001 on gpu 5
start SIDNET-wiki_rfa-8-0-0.005-0.00001 on gpu 6
done SIDNET-wiki_rfa-8-1-0.005-0.00001 (5s) [161 finished]
done SIDNET-wiki_rfa-8-0-0.005-0.00001 (5s) [162 finished]
start SIDNET-wiki_rfa-8-1-0.005-0 on gpu 5
start SIDNET-wiki_rfa-8-0-0.005-0 on gpu 6
done SIDNET-wiki_rfa-8-1-0.005-0 (5s) [163 finished]
done SIDNET-wiki_rfa-8-0-0.005-0 (5s) [164 finished]
start SIDNET-wiki_rfa-8-1-0.001-0.00001 on gpu 5
start SIDNET-wiki_rfa-8-0-0.001-0.00001 on gpu 6
done SIDNET-wiki_rfa-8-1-0.001-0.00001 (5s) [165 finished]
done SIDNET-wiki_rfa-8-0-0.001-0.00001 (5s) [166 finished]
start SIDNET-wiki_rfa-8-1-0.001-0 on gpu 5
start SIDNET-wiki_rfa-8-0-0.001-0 on gpu 6
done SIDNET-wiki_rfa-8-1-0.001-0 (5s) [167 finished]
done SIDNET-wiki_rfa-8-0-0.001-0 (5s) [168 finished]
start SLGNN-wiki_rfa-8-1-0.01-0.00001 on gpu 5
start SLGNN-wiki_rfa-8-0-0.01-0.00001 on gpu 6
done SLGNN-wiki_rfa-8-1-0.01-0.00001 (5s) [169 finished]
done SLGNN-wiki_rfa-8-0-0.01-0.00001 (5s) [170 finished]
start SLGNN-wiki_rfa-8-1-0.01-0 on gpu 5
start SLGNN-wiki_rfa-8-0-0.01-0 on gpu 6
done SLGNN-wiki_rfa-8-1-0.01-0 (5s) [171 finished]
done SLGNN-wiki_rfa-8-0-0.01-0 (5s) [172 finished]
start SLGNN-wiki_rfa-8-1-0.005-0.00001 on gpu 5
start SLGNN-wiki_rfa-8-0-0.005-0.00001 on gpu 6
done SLGNN-wiki_rfa-8-1-0.005-0.00001 (5s) [173 finished]
done SLGNN-wiki_rfa-8-0-0.005-0.00001 (5s) [174 finished]
start SLGNN-wiki_rfa-8-1-0.005-0 on gpu 5
start SLGNN-wiki_rfa-8-0-0.005-0 on gpu 6
done SLGNN-wiki_rfa-8-1-0.005-0 (5s) [175 finished]
done SLGNN-wiki_rfa-8-0-0.005-0 (5s) [176 finished]
start SLGNN-wiki_rfa-8-1-0.001-0.00001 on gpu 5
start SLGNN-wiki_rfa-8-0-0.001-0.00001 on gpu 6
done SLGNN-wiki_rfa-8-1-0.001-0.00001 (5s) [177 finished]
done SLGNN-wiki_rfa-8-0-0.001-0.00001 (5s) [178 finished]
start SLGNN-wiki_rfa-8-1-0.001-0 on gpu 5
start SLGNN-wiki_rfa-8-0-0.001-0 on gpu 6
done SLGNN-wiki_rfa-8-1-0.001-0 (5s) [179 finished]
done SLGNN-wiki_rfa-8-0-0.001-0 (5s) [180 finished]
start SGCN-wiki_rfa-8-1-0.01-0.00001 on gpu 5
start SGCN-wiki_rfa-8-0-0.01-0.00001 on gpu 6
done SGCN-wiki_rfa-8-1-0.01-0.00001 (5s) [181 finished]
done SGCN-wiki_rfa-8-0-0.01-0.00001 (5s) [182 finished]
start SGCN-wiki_rfa-8-1-0.01-0 on gpu 5
start SGCN-wiki_rfa-8-0-0.01-0 on gpu 6
done SGCN-wiki_rfa-8-1-0.01-0 (5s) [183 finished]
done SGCN-wiki_rfa-8-0-0.01-0 (5s) [184 finished]
start SGCN-wiki_rfa-8-1-0.005-0.00001 on gpu 5
start SGCN-wiki_rfa-8-0-0.005-0.00001 on gpu 6
done SGCN-wiki_rfa-8-1-0.005-0.00001 (5s) [185 finished]
done SGCN-wiki_rfa-8-0-0.005-0.00001 (5s) [186 finished]
start SGCN-wiki_rfa-8-1-0.005-0 on gpu 5
start SGCN-wiki_rfa-8-0-0.005-0 on gpu 6
done SGCN-wiki_rfa-8-1-0.005-0 (5s) [187 finished]
done SGCN-wiki_rfa-8-0-0.005-0 (5s) [188 finished]
start SGCN-wiki_rfa-8-1-0.001-0.00001 on gpu 5
start SGCN-wiki_rfa-8-0-0.001-0.00001 on gpu 6
done SGCN-wiki_rfa-8-1-0.001-0.00001 (5s) [189 finished]
done SGCN-wiki_rfa-8-0-0.001-0.00001 (5s) [190 finished]
start SGCN-wiki_rfa-8-1-0.001-0 on gpu 5
start SGCN-wiki_rfa-8-0-0.001-0 on gpu 6
done SGCN-wiki_rfa-8-1-0.001-0 (5s) [191 finished]
done SGCN-wiki_rfa-8-0-0.001-0 (5s) [192 finished]
start BGSD-bitcoin_otc-8-1-0.01-0.00001 on gpu 5
start BGSD-bitcoin_otc-8-0-0.01-0.00001 on gpu 6
done BGSD-bitcoin_otc-8-1-0.01-0.00001 (5s) [193 finished]
done BGSD-bitcoin_otc-8-0-0.01-0.00001 (5s) [194 finished]
start BGSD-bitcoin_otc-8-1-0.01-0 on gpu 5
start BGSD-bitcoin_otc-8-0-0.01-0 on gpu 6
done BGSD-bitcoin_otc-8-1-0.01-0 (5s) [195 finished]
done BGSD-bitcoin_otc-8-0-0.01-0 (5s) [196 finished]
start BGSD-bitcoin_otc-8-1-0.005-0.00001 on gpu 5
start BGSD-bitcoin_otc-8-0-0.005-0.00001 on gpu 6
done BGSD-bitcoin_otc-8-1-0.005-0.00001 (5s) [197 finished]
done BGSD-bitcoin_otc-8-0-0.005-0.00001 (5s) [198 finished]
start BGSD-bitcoin_otc-8-1-0.005-0 on gpu 5
start BGSD-bitcoin_otc-8-0-0.005-0 on gpu 6
done BGSD-bitcoin_otc-8-1-0.005-0 (5s) [199 finished]
done BGSD-bitcoin_otc-8-0-0.005-0 (5s) [200 finished]
start BGSD-bitcoin_otc-8-1-0.001-0.00001 on gpu 5
start BGSD-bitcoin_otc-8-0-0.001-0.00001 on gpu 6
done BGSD-bitcoin_otc-8-1-0.001-0.00001 (5s) [201 finished]
done BGSD-bitcoin_otc-8-0-0.001-0.00001 (5s) [202 finished]
start BGSD-bitcoin_otc-8-1-0.001-0 on gpu 5
start BGSD-bitcoin_otc-8-0-0.001-0 on gpu 6
done BGSD-bitcoin_otc-8-1-0.001-0 (5s) [203 finished]
done BGSD-bitcoin_otc-8-0-0.001-0 (5s) [204 finished]
start SIDNET-bitcoin_otc-8-1-0.01-0.00001 on gpu 5
start SIDNET-bitcoin_otc-8-0-0.01-0.00001 on gpu 6
done SIDNET-bitcoin_otc-8-1-0.01-0.00001 (5s) [205 finished]
done SIDNET-bitcoin_otc-8-0-0.01-0.00001 (5s) [206 finished]
start SIDNET-bitcoin_otc-8-1-0.01-0 on gpu 5
start SIDNET-bitcoin_otc-8-0-0.01-0 on gpu 6
done SIDNET-bitcoin_otc-8-1-0.01-0 (5s) [207 finished]
done SIDNET-bitcoin_otc-8-0-0.01-0 (5s) [208 finished]
start SIDNET-bitcoin_otc-8-1-0.005-0.00001 on gpu 5
start SIDNET-bitcoin_otc-8-0-0.005-0.00001 on gpu 6
done SIDNET-bitcoin_otc-8-1-0.005-0.00001 (5s) [209 finished]
done SIDNET-bitcoin_otc-8-0-0.005-0.00001 (5s) [210 finished]
start SIDNET-bitcoin_otc-8-1-0.005-0 on gpu 5
start SIDNET-bitcoin_otc-8-0-0.005-0 on gpu 6
done SIDNET-bitcoin_otc-8-1-0.005-0 (5s) [211 finished]
done SIDNET-bitcoin_otc-8-0-0.005-0 (5s) [212 finished]
start SIDNET-bitcoin_otc-8-1-0.001-0.00001 on gpu 5
start SIDNET-bitcoin_otc-8-0-0.001-0.00001 on gpu 6
done SIDNET-bitcoin_otc-8-1-0.001-0.00001 (5s) [213 finished]
done SIDNET-bitcoin_otc-8-0-0.001-0.00001 (5s) [214 finished]
start SIDNET-bitcoin_otc-8-1-0.001-0 on gpu 5
start SIDNET-bitcoin_otc-8-0-0.001-0 on gpu 6
done SIDNET-bitcoin_otc-8-1-0.001-0 (5s) [215 finished]
done SIDNET-bitcoin_otc-8-0-0.001-0 (5s) [216 finished]
start SLGNN-bitcoin_otc-8-1-0.01-0.00001 on gpu 5
start SLGNN-bitcoin_otc-8-0-0.01-0.00001 on gpu 6
done SLGNN-bitcoin_otc-8-1-0.01-0.00001 (5s) [217 finished]
done SLGNN-bitcoin_otc-8-0-0.01-0.00001 (5s) [218 finished]
start SLGNN-bitcoin_otc-8-1-0.01-0 on gpu 5
start SLGNN-bitcoin_otc-8-0-0.01-0 on gpu 6
done SLGNN-bitcoin_otc-8-1-0.01-0 (5s) [219 finished]
done SLGNN-bitcoin_otc-8-0-0.01-0 (5s) [220 finished]
start SLGNN-bitcoin_otc-8-1-0.005-0.00001 on gpu 5
start SLGNN-bitcoin_otc-8-0-0.005-0.00001 on gpu 6
done SLGNN-bitcoin_otc-8-1-0.005-0.00001 (5s) [221 finished]
done SLGNN-bitcoin_otc-8-0-0.005-0.00001 (5s) [222 finished]
start SLGNN-bitcoin_otc-8-1-0.005-0 on gpu 5
start SLGNN-bitcoin_otc-8-0-0.005-0 on gpu 6
done SLGNN-bitcoin_otc-8-1-0.005-0 (5s) [223 finished]
done SLGNN-bitcoin_otc-8-0-0.005-0 (5s) [224 finished]
start SLGNN-bitcoin_otc-8-1-0.001-0.00001 on gpu 5
start SLGNN-bitcoin_otc-8-0-0.001-0.00001 on gpu 6
done SLGNN-bitcoin_otc-8-1-0.001-0.00001 (5s) [225 finished]
done SLGNN-bitcoin_otc-8-0-0.001-0.00001 (5s) [226 finished]
start SLGNN-bitcoin_otc-8-1-0.001-0 on gpu 5
start SLGNN-bitcoin_otc-8-0-0.001-0 on gpu 6
done SLGNN-bitcoin_otc-8-1-0.001-0 (5s) [227 finished]
done SLGNN-bitcoin_otc-8-0-0.001-0 (5s) [228 finished]
start SGCN-bitcoin_otc-8-1-0.01-0.00001 on gpu 5
start SGCN-bitcoin_otc-8-0-0.01-0.00001 on gpu 6
done SGCN-bitcoin_otc-8-1-0.01-0.00001 (5s) [229 finished]
done SGCN-bitcoin_otc-8-0-0.01-0.00001 (5s) [230 finished]
start SGCN-bitcoin_otc-8-1-0.01-0 on gpu 5
start SGCN-bitcoin_otc-8-0-0.01-0 on gpu 6
done SGCN-bitcoin_otc-8-1-0.01-0 (5s) [231 finished]
done SGCN-bitcoin_otc-8-0-0.01-0 (5s) [232 finished]
start SGCN-bitcoin_otc-8-1-0.005-0.00001 on gpu 5
start SGCN-bitcoin_otc-8-0-0.005-0.00001 on gpu 6
done SGCN-bitcoin_otc-8-1-0.005-0.00001 (5s) [233 finished]
done SGCN-bitcoin_otc-8-0-0.005-0.00001 (5s) [234 finished]
start SGCN-bitcoin_otc-8-1-0.005-0 on gpu 5
start SGCN-bitcoin_otc-8-0-0.005-0 on gpu 6
done SGCN-bitcoin_otc-8-1-0.005-0 (5s) [235 finished]
done SGCN-bitcoin_otc-8-0-0.005-0 (5s) [236 finished]
start SGCN-bitcoin_otc-8-1-0.001-0.00001 on gpu 5
start SGCN-bitcoin_otc-8-0-0.001-0.00001 on gpu 6
done SGCN-bitcoin_otc-8-1-0.001-0.00001 (5s) [237 finished]
done SGCN-bitcoin_otc-8-0-0.001-0.00001 (5s) [238 finished]
start SGCN-bitcoin_otc-8-1-0.001-0 on gpu 5
start SGCN-bitcoin_otc-8-0-0.001-0 on gpu 6
done SGCN-bitcoin_otc-8-1-0.001-0 (5s) [239 finished]
done SGCN-bitcoin_otc-8-0-0.001-0 (5s) [240 finished]
start BGSD-bitcoin_alpha-8-1-0.01-0.00001 on gpu 5
start BGSD-bitcoin_alpha-8-0-0.01-0.00001 on gpu 6
done BGSD-bitcoin_alpha-8-1-0.01-0.00001 (5s) [241 finished]
done BGSD-bitcoin_alpha-8-0-0.01-0.00001 (5s) [242 finished]
start BGSD-bitcoin_alpha-8-1-0.01-0 on gpu 5
start BGSD-bitcoin_alpha-8-0-0.01-0 on gpu 6
done BGSD-bitcoin_alpha-8-1-0.01-0 (5s) [243 finished]
done BGSD-bitcoin_alpha-8-0-0.01-0 (5s) [244 finished]
start BGSD-bitcoin_alpha-8-1-0.005-0.00001 on gpu 5
start BGSD-bitcoin_alpha-8-0-0.005-0.00001 on gpu 6
done BGSD-bitcoin_alpha-8-1-0.005-0.00001 (5s) [245 finished]
done BGSD-bitcoin_alpha-8-0-0.005-0.00001 (5s) [246 finished]
start BGSD-bitcoin_alpha-8-1-0.005-0 on gpu 5
start BGSD-bitcoin_alpha-8-0-0.005-0 on gpu 6
done BGSD-bitcoin_alpha-8-1-0.005-0 (5s) [247 finished]
done BGSD-bitcoin_alpha-8-0-0.005-0 (5s) [248 finished]
start BGSD-bitcoin_alpha-8-1-0.001-0.00001 on gpu 5
start BGSD-bitcoin_alpha-8-0-0.001-0.00001 on gpu 6
done BGSD-bitcoin_alpha-8-1-0.001-0.00001 (5s) [249 finished]
done BGSD-bitcoin_alpha-8-0-0.001-0.00001 (5s) [250 finished]
start BGSD-bitcoin_alpha-8-1-0.001-0 on gpu 5
start BGSD-bitcoin_alpha-8-0-0.001-0 on gpu 6
done BGSD-bitcoin_alpha-8-1-0.001-0 (5s) [251 finished]
done BGSD-bitcoin_alpha-8-0-0.001-0 (5s) [252 finished]
start SIDNET-bitcoin_alpha-8-1-0.01-0.00001 on gpu 5
start SIDNET-bitcoin_alpha-8-0-0.01-0.00001 on gpu 6
done SIDNET-bitcoin_alpha-8-1-0.01-0.00001 (5s) [253 finished]
done SIDNET-bitcoin_alpha-8-0-0.01-0.00001 (5s) [254 finished]
start SIDNET-bitcoin_alpha-8-1-0.01-0 on gpu 5
start SIDNET-bitcoin_alpha-8-0-0.01-0 on gpu 6
done SIDNET-bitcoin_alpha-8-1-0.01-0 (5s) [255 finished]
done SIDNET-bitcoin_alpha-8-0-0.01-0 (5s) [256 finished]
start SIDNET-bitcoin_alpha-8-1-0.005-0.00001 on gpu 5
start SIDNET-bitcoin_alpha-8-0-0.005-0.00001 on gpu 6
done SIDNET-bitcoin_alpha-8-1-0.005-0.00001 (5s) [257 finished]
done SIDNET-bitcoin_alpha-8-0-0.005-0.00001 (5s) [258 finished]
start SIDNET-bitcoin_alpha-8-1-0.005-0 on gpu 5
start SIDNET-bitcoin_alpha-8-0-0.005-0 on gpu 6
done SIDNET-bitcoin_alpha-8-1-0.005-0 (5s) [259 finished]
done SIDNET-bitcoin_alpha-8-0-0.005-0 (5s) [260 finished]
start SIDNET-bitcoin_alpha-8-1-0.001-0.00001 on gpu 5
start SIDNET-bitcoin_alpha-8-0-0.001-0.00001 on gpu 6
done SIDNET-bitcoin_alpha-8-1-0.001-0.00001 (5s) [261 finished]
done SIDNET-bitcoin_alpha-8-0-0.001-0.00001 (5s) [262 finished]
start SIDNET-bitcoin_alpha-8-1-0.001-0 on gpu 5
start SIDNET-bitcoin_alpha-8-0-0.001-0 on gpu 6
done SIDNET-bitcoin_alpha-8-1-0.001-0 (5s) [263 finished]
done SIDNET-bitcoin_alpha-8-0-0.001-0 (5s) [264 finished]
start SLGNN-bitcoin_alpha-8-1-0.01-0.00001 on gpu 5
start SLGNN-bitcoin_alpha-8-0-0.01-0.00001 on gpu 6
done SLGNN-bitcoin_alpha-8-1-0.01-0.00001 (5s) [265 finished]
done SLGNN-bitcoin_alpha-8-0-0.01-0.00001 (5s) [266 finished]
start SLGNN-bitcoin_alpha-8-1-0.01-0 on gpu 5
start SLGNN-bitcoin_alpha-8-0-0.01-0 on gpu 6
done SLGNN-bitcoin_alpha-8-1-0.01-0 (5s) [267 finished]
done SLGNN-bitcoin_alpha-8-0-0.01-0 (5s) [268 finished]
start SLGNN-bitcoin_alpha-8-1-0.005-0.00001 on gpu 5
start SLGNN-bitcoin_alpha-8-0-0.005-0.00001 on gpu 6
done SLGNN-bitcoin_alpha-8-1-0.005-0.00001 (5s) [269 finished]
done SLGNN-bitcoin_alpha-8-0-0.005-0.00001 (5s) [270 finished]
start SLGNN-bitcoin_alpha-8-1-0.005-0 on gpu 5
start SLGNN-bitcoin_alpha-8-0-0.005-0 on gpu 6
done SLGNN-bitcoin_alpha-8-1-0.005-0 (5s) [271 finished]
done SLGNN-bitcoin_alpha-8-0-0.005-0 (5s) [272 finished]
start SLGNN-bitcoin_alpha-8-1-0.001-0.00001 on gpu 5
start SLGNN-bitcoin_alpha-8-0-0.001-0.00001 on gpu 6
done SLGNN-bitcoin_alpha-8-1-0.001-0.00001 (5s) [273 finished]
done SLGNN-bitcoin_alpha-8-0-0.001-0.00001 (5s) [274 finished]
start SLGNN-bitcoin_alpha-8-1-0.001-0 on gpu 5
start SLGNN-bitcoin_alpha-8-0-0.001-0 on gpu 6
done SLGNN-bitcoin_alpha-8-1-0.001-0 (5s) [275 finished]
done SLGNN-bitcoin_alpha-8-0-0.001-0 (5s) [276 finished]
start SGCN-bitcoin_alpha-8-1-0.01-0.00001 on gpu 5
start SGCN-bitcoin_alpha-8-0-0.01-0.00001 on gpu 6
done SGCN-bitcoin_alpha-8-1-0.01-0.00001 (5s) [277 finished]
done SGCN-bitcoin_alpha-8-0-0.01-0.00001 (5s) [278 finished]
start SGCN-bitcoin_alpha-8-1-0.01-0 on gpu 5
start SGCN-bitcoin_alpha-8-0-0.01-0 on gpu 6
done SGCN-bitcoin_alpha-8-1-0.01-0 (5s) [279 finished]
done SGCN-bitcoin_alpha-8-0-0.01-0 (5s) [280 finished]
start SGCN-bitcoin_alpha-8-1-0.005-0.00001 on gpu 5
start SGCN-bitcoin_alpha-8-0-0.005-0.00001 on gpu 6
done SGCN-bitcoin_alpha-8-1-0.005-0.00001 (5s) [281 finished]
done SGCN-bitcoin_alpha-8-0-0.005-0.00001 (5s) [282 finished]
start SGCN-bitcoin_alpha-8-1-0.005-0 on gpu 5
start SGCN-bitcoin_alpha-8-0-0.005-0 on gpu 6
done SGCN-bitcoin_alpha-8-1-0.005-0 (5s) [283 finished]
done SGCN-bitcoin_alpha-8-0-0.005-0 (5s) [284 finished]
start SGCN-bitcoin_alpha-8-1-0.001-0.00001 on gpu 5
start SGCN-bitcoin_alpha-8-0-0.001-0.00001 on gpu 6
done SGCN-bitcoin_alpha-8-1-0.001-0.00001 (5s) [285 finished]
done SGCN-bitcoin_alpha-8-0-0.001-0.00001 (5s) [286 finished]
start SGCN-bitcoin_alpha-8-1-0.001-0 on gpu 5
start SGCN-bitcoin_alpha-8-0-0.001-0 on gpu 6
done SGCN-bitcoin_alpha-8-1-0.001-0 (5s) [287 finished]
done SGCN-bitcoin_alpha-8-0-0.001-0 (5s) [288 finished]
QUEUE COMPLETE failed: none
