start SGCN-bitcoin_alpha-8-0-0.001-0 on gpu 4
start SGCN-bitcoin_alpha-8-1-0.001-0 on gpu 5
start SGCN-bitcoin_alpha-8-0-0.001-0.00001 on gpu 6
start SGCN-bitcoin_alpha-8-1-0.001-0.00001 on gpu 7
done SGCN-bitcoin_alpha-8-0-0.001-0 (10s) [1 finished]
done SGCN-bitcoin_alpha-8-1-0.001-0 (10s) [2 finished]
done SGCN-bitcoin_alpha-8-0-0.001-0.00001 (10s) [3 finished]
done SGCN-bitcoin_alpha-8-1-0.001-0.00001 (10s) [4 finished]
start SGCN-bitcoin_alpha-8-0-0.005-0 on gpu 4
start SGCN-bitcoin_alpha-8-1-0.005-0 on gpu 5
start SGCN-bitcoin_alpha-8-0-0.005-0.00001 on gpu 6
start SGCN-bitcoin_alpha-8-1-0.005-0.00001 on gpu 7
done SGCN-bitcoin_alpha-8-0-0.005-0 (15s) [5 finished]
done SGCN-bitcoin_alpha-8-1-0.005-0 (15s) [6 finished]
done SGCN-bitcoin_alpha-8-0-0.005-0.00001 (15s) [7 finished]
done SGCN-bitcoin_alpha-8-1-0.005-0.00001 (15s) [8 finished]
start SGCN-bitcoin_alpha-8-0-0.01-0 on gpu 4
start SGCN-bitcoin_alpha-8-1-0.01-0 on gpu 5
start SGCN-bitcoin_alpha-8-0-0.01-0.00001 on gpu 6
start SGCN-bitcoin_alpha-8-1-0.01-0.00001 on gpu 7
done SGCN-bitcoin_alpha-8-0-0.01-0 (15s) [9 finished]
done SGCN-bitcoin_alpha-8-1-0.01-0 (15s) [10 finished]
done SGCN-bitcoin_alpha-8-0-0.01-0.00001 (15s) [11 finished]
done SGCN-bitcoin_alpha-8-1-0.01-0.00001 (15s) [12 finished]
start SLGNN-bitcoin_alpha-8-0-0.001-0 on gpu 4
start SLGNN-bitcoin_alpha-8-1-0.001-0 on gpu 5
start SLGNN-bitcoin_alpha-8-0-0.001-0.00001 on gpu 6
start SLGNN-bitcoin_alpha-8-1-0.001-0.00001 on gpu 7
done SLGNN-bitcoin_alpha-8-0-0.001-0 (25s) [13 finished]
start SLGNN-bitcoin_alpha-8-0-0.005-0 on gpu 4
done SLGNN-bitcoin_alpha-8-0-0.001-0.00001 (35s) [14 finished]
start SLGNN-bitcoin_alpha-8-1-0.005-0 on gpu 6
done SLGNN-bitcoin_alpha-8-1-0.001-0 (40s) [15 finished]
done SLGNN-bitcoin_alpha-8-1-0.001-0.00001 (40s) [16 finished]
start SLGNN-bitcoin_alpha-8-0-0.005-0.00001 on gpu 5
start SLGNN-bitcoin_alpha-8-1-0.005-0.00001 on gpu 7
done SLGNN-bitcoin_alpha-8-0-0.005-0 (30s) [17 finished]
start SLGNN-bitcoin_alpha-8-0-0.01-0 on gpu 4
done SLGNN-bitcoin_alpha-8-0-0.005-0.00001 (25s) [18 finished]
start SLGNN-bitcoin_alpha-8-1-0.01-0 on gpu 5
done SLGNN-bitcoin_alpha-8-1-0.005-0 (45s) [19 finished]
start SLGNN-bitcoin_alpha-8-0-0.01-0.00001 on gpu 6
done SLGNN-bitcoin_alpha-8-0-0.01-0 (30s) [20 finished]
start SLGNN-bitcoin_alpha-8-1-0.01-0.00001 on gpu 4
done SLGNN-bitcoin_alpha-8-1-0.005-0.00001 (50s) [21 finished]
start SIDNET-bitcoin_alpha-8-0-0.001-0 on gpu 7
done SIDNET-bitcoin_alpha-8-0-0.001-0 (15s) [22 finished]
start SIDNET-bitcoin_alpha-8-1-0.001-0 on gpu 7
done SLGNN-bitcoin_alpha-8-1-0.01-0 (45s) [23 finished]
done SLGNN-bitcoin_alpha-8-0-0.01-0.00001 (30s) [24 finished]
start SIDNET-bitcoin_alpha-8-0-0.001-0.00001 on gpu 5
start SIDNET-bitcoin_alpha-8-1-0.001-0.00001 on gpu 6
done SIDNET-bitcoin_alpha-8-1-0.001-0 (15s) [25 finished]
done SIDNET-bitcoin_alpha-8-0-0.001-0.00001 (10s) [26 finished]
start SIDNET-bitcoin_alpha-8-0-0.005-0 on gpu 7
start SIDNET-bitcoin_alpha-8-1-0.005-0 on gpu 5
done SIDNET-bitcoin_alpha-8-1-0.001-0.00001 (15s) [27 finished]
start SIDNET-bitcoin_alpha-8-0-0.005-0.00001 on gpu 6
done SIDNET-bitcoin_alpha-8-0-0.005-0 (10s) [28 finished]
done SIDNET-bitcoin_alpha-8-1-0.005-0 (10s) [29 finished]
start SIDNET-bitcoin_alpha-8-1-0.005-0.00001 on gpu 7
start SIDNET-bitcoin_alpha-8-0-0.01-0 on gpu 5
done SLGNN-bitcoin_alpha-8-1-0.01-0.00001 (50s) [30 finished]
done SIDNET-bitcoin_alpha-8-0-0.005-0.00001 (10s) [31 finished]
start SIDNET-bitcoin_alpha-8-1-0.01-0 on gpu 4
start SIDNET-bitcoin_alpha-8-0-0.01-0.00001 on gpu 6
done SIDNET-bitcoin_alpha-8-1-0.005-0.00001 (10s) [32 finished]
done SIDNET-bitcoin_alpha-8-0-0.01-0 (10s) [33 finished]
start SIDNET-bitcoin_alpha-8-1-0.01-0.00001 on gpu 7
start BGSD-bitcoin_alpha-8-0-0.001-0 on gpu 5
done SIDNET-bitcoin_alpha-8-1-0.01-0 (10s) [34 finished]
done SIDNET-bitcoin_alpha-8-0-0.01-0.00001 (10s) [35 finished]
start BGSD-bitcoin_alpha-8-1-0.001-0 on gpu 4
start BGSD-bitcoin_alpha-8-0-0.001-0.00001 on gpu 6
done SIDNET-bitcoin_alpha-8-1-0.01-0.00001 (10s) [36 finished]
start BGSD-bitcoin_alpha-8-1-0.001-0.00001 on gpu 7
done BGSD-bitcoin_alpha-8-0-0.001-0 (15s) [37 finished]
start BGSD-bitcoin_alpha-8-0-0.005-0 on gpu 5
done BGSD-bitcoin_alpha-8-1-0.001-0 (15s) [38 finished]
done BGSD-bitcoin_alpha-8-0-0.001-0.00001 (15s) [39 finished]
start BGSD-bitcoin_alpha-8-1-0.005-0 on gpu 4
start BGSD-bitcoin_alpha-8-0-0.005-0.00001 on gpu 6
done BGSD-bitcoin_alpha-8-1-0.001-0.00001 (15s) [40 finished]
done BGSD-bitcoin_alpha-8-0-0.005-0 (10s) [41 finished]
start BGSD-bitcoin_alpha-8-1-0.005-0.00001 on gpu 7
start BGSD-bitcoin_alpha-8-0-0.01-0 on gpu 5
done BGSD-bitcoin_alpha-8-1-0.005-0 (10s) [42 finished]
done BGSD-bitcoin_alpha-8-0-0.005-0.00001 (10s) [43 finished]
start BGSD-bitcoin_alpha-8-1-0.01-0 on gpu 4
start BGSD-bitcoin_alpha-8-0-0.01-0.00001 on gpu 6
done BGSD-bitcoin_alpha-8-1-0.005-0.00001 (10s) [44 finished]
done BGSD-bitcoin_alpha-8-0-0.01-0 (10s) [45 finished]
start BGSD-bitcoin_alpha-8-1-0.01-0.00001 on gpu 7
start SGCN-bitcoin_otc-8-0-0.001-0 on gpu 5
done BGSD-bitcoin_alpha-8-1-0.01-0 (10s) [46 finished]
done BGSD-bitcoin_alpha-8-0-0.01-0.00001 (10s) [47 finished]
start SGCN-bitcoin_otc-8-1-0.001-0 on gpu 4
start SGCN-bitcoin_otc-8-0-0.001-0.00001 on gpu 6
done BGSD-bitcoin_alpha-8-1-0.01-0.00001 (10s) [48 finished]
start SGCN-bitcoin_otc-8-1-0.001-0.00001 on gpu 7
done SGCN-bitcoin_otc-8-0-0.001-0 (20s) [49 finished]
done SGCN-bitcoin_otc-8-0-0.001-0.00001 (15s) [50 finished]
start SGCN-bitcoin_otc-8-0-0.005-0 on gpu 5
start SGCN-bitcoin_otc-8-1-0.005-0 on gpu 6
done SGCN-bitcoin_otc-8-1-0.001-0 (20s) [51 finished]
done SGCN-bitcoin_otc-8-1-0.001-0.00001 (15s) [52 finished]
start SGCN-bitcoin_otc-8-0-0.005-0.00001 on gpu 4
start SGCN-bitcoin_otc-8-1-0.005-0.00001 on gpu 7
FAIL SGCN-bitcoin_otc-8-0-0.005-0.00001 (5s) [53 finished]
start SGCN-bitcoin_otc-8-0-0.01-0 on gpu 4
done SGCN-bitcoin_otc-8-0-0.005-0 (15s) [54 finished]
done SGCN-bitcoin_otc-8-1-0.005-0 (15s) [55 finished]
FAIL SGCN-bitcoin_otc-8-0-0.01-0 (5s) [56 finished]
start SGCN-bitcoin_otc-8-1-0.01-0 on gpu 5
start SGCN-bitcoin_otc-8-0-0.01-0.00001 on gpu 6
start SGCN-bitcoin_otc-8-1-0.01-0.00001 on gpu 4
done SGCN-bitcoin_otc-8-1-0.005-0.00001 (15s) [57 finished]
FAIL SGCN-bitcoin_otc-8-1-0.01-0.00001 (5s) [58 finished]
start SLGNN-bitcoin_otc-8-0-0.001-0 on gpu 7
start SLGNN-bitcoin_otc-8-1-0.001-0 on gpu 4
FAIL SLGNN-bitcoin_otc-8-0-0.001-0 (5s) [59 finished]
FAIL SLGNN-bitcoin_otc-8-1-0.001-0 (5s) [60 finished]
start SLGNN-bitcoin_otc-8-0-0.001-0.00001 on gpu 7
start SLGNN-bitcoin_otc-8-1-0.001-0.00001 on gpu 4
done SGCN-bitcoin_otc-8-1-0.01-0 (15s) [61 finished]
done SGCN-bitcoin_otc-8-0-0.01-0.00001 (15s) [62 finished]
FAIL SLGNN-bitcoin_otc-8-0-0.001-0.00001 (5s) [63 finished]
FAIL SLGNN-bitcoin_otc-8-1-0.001-0.00001 (5s) [64 finished]
start SLGNN-bitcoin_otc-8-0-0.005-0 on gpu 5
start SLGNN-bitcoin_otc-8-1-0.005-0 on gpu 6
start SLGNN-bitcoin_otc-8-0-0.005-0.00001 on gpu 7
start SLGNN-bitcoin_otc-8-1-0.005-0.00001 on gpu 4
FAIL SLGNN-bitcoin_otc-8-1-0.005-0 (5s) [65 finished]
FAIL SLGNN-bitcoin_otc-8-0-0.005-0.00001 (5s) [66 finished]
FAIL SLGNN-bitcoin_otc-8-1-0.005-0.00001 (5s) [67 finished]
start SLGNN-bitcoin_otc-8-0-0.01-0 on gpu 6
start SLGNN-bitcoin_otc-8-1-0.01-0 on gpu 7
start SLGNN-bitcoin_otc-8-0-0.01-0.00001 on gpu 4
FAIL SLGNN-bitcoin_otc-8-0-0.01-0 (5s) [68 finished]
FAIL SLGNN-bitcoin_otc-8-1-0.01-0 (5s) [69 finished]
FAIL SLGNN-bitcoin_otc-8-0-0.01-0.00001 (5s) [70 finished]
start SLGNN-bitcoin_otc-8-1-0.01-0.00001 on gpu 6
start SIDNET-bitcoin_otc-8-0-0.001-0 on gpu 7
start SIDNET-bitcoin_otc-8-1-0.001-0 on gpu 4
FAIL SLGNN-bitcoin_otc-8-1-0.01-0.00001 (5s) [71 finished]
FAIL SIDNET-bitcoin_otc-8-1-0.001-0 (5s) [72 finished]
start SIDNET-bitcoin_otc-8-0-0.001-0.00001 on gpu 6
start SIDNET-bitcoin_otc-8-1-0.001-0.00001 on gpu 4
FAIL SIDNET-bitcoin_otc-8-1-0.001-0.00001 (5s) [73 finished]
start SIDNET-bitcoin_otc-8-0-0.005-0 on gpu 4
FAIL SIDNET-bitcoin_otc-8-0-0.005-0 (5s) [74 finished]
start SIDNET-bitcoin_otc-8-1-0.005-0 on gpu 4
done SIDNET-bitcoin_otc-8-0-0.001-0 (20s) [75 finished]
FAIL SIDNET-bitcoin_otc-8-1-0.005-0 (5s) [76 finished]
start SIDNET-bitcoin_otc-8-0-0.005-0.00001 on gpu 7
start SIDNET-bitcoin_otc-8-1-0.005-0.00001 on gpu 4
done SIDNET-bitcoin_otc-8-0-0.001-0.00001 (20s) [77 finished]
FAIL SIDNET-bitcoin_otc-8-1-0.005-0.00001 (5s) [78 finished]
start SIDNET-bitcoin_otc-8-0-0.01-0 on gpu 6
start SIDNET-bitcoin_otc-8-1-0.01-0 on gpu 4
