sidnet SIDNET-bitcoin_alpha-T32-s10000-spectral: match=True 32:0.797 16:0.758 8:0.627 4:0.536 2:0.514 0:0.487
sidnet SIDNET-bitcoin_alpha-T32-s10001-spectral: match=True 32:0.804 16:0.792 8:0.720 4:0.597 2:0.545 0:0.501
sidnet SIDNET-bitcoin_alpha-T32-s10002-spectral: match=True 32:0.836 16:0.803 8:0.705 4:0.586 2:0.554 0:0.534
sidnet SIDNET-bitcoin_alpha-T32-s10003-spectral: match=True 32:0.828 16:0.800 8:0.702 4:0.554 2:0.529 0:0.502
sidnet SIDNET-bitcoin_alpha-T32-s10004-spectral: match=True 32:0.825 16:0.812 8:0.750 4:0.619 2:0.552 0:0.549
sidnet SIDNET-bitcoin_otc-T32-s10000-spectral: match=True 32:0.871 16:0.838 8:0.736 4:0.586 2:0.524 0:0.498
sidnet SIDNET-bitcoin_otc-T32-s10001-spectral: match=True 32:0.860 16:0.820 8:0.712 4:0.576 2:0.530 0:0.500
sidnet SIDNET-bitcoin_otc-T32-s10002-spectral: match=True 32:0.880 16:0.839 8:0.754 4:0.645 2:0.567 0:0.510
sidnet SIDNET-bitcoin_otc-T32-s10003-spectral: match=True 32:0.870 16:0.843 8:0.754 4:0.628 2:0.577 0:0.523
sidnet SIDNET-bitcoin_otc-T32-s10004-spectral: match=True 32:0.868 16:0.821 8:0.735 4:0.623 2:0.575 0:0.490
sidnet SIDNET-wiki_rfa-T32-s10000-spectral: match=True 32:0.835 16:0.830 8:0.742 4:0.550 2:0.517 0:0.498
sidnet SIDNET-wiki_rfa-T32-s10001-spectral: match=True 32:0.835 16:0.831 8:0.765 4:0.565 2:0.523 0:0.499
sidnet SIDNET-wiki_rfa-T32-s10002-spectral: match=True 32:0.834 16:0.830 8:0.755 4:0.557 2:0.516 0:0.492
sidnet SIDNET-wiki_rfa-T32-s10003-spectral: match=True 32:0.837 16:0.832 8:0.751 4:0.545 2:0.511 0:0.495
sidnet SIDNET-wiki_rfa-T32-s10004-spectral: match=True 32:0.839 16:0.836 8:0.782 4:0.583 2:0.524 0:0.495
sidnet SIDNET-wiki_elec-T32-s10000-spectral: match=True 32:0.840 16:0.836 8:0.780 4:0.569 2:0.505 0:0.498
sidnet SIDNET-wiki_elec-T32-s10001-spectral: match=True 32:0.831 16:0.829 8:0.785 4:0.586 2:0.512 0:0.500
sidnet SIDNET-wiki_elec-T32-s10002-spectral: match=True 32:0.840 16:0.837 8:0.788 4:0.572 2:0.536 0:0.517
sidnet SIDNET-wiki_elec-T32-s10003-spectral: match=True 32:0.835 16:0.832 8:0.787 4:0.579 2:0.527 0:0.494
sidnet SIDNET-wiki_elec-T32-s10004-spectral: match=True 32:0.831 16:0.829 8:0.802 4:0.621 2:0.537 0:0.503
sidnet SIDNET-slashdot-T32-s10000-spectral: match=True 32:0.897 16:0.891 8:0.769 4:0.570 2:0.521 0:0.503
sidnet SIDNET-slashdot-T32-s10001-spectral: match=True 32:0.899 16:0.895 8:0.791 4:0.581 2:0.527 0:0.497
sidnet SIDNET-slashdot-T32-s10002-spectral: match=True 32:0.894 16:0.890 8:0.776 4:0.571 2:0.527 0:0.495
sidnet SIDNET-slashdot-T32-s10003-spectral: match=True 32:0.899 16:0.894 8:0.772 4:0.558 2:0.514 0:0.496
sidnet SIDNET-slashdot-T32-s10004-spectral: match=True 32:0.899 16:0.893 8:0.770 4:0.558 2:0.513 0:0.488
sidnet SIDNET-epinions-T32-s10000-spectral: match=True 32:0.924 16:0.904 8:0.781 4:0.563 2:0.505 0:0.497
sidnet SIDNET-epinions-T32-s10001-spectral: match=True 32:0.923 16:0.905 8:0.768 4:0.538 2:0.498 0:0.491
sidnet SIDNET-epinions-T32-s10002-spectral: match=True 32:0.923 16:0.908 8:0.782 4:0.578 2:0.523 0:0.506
sidnet SIDNET-epinions-T32-s10003-spectral: match=True 32:0.924 16:0.904 8:0.781 4:0.573 2:0.520 0:0.507
sidnet SIDNET-epinions-T32-s10004-spectral: match=True 32:0.925 16:0.907 8:0.778 4:0.564 2:0.503 0:0.498
