start SGCN-bitcoin_alpha-T2-s0 on gpu 4
start SGCN-bitcoin_alpha-T2-s1 on gpu 5
start SGCN-bitcoin_alpha-T8-s0 on gpu 6
start SGCN-bitcoin_alpha-T8-s1 on gpu 7
done SGCN-bitcoin_alpha-T2-s1 (25s) [1 finished]
start SGCN-bitcoin_alpha-T32-s0 on gpu 5
done SGCN-bitcoin_alpha-T2-s0 (30s) [2 finished]
start SGCN-bitcoin_alpha-T32-s1 on gpu 4
done SGCN-bitcoin_alpha-T8-s0 (80s) [3 finished]
start SIDNET-bitcoin_alpha-T2-s0 on gpu 6
done SGCN-bitcoin_alpha-T8-s1 (85s) [4 finished]
start SIDNET-bitcoin_alpha-T2-s1 on gpu 7
done SIDNET-bitcoin_alpha-T2-s0 (205s) [5 finished]
start SIDNET-bitcoin_alpha-T8-s0 on gpu 6
done SIDNET-bitcoin_alpha-T2-s1 (210s) [6 finished]
start SIDNET-bitcoin_alpha-T8-s1 on gpu 7
FAIL SGCN-bitcoin_alpha-T32-s0 (285s) [7 finished]
start SIDNET-bitcoin_alpha-T32-s0 on gpu 5
FAIL SGCN-bitcoin_alpha-T32-s1 (300s) [8 finished]
start SIDNET-bitcoin_alpha-T32-s1 on gpu 4
done SIDNET-bitcoin_alpha-T8-s0 (350s) [9 finished]
done SIDNET-bitcoin_alpha-T8-s1 (375s) [10 finished]
done SIDNET-bitcoin_alpha-T32-s0 (515s) [11 finished]
done SIDNET-bitcoin_alpha-T32-s1 (505s) [12 finished]
QUEUE COMPLETE failed: ['SGCN-bitcoin_alpha-T32-s0', 'SGCN-bitcoin_alpha-T32-s1']
