start SGCN-epinions-T2-s0 on gpu 0
start SGCN-epinions-T2-s1 on gpu 1
start SGCN-epinions-T8-s0 on gpu 2
start SGCN-epinions-T8-s1 on gpu 3
done SGCN-epinions-T2-s1 (305s) [1 finished]
start SGCN-epinions-T32-s0 on gpu 1
done SGCN-epinions-T2-s0 (315s) [2 finished]
start SGCN-epinions-T32-s1 on gpu 0
done SGCN-epinions-T8-s0 (535s) [3 finished]
done SGCN-epinions-T8-s1 (535s) [4 finished]
start SIDNET-epinions-T2-s0 on gpu 2
start SIDNET-epinions-T2-s1 on gpu 3
done SIDNET-epinions-T2-s0 (390s) [5 finished]
start SIDNET-epinions-T8-s0 on gpu 2
done SIDNET-epinions-T2-s1 (395s) [6 finished]
start SIDNET-epinions-T8-s1 on gpu 3
FAIL SIDNET-epinions-T8-s0 (250s) [7 finished]
start SIDNET-epinions-T32-s0 on gpu 2
FAIL SIDNET-epinions-T8-s1 (255s) [8 finished]
start SIDNET-epinions-T32-s1 on gpu 3
FAIL SGCN-epinions-T32-s1 (1050s) [9 finished]
FAIL SGCN-epinions-T32-s0 (1075s) [10 finished]
FAIL SIDNET-epinions-T32-s0 (235s) [11 finished]
FAIL SIDNET-epinions-T32-s1 (235s) [12 finished]
QUEUE COMPLETE failed: ['SIDNET-epinions-T8-s0', 'SIDNET-epinions-T8-s1', 'SGCN-epinions-T32-s1', 'SGCN-epinions-T32-s0', 'SIDNET-epinions-T32-s0', 'SIDNET-epinions-T32-s1']
