<venv>/lib/python3.12/site-packages/torch/autograd/graph.py:829: UserWarning: Attempting to run cuBLAS, but there was no current CUDA context! Attempting to set the primary context... (Triggered internally at /pytorch/aten/src/ATen/cuda/CublasHandlePool.cpp:179.)
  return Variable._execution_engine.run_backward(  # Calls into the C++ engine to run the backward pass
relay-r4-BGSD-planted-wiki_elec-T32-s20001: e*=3 reach@0.1=3.06 match=True
relay-r4-SIDNET-planted-bitcoin_alpha-T32-s20004: e*=3 reach@0.1=3.42 match=True
relay-r8-BGSD-planted-bitcoin_alpha-T32-s20002: e*=7 reach@0.1=7.2 match=True
relay-r8-SIDNET-planted-bitcoin_alpha-T32-s20000: e*=7 reach@0.1=7.14 match=True
relay-r8-SIDNET-planted-wiki_elec-T32-s20003: e*=7 reach@0.1=7.02 match=True
balance-r16-SGCN-T32-s10001: e*=7 reach@0.1=3.6 match=True
balance-r16-SIDNET-T32-s10004: e*=7 reach@0.1=2.58 match=True
balance-r32-BGSD-T32-s10002: e*=15 reach@0.1=2.24 match=True
balance-r32-SIDNET-T32-s10000: e*=15 reach@0.1=2.91 match=True
balance-r32-SLGNN-T32-s10003: e*=15 reach@0.1=0.0 match=True
balance-r4-SGCN-T32-s10001: e*=1 reach@0.1=0.96 match=True
balance-r4-SIDNET-T32-s10004: e*=1 reach@0.1=1.0 match=True
balance-r8-BGSD-T32-s10002: e*=3 reach@0.1=1.98 match=True
balance-r8-SIDNET-T32-s10000: e*=3 reach@0.1=2.85 match=True
balance-r8-SLGNN-T32-s10003: e*=3 reach@0.1=0.0 match=True
relay-r16-SGCN-T32-s10001: e*=15 reach@0.1=4.54 match=True
relay-r16-SIDNET-T32-s10004: e*=15 reach@0.1=2.91 match=True
relay-r2-BGSD-T32-s10002: e*=1 reach@0.1=1.0 match=True
relay-r2-SIDNET-T32-s10000: e*=1 reach@0.1=1.0 match=True
relay-r2-SLGNN-T32-s10003: e*=1 reach@0.1=0.2 match=True
relay-r4-SGCN-T32-s10001: e*=3 reach@0.1=2.44 match=True
relay-r4-SIDNET-T32-s10004: e*=3 reach@0.1=3.0 match=True
relay-r8-BGSD-T32-s10002: e*=7 reach@0.1=6.98 match=True
relay-r8-SIDNET-T32-s10000: e*=7 reach@0.1=7.0 match=True
relay-r8-SLGNN-T32-s10003: e*=7 reach@0.1=0.0 match=True
