<venv>/lib/python3.12/site-packages/torch/autograd/graph.py:829: UserWarning: Attempting to run cuBLAS, but there was no current CUDA context! Attempting to set the primary context... (Triggered internally at /pytorch/aten/src/ATen/cuda/CublasHandlePool.cpp:179.)
  return Variable._execution_engine.run_backward(  # Calls into the C++ engine to run the backward pass
relay-r4-BGSD-planted-bitcoin_alpha-T32-s20004: e*=3 reach@0.1=3.18 match=True
relay-r4-SIDNET-planted-bitcoin_alpha-T32-s20002: e*=3 reach@0.1=3.14 match=True
relay-r8-BGSD-planted-bitcoin_alpha-T32-s20000: e*=7 reach@0.1=1.99 match=True
relay-r8-BGSD-planted-wiki_elec-T32-s20003: e*=7 reach@0.1=3.98989898989899 match=True
relay-r8-SIDNET-planted-wiki_elec-T32-s20001: e*=7 reach@0.1=7.08 match=True
balance-r16-BGSD-T32-s10004: e*=7 reach@0.1=0.9 match=True
balance-r16-SIDNET-T32-s10002: e*=7 reach@0.1=3.56 match=True
balance-r32-BGSD-T32-s10000: e*=15 reach@0.1=1.0 match=True
balance-r32-SGCN-T32-s10003: e*=15 reach@0.1=5.29 match=True
balance-r32-SLGNN-T32-s10001: e*=15 reach@0.1=0.0 match=True
balance-r4-BGSD-T32-s10004: e*=1 reach@0.1=1.0 match=True
balance-r4-SIDNET-T32-s10002: e*=1 reach@0.1=1.0 match=True
balance-r8-BGSD-T32-s10000: e*=3 reach@0.1=1.81 match=True
balance-r8-SGCN-T32-s10003: e*=3 reach@0.1=2.87 match=True
balance-r8-SLGNN-T32-s10001: e*=3 reach@0.1=0.72 match=True
relay-r16-BGSD-T32-s10004: e*=15 reach@0.1=2.6262626262626263 match=True
relay-r16-SIDNET-T32-s10002: e*=15 reach@0.1=3.59 match=True
relay-r2-BGSD-T32-s10000: e*=1 reach@0.1=1.0 match=True
relay-r2-SGCN-T32-s10003: e*=1 reach@0.1=1.0 match=True
relay-r2-SLGNN-T32-s10001: e*=1 reach@0.1=0.52 match=True
relay-r4-BGSD-T32-s10004: e*=3 reach@0.1=3.0 match=True
relay-r4-SIDNET-T32-s10002: e*=3 reach@0.1=3.0 match=True
relay-r8-BGSD-T32-s10000: e*=7 reach@0.1=2.13 match=True
relay-r8-SGCN-T32-s10003: e*=7 reach@0.1=1.74 match=True
relay-r8-SLGNN-T32-s10001: e*=7 reach@0.1=0.45 match=True
