start relay-2-BGSD-8-0 on gpu 4
start relay-2-BGSD-8-1 on gpu 5
start relay-2-BGSD-8-2 on gpu 6
start relay-2-BGSD-32-0 on gpu 7
done relay-2-BGSD-8-0 (55s) [1 finished]
done relay-2-BGSD-8-1 (55s) [2 finished]
done relay-2-BGSD-8-2 (55s) [3 finished]
start relay-2-BGSD-32-1 on gpu 4
start relay-2-BGSD-32-2 on gpu 5
start relay-8-BGSD-8-0 on gpu 6
done relay-8-BGSD-8-0 (40s) [4 finished]
start relay-8-BGSD-8-1 on gpu 6
done relay-2-BGSD-32-0 (110s) [5 finished]
start relay-8-BGSD-8-2 on gpu 7
done relay-8-BGSD-8-1 (40s) [6 finished]
start relay-8-BGSD-32-0 on gpu 6
done relay-2-BGSD-32-1 (85s) [7 finished]
done relay-2-BGSD-32-2 (85s) [8 finished]
start relay-8-BGSD-32-1 on gpu 4
start relay-8-BGSD-32-2 on gpu 5
done relay-8-BGSD-8-2 (35s) [9 finished]
start relay-2-SIDNET-8-0 on gpu 7
done relay-2-SIDNET-8-0 (45s) [10 finished]
start relay-2-SIDNET-8-1 on gpu 7
done relay-8-BGSD-32-1 (85s) [11 finished]
start relay-2-SIDNET-8-2 on gpu 4
done relay-2-SIDNET-8-1 (40s) [12 finished]
start relay-2-SIDNET-32-0 on gpu 7
done relay-8-BGSD-32-0 (105s) [13 finished]
start relay-2-SIDNET-32-1 on gpu 6
done relay-8-BGSD-32-2 (115s) [14 finished]
start relay-2-SIDNET-32-2 on gpu 5
done relay-2-SIDNET-8-2 (40s) [15 finished]
start relay-8-SIDNET-8-0 on gpu 4
done relay-2-SIDNET-32-0 (65s) [16 finished]
done relay-8-SIDNET-8-0 (30s) [17 finished]
start relay-8-SIDNET-8-1 on gpu 7
start relay-8-SIDNET-8-2 on gpu 4
done relay-2-SIDNET-32-1 (60s) [18 finished]
start relay-8-SIDNET-32-0 on gpu 6
done relay-2-SIDNET-32-2 (55s) [19 finished]
start relay-8-SIDNET-32-1 on gpu 5
done relay-8-SIDNET-8-1 (25s) [20 finished]
start relay-8-SIDNET-32-2 on gpu 7
done relay-8-SIDNET-8-2 (30s) [21 finished]
start relay-8-BGSD-32-0-unsigned on gpu 4
done relay-8-BGSD-32-0-unsigned (35s) [22 finished]
start relay-8-BGSD-32-1-unsigned on gpu 4
done relay-8-SIDNET-32-0 (75s) [23 finished]
start relay-8-BGSD-32-2-unsigned on gpu 6
done relay-8-SIDNET-32-1 (70s) [24 finished]
start BGSD-bitcoin_alpha-8-0 on gpu 5
done relay-8-BGSD-32-1-unsigned (30s) [25 finished]
start BGSD-bitcoin_alpha-8-1 on gpu 4
done relay-8-SIDNET-32-2 (80s) [26 finished]
start BGSD-bitcoin_alpha-8-2 on gpu 7
done relay-8-BGSD-32-2-unsigned (30s) [27 finished]
done BGSD-bitcoin_alpha-8-0 (25s) [28 finished]
start BGSD-bitcoin_alpha-32-0 on gpu 6
start BGSD-bitcoin_alpha-32-1 on gpu 5
done BGSD-bitcoin_alpha-8-1 (25s) [29 finished]
start BGSD-bitcoin_alpha-32-2 on gpu 4
done BGSD-bitcoin_alpha-8-2 (30s) [30 finished]
start SIDNET-bitcoin_alpha-8-0 on gpu 7
done SIDNET-bitcoin_alpha-8-0 (40s) [31 finished]
start SIDNET-bitcoin_alpha-8-1 on gpu 7
done BGSD-bitcoin_alpha-32-0 (80s) [32 finished]
done BGSD-bitcoin_alpha-32-1 (80s) [33 finished]
start SIDNET-bitcoin_alpha-8-2 on gpu 6
start SIDNET-bitcoin_alpha-32-0 on gpu 5
done BGSD-bitcoin_alpha-32-2 (80s) [34 finished]
start SIDNET-bitcoin_alpha-32-1 on gpu 4
done SIDNET-bitcoin_alpha-8-1 (40s) [35 finished]
start SIDNET-bitcoin_alpha-32-2 on gpu 7
done SIDNET-bitcoin_alpha-8-2 (40s) [36 finished]
done SIDNET-bitcoin_alpha-32-0 (105s) [37 finished]
done SIDNET-bitcoin_alpha-32-1 (105s) [38 finished]
done SIDNET-bitcoin_alpha-32-2 (105s) [39 finished]
QUEUE COMPLETE failed: none
