start 000-SLGNN-epinions-32-10000-random-0.005-1e-05 on gpu 0
start 001-SLGNN-epinions-32-10001-random-0.005-1e-05 on gpu 1
start 002-SLGNN-epinions-32-10002-random-0.005-1e-05 on gpu 2
start 003-SLGNN-epinions-32-10003-random-0.005-1e-05 on gpu 3
start 004-SLGNN-epinions-32-10004-random-0.005-1e-05 on gpu 4
start 005-SLGNN-epinions-8-10000-random-0.005-1e-05 on gpu 5
start 006-SLGNN-epinions-8-10001-random-0.005-1e-05 on gpu 6
start 007-SLGNN-epinions-8-10002-random-0.005-1e-05 on gpu 7
done 007-SLGNN-epinions-8-10002-random-0.005-1e-05 (1580s) [1 finished]
start 008-SLGNN-epinions-8-10003-random-0.005-1e-05 on gpu 7
done 005-SLGNN-epinions-8-10000-random-0.005-1e-05 (1585s) [2 finished]
start 009-SLGNN-epinions-8-10004-random-0.005-1e-05 on gpu 5
done 006-SLGNN-epinions-8-10001-random-0.005-1e-05 (1590s) [3 finished]
start 010-SIDNET-epinions-32-10000-random-0.005-1e-05 on gpu 6
done 010-SIDNET-epinions-32-10000-random-0.005-1e-05 (955s) [4 finished]
start 011-SIDNET-epinions-32-10001-random-0.005-1e-05 on gpu 6
FAIL 004-SLGNN-epinions-32-10004-random-0.005-1e-05 (3045s) [5 finished]
start 012-SIDNET-epinions-32-10002-random-0.005-1e-05 on gpu 4
done 009-SLGNN-epinions-8-10004-random-0.005-1e-05 (1485s) [6 finished]
start 013-SIDNET-epinions-32-10003-random-0.005-1e-05 on gpu 5
done 008-SLGNN-epinions-8-10003-random-0.005-1e-05 (1585s) [7 finished]
start 014-SIDNET-epinions-32-10004-random-0.005-1e-05 on gpu 7
done 011-SIDNET-epinions-32-10001-random-0.005-1e-05 (1015s) [8 finished]
start 015-SIDNET-epinions-8-10000-random-0.005-1e-05 on gpu 6
done 015-SIDNET-epinions-8-10000-random-0.005-1e-05 (305s) [9 finished]
start 016-SIDNET-epinions-8-10001-random-0.005-1e-05 on gpu 6
done 012-SIDNET-epinions-32-10002-random-0.005-1e-05 (1010s) [10 finished]
start 017-SIDNET-epinions-8-10002-random-0.005-1e-05 on gpu 4
done 013-SIDNET-epinions-32-10003-random-0.005-1e-05 (1010s) [11 finished]
start 018-SIDNET-epinions-8-10003-random-0.005-1e-05 on gpu 5
done 016-SIDNET-epinions-8-10001-random-0.005-1e-05 (315s) [12 finished]
start 019-SIDNET-epinions-8-10004-random-0.005-1e-05 on gpu 6
done 014-SIDNET-epinions-32-10004-random-0.005-1e-05 (1035s) [13 finished]
start 020-SGCN-epinions-32-10000-random-0.01-0.0 on gpu 7
done 017-SIDNET-epinions-8-10002-random-0.005-1e-05 (310s) [14 finished]
start 021-SGCN-epinions-32-10001-random-0.01-0.0 on gpu 4
done 018-SIDNET-epinions-8-10003-random-0.005-1e-05 (310s) [15 finished]
start 022-SGCN-epinions-32-10002-random-0.01-0.0 on gpu 5
done 019-SIDNET-epinions-8-10004-random-0.005-1e-05 (310s) [16 finished]
start 023-SGCN-epinions-32-10003-random-0.01-0.0 on gpu 6
done 001-SLGNN-epinions-32-10001-random-0.005-1e-05 (4845s) [17 finished]
start 024-SGCN-epinions-32-10004-random-0.01-0.0 on gpu 1
done 020-SGCN-epinions-32-10000-random-0.01-0.0 (950s) [18 finished]
start 025-SGCN-epinions-8-10000-random-0.01-0.0 on gpu 7
done 022-SGCN-epinions-32-10002-random-0.01-0.0 (890s) [19 finished]
start 026-SGCN-epinions-8-10001-random-0.01-0.0 on gpu 5
done 025-SGCN-epinions-8-10000-random-0.01-0.0 (265s) [20 finished]
start 027-SGCN-epinions-8-10002-random-0.01-0.0 on gpu 7
done 021-SGCN-epinions-32-10001-random-0.01-0.0 (1060s) [21 finished]
start 028-SGCN-epinions-8-10003-random-0.01-0.0 on gpu 4
done 023-SGCN-epinions-32-10003-random-0.01-0.0 (955s) [22 finished]
start 029-SGCN-epinions-8-10004-random-0.01-0.0 on gpu 6
done 026-SGCN-epinions-8-10001-random-0.01-0.0 (245s) [23 finished]
start 030-BGSD-epinions-32-10000-random-0.01-0.0 on gpu 5
done 027-SGCN-epinions-8-10002-random-0.01-0.0 (245s) [24 finished]
start 031-BGSD-epinions-32-10001-random-0.01-0.0 on gpu 7
done 029-SGCN-epinions-8-10004-random-0.01-0.0 (225s) [25 finished]
start 032-BGSD-epinions-32-10002-random-0.01-0.0 on gpu 6
done 028-SGCN-epinions-8-10003-random-0.01-0.0 (260s) [26 finished]
start 033-BGSD-epinions-32-10003-random-0.01-0.0 on gpu 4
done 024-SGCN-epinions-32-10004-random-0.01-0.0 (905s) [27 finished]
start 034-BGSD-epinions-32-10004-random-0.01-0.0 on gpu 1
done 002-SLGNN-epinions-32-10002-random-0.005-1e-05 (5880s) [28 finished]
start 035-BGSD-epinions-8-10000-random-0.01-0.0 on gpu 2
done 030-BGSD-epinions-32-10000-random-0.01-0.0 (485s) [29 finished]
start 036-BGSD-epinions-8-10001-random-0.01-0.0 on gpu 5
done 035-BGSD-epinions-8-10000-random-0.01-0.0 (135s) [30 finished]
start 037-BGSD-epinions-8-10002-random-0.01-0.0 on gpu 2
done 031-BGSD-epinions-32-10001-random-0.01-0.0 (485s) [31 finished]
done 036-BGSD-epinions-8-10001-random-0.01-0.0 (135s) [32 finished]
start 038-BGSD-epinions-8-10003-random-0.01-0.0 on gpu 7
start 039-BGSD-epinions-8-10004-random-0.01-0.0 on gpu 5
done 037-BGSD-epinions-8-10002-random-0.01-0.0 (140s) [33 finished]
start 040-SLGNN-slashdot-32-10000-random-0.01-0.0 on gpu 2
done 032-BGSD-epinions-32-10002-random-0.01-0.0 (505s) [34 finished]
start 041-SLGNN-slashdot-32-10001-random-0.01-0.0 on gpu 6
done 033-BGSD-epinions-32-10003-random-0.01-0.0 (495s) [35 finished]
start 042-SLGNN-slashdot-32-10002-random-0.01-0.0 on gpu 4
done 034-BGSD-epinions-32-10004-random-0.01-0.0 (505s) [36 finished]
start 043-SLGNN-slashdot-32-10003-random-0.01-0.0 on gpu 1
done 039-BGSD-epinions-8-10004-random-0.01-0.0 (135s) [37 finished]
start 044-SLGNN-slashdot-32-10004-random-0.01-0.0 on gpu 5
done 038-BGSD-epinions-8-10003-random-0.01-0.0 (160s) [38 finished]
start 045-SLGNN-slashdot-8-10000-random-0.01-0.0 on gpu 7
done 000-SLGNN-epinions-32-10000-random-0.005-1e-05 (6485s) [39 finished]
start 046-SLGNN-slashdot-8-10001-random-0.01-0.0 on gpu 0
done 003-SLGNN-epinions-32-10003-random-0.005-1e-05 (6565s) [40 finished]
start 047-SLGNN-slashdot-8-10002-random-0.01-0.0 on gpu 3
done 045-SLGNN-slashdot-8-10000-random-0.01-0.0 (820s) [41 finished]
start 048-SLGNN-slashdot-8-10003-random-0.01-0.0 on gpu 7
done 046-SLGNN-slashdot-8-10001-random-0.01-0.0 (825s) [42 finished]
start 049-SLGNN-slashdot-8-10004-random-0.01-0.0 on gpu 0
done 047-SLGNN-slashdot-8-10002-random-0.01-0.0 (1145s) [43 finished]
start 050-SIDNET-slashdot-32-10000-random-0.005-0.0 on gpu 3
done 049-SLGNN-slashdot-8-10004-random-0.01-0.0 (845s) [44 finished]
start 051-SIDNET-slashdot-32-10001-random-0.005-0.0 on gpu 0
done 048-SLGNN-slashdot-8-10003-random-0.01-0.0 (1110s) [45 finished]
start 052-SIDNET-slashdot-32-10002-random-0.005-0.0 on gpu 7
done 050-SIDNET-slashdot-32-10000-random-0.005-0.0 (720s) [46 finished]
start 053-SIDNET-slashdot-32-10003-random-0.005-0.0 on gpu 3
done 051-SIDNET-slashdot-32-10001-random-0.005-0.0 (715s) [47 finished]
start 054-SIDNET-slashdot-32-10004-random-0.005-0.0 on gpu 0
done 052-SIDNET-slashdot-32-10002-random-0.005-0.0 (705s) [48 finished]
start 055-SIDNET-slashdot-8-10000-random-0.005-0.0 on gpu 7
done 053-SIDNET-slashdot-32-10003-random-0.005-0.0 (700s) [49 finished]
start 056-SIDNET-slashdot-8-10001-random-0.005-0.0 on gpu 3
done 055-SIDNET-slashdot-8-10000-random-0.005-0.0 (205s) [50 finished]
start 057-SIDNET-slashdot-8-10002-random-0.005-0.0 on gpu 7
done 056-SIDNET-slashdot-8-10001-random-0.005-0.0 (210s) [51 finished]
start 058-SIDNET-slashdot-8-10003-random-0.005-0.0 on gpu 3
done 057-SIDNET-slashdot-8-10002-random-0.005-0.0 (210s) [52 finished]
start 059-SIDNET-slashdot-8-10004-random-0.005-0.0 on gpu 7
done 058-SIDNET-slashdot-8-10003-random-0.005-0.0 (200s) [53 finished]
start 060-SGCN-slashdot-32-10000-random-0.005-1e-05 on gpu 3
done 054-SIDNET-slashdot-32-10004-random-0.005-0.0 (690s) [54 finished]
done 059-SIDNET-slashdot-8-10004-random-0.005-0.0 (205s) [55 finished]
start 061-SGCN-slashdot-32-10001-random-0.005-1e-05 on gpu 0
start 062-SGCN-slashdot-32-10002-random-0.005-1e-05 on gpu 7
done 040-SLGNN-slashdot-32-10000-random-0.01-0.0 (4130s) [56 finished]
start 063-SGCN-slashdot-32-10003-random-0.005-1e-05 on gpu 2
done 060-SGCN-slashdot-32-10000-random-0.005-1e-05 (755s) [57 finished]
start 064-SGCN-slashdot-32-10004-random-0.005-1e-05 on gpu 3
done 062-SGCN-slashdot-32-10002-random-0.005-1e-05 (740s) [58 finished]
start 065-SGCN-slashdot-8-10000-random-0.005-1e-05 on gpu 7
done 061-SGCN-slashdot-32-10001-random-0.005-1e-05 (750s) [59 finished]
start 066-SGCN-slashdot-8-10001-random-0.005-1e-05 on gpu 0
done 065-SGCN-slashdot-8-10000-random-0.005-1e-05 (185s) [60 finished]
start 067-SGCN-slashdot-8-10002-random-0.005-1e-05 on gpu 7
done 066-SGCN-slashdot-8-10001-random-0.005-1e-05 (190s) [61 finished]
start 068-SGCN-slashdot-8-10003-random-0.005-1e-05 on gpu 0
done 043-SLGNN-slashdot-32-10003-random-0.01-0.0 (4295s) [62 finished]
start 069-SGCN-slashdot-8-10004-random-0.005-1e-05 on gpu 1
done 041-SLGNN-slashdot-32-10001-random-0.01-0.0 (4410s) [63 finished]
start 070-BGSD-slashdot-32-10000-random-0.01-0.0 on gpu 6
done 042-SLGNN-slashdot-32-10002-random-0.01-0.0 (4435s) [64 finished]
start 071-BGSD-slashdot-32-10001-random-0.01-0.0 on gpu 4
done 067-SGCN-slashdot-8-10002-random-0.005-1e-05 (175s) [65 finished]
start 072-BGSD-slashdot-32-10002-random-0.01-0.0 on gpu 7
done 068-SGCN-slashdot-8-10003-random-0.005-1e-05 (185s) [66 finished]
start 073-BGSD-slashdot-32-10003-random-0.01-0.0 on gpu 0
done 044-SLGNN-slashdot-32-10004-random-0.01-0.0 (4410s) [67 finished]
start 074-BGSD-slashdot-32-10004-random-0.01-0.0 on gpu 5
done 069-SGCN-slashdot-8-10004-random-0.005-1e-05 (190s) [68 finished]
start 075-BGSD-slashdot-8-10000-random-0.01-0.0 on gpu 1
done 075-BGSD-slashdot-8-10000-random-0.01-0.0 (95s) [69 finished]
start 076-BGSD-slashdot-8-10001-random-0.01-0.0 on gpu 1
done 070-BGSD-slashdot-32-10000-random-0.01-0.0 (320s) [70 finished]
start 077-BGSD-slashdot-8-10002-random-0.01-0.0 on gpu 6
done 076-BGSD-slashdot-8-10001-random-0.01-0.0 (95s) [71 finished]
start 078-BGSD-slashdot-8-10003-random-0.01-0.0 on gpu 1
done 071-BGSD-slashdot-32-10001-random-0.01-0.0 (325s) [72 finished]
start 079-BGSD-slashdot-8-10004-random-0.01-0.0 on gpu 4
done 064-SGCN-slashdot-32-10004-random-0.005-1e-05 (665s) [73 finished]
start 080-SLGNN-wiki_rfa-32-10000-random-0.01-0.0 on gpu 3
done 077-BGSD-slashdot-8-10002-random-0.01-0.0 (95s) [74 finished]
start 081-SLGNN-wiki_rfa-32-10001-random-0.01-0.0 on gpu 6
done 073-BGSD-slashdot-32-10003-random-0.01-0.0 (330s) [75 finished]
done 074-BGSD-slashdot-32-10004-random-0.01-0.0 (325s) [76 finished]
start 082-SLGNN-wiki_rfa-32-10002-random-0.01-0.0 on gpu 0
start 083-SLGNN-wiki_rfa-32-10003-random-0.01-0.0 on gpu 5
done 078-BGSD-slashdot-8-10003-random-0.01-0.0 (95s) [77 finished]
start 084-SLGNN-wiki_rfa-32-10004-random-0.01-0.0 on gpu 1
done 063-SGCN-slashdot-32-10003-random-0.005-1e-05 (745s) [78 finished]
start 085-SLGNN-wiki_rfa-8-10000-random-0.01-0.0 on gpu 2
done 079-BGSD-slashdot-8-10004-random-0.01-0.0 (95s) [79 finished]
start 086-SLGNN-wiki_rfa-8-10001-random-0.01-0.0 on gpu 4
done 072-BGSD-slashdot-32-10002-random-0.01-0.0 (380s) [80 finished]
start 087-SLGNN-wiki_rfa-8-10002-random-0.01-0.0 on gpu 7
done 086-SLGNN-wiki_rfa-8-10001-random-0.01-0.0 (320s) [81 finished]
start 088-SLGNN-wiki_rfa-8-10003-random-0.01-0.0 on gpu 4
done 085-SLGNN-wiki_rfa-8-10000-random-0.01-0.0 (385s) [82 finished]
start 089-SLGNN-wiki_rfa-8-10004-random-0.01-0.0 on gpu 2
done 087-SLGNN-wiki_rfa-8-10002-random-0.01-0.0 (385s) [83 finished]
start 090-SIDNET-wiki_rfa-32-10000-random-0.005-0.0 on gpu 7
done 090-SIDNET-wiki_rfa-32-10000-random-0.005-0.0 (130s) [84 finished]
start 091-SIDNET-wiki_rfa-32-10001-random-0.005-0.0 on gpu 7
done 088-SLGNN-wiki_rfa-8-10003-random-0.01-0.0 (315s) [85 finished]
start 092-SIDNET-wiki_rfa-32-10002-random-0.005-0.0 on gpu 4
done 091-SIDNET-wiki_rfa-32-10001-random-0.005-0.0 (130s) [86 finished]
start 093-SIDNET-wiki_rfa-32-10003-random-0.005-0.0 on gpu 7
done 092-SIDNET-wiki_rfa-32-10002-random-0.005-0.0 (130s) [87 finished]
start 094-SIDNET-wiki_rfa-32-10004-random-0.005-0.0 on gpu 4
done 089-SLGNN-wiki_rfa-8-10004-random-0.01-0.0 (400s) [88 finished]
start 095-SIDNET-wiki_rfa-8-10000-random-0.005-0.0 on gpu 2
done 093-SIDNET-wiki_rfa-32-10003-random-0.005-0.0 (135s) [89 finished]
start 096-SIDNET-wiki_rfa-8-10001-random-0.005-0.0 on gpu 7
done 095-SIDNET-wiki_rfa-8-10000-random-0.005-0.0 (40s) [90 finished]
start 097-SIDNET-wiki_rfa-8-10002-random-0.005-0.0 on gpu 2
done 096-SIDNET-wiki_rfa-8-10001-random-0.005-0.0 (40s) [91 finished]
start 098-SIDNET-wiki_rfa-8-10003-random-0.005-0.0 on gpu 7
done 097-SIDNET-wiki_rfa-8-10002-random-0.005-0.0 (40s) [92 finished]
start 099-SIDNET-wiki_rfa-8-10004-random-0.005-0.0 on gpu 2
done 098-SIDNET-wiki_rfa-8-10003-random-0.005-0.0 (40s) [93 finished]
start 100-SGCN-wiki_rfa-32-10000-random-0.005-0.0 on gpu 7
done 094-SIDNET-wiki_rfa-32-10004-random-0.005-0.0 (135s) [94 finished]
done 099-SIDNET-wiki_rfa-8-10004-random-0.005-0.0 (40s) [95 finished]
start 101-SGCN-wiki_rfa-32-10001-random-0.005-0.0 on gpu 4
start 102-SGCN-wiki_rfa-32-10002-random-0.005-0.0 on gpu 2
done 100-SGCN-wiki_rfa-32-10000-random-0.005-0.0 (140s) [96 finished]
start 103-SGCN-wiki_rfa-32-10003-random-0.005-0.0 on gpu 7
done 101-SGCN-wiki_rfa-32-10001-random-0.005-0.0 (135s) [97 finished]
start 104-SGCN-wiki_rfa-32-10004-random-0.005-0.0 on gpu 4
done 102-SGCN-wiki_rfa-32-10002-random-0.005-0.0 (140s) [98 finished]
start 105-SGCN-wiki_rfa-8-10000-random-0.005-0.0 on gpu 2
done 105-SGCN-wiki_rfa-8-10000-random-0.005-0.0 (40s) [99 finished]
start 106-SGCN-wiki_rfa-8-10001-random-0.005-0.0 on gpu 2
done 106-SGCN-wiki_rfa-8-10001-random-0.005-0.0 (40s) [100 finished]
start 107-SGCN-wiki_rfa-8-10002-random-0.005-0.0 on gpu 2
done 103-SGCN-wiki_rfa-32-10003-random-0.005-0.0 (140s) [101 finished]
start 108-SGCN-wiki_rfa-8-10003-random-0.005-0.0 on gpu 7
done 107-SGCN-wiki_rfa-8-10002-random-0.005-0.0 (40s) [102 finished]
start 109-SGCN-wiki_rfa-8-10004-random-0.005-0.0 on gpu 2
done 104-SGCN-wiki_rfa-32-10004-random-0.005-0.0 (140s) [103 finished]
start 110-BGSD-wiki_rfa-32-10000-random-0.01-0.0 on gpu 4
done 108-SGCN-wiki_rfa-8-10003-random-0.005-0.0 (45s) [104 finished]
start 111-BGSD-wiki_rfa-32-10001-random-0.01-0.0 on gpu 7
done 109-SGCN-wiki_rfa-8-10004-random-0.005-0.0 (45s) [105 finished]
start 112-BGSD-wiki_rfa-32-10002-random-0.01-0.0 on gpu 2
done 110-BGSD-wiki_rfa-32-10000-random-0.01-0.0 (70s) [106 finished]
start 113-BGSD-wiki_rfa-32-10003-random-0.01-0.0 on gpu 4
done 111-BGSD-wiki_rfa-32-10001-random-0.01-0.0 (75s) [107 finished]
start 114-BGSD-wiki_rfa-32-10004-random-0.01-0.0 on gpu 7
done 112-BGSD-wiki_rfa-32-10002-random-0.01-0.0 (75s) [108 finished]
start 115-BGSD-wiki_rfa-8-10000-random-0.01-0.0 on gpu 2
done 115-BGSD-wiki_rfa-8-10000-random-0.01-0.0 (30s) [109 finished]
start 116-BGSD-wiki_rfa-8-10001-random-0.01-0.0 on gpu 2
done 113-BGSD-wiki_rfa-32-10003-random-0.01-0.0 (75s) [110 finished]
start 117-BGSD-wiki_rfa-8-10002-random-0.01-0.0 on gpu 4
done 116-BGSD-wiki_rfa-8-10001-random-0.01-0.0 (30s) [111 finished]
start 118-BGSD-wiki_rfa-8-10003-random-0.01-0.0 on gpu 2
done 114-BGSD-wiki_rfa-32-10004-random-0.01-0.0 (80s) [112 finished]
start 119-BGSD-wiki_rfa-8-10004-random-0.01-0.0 on gpu 7
done 117-BGSD-wiki_rfa-8-10002-random-0.01-0.0 (30s) [113 finished]
start 120-SLGNN-bitcoin_otc-32-10000-random-0.01-0.0 on gpu 4
done 118-BGSD-wiki_rfa-8-10003-random-0.01-0.0 (25s) [114 finished]
start 121-SLGNN-bitcoin_otc-32-10001-random-0.01-0.0 on gpu 2
done 119-BGSD-wiki_rfa-8-10004-random-0.01-0.0 (30s) [115 finished]
start 122-SLGNN-bitcoin_otc-32-10002-random-0.01-0.0 on gpu 7
done 080-SLGNN-wiki_rfa-32-10000-random-0.01-0.0 (1570s) [116 finished]
start 123-SLGNN-bitcoin_otc-32-10003-random-0.01-0.0 on gpu 3
done 081-SLGNN-wiki_rfa-32-10001-random-0.01-0.0 (1540s) [117 finished]
start 124-SLGNN-bitcoin_otc-32-10004-random-0.01-0.0 on gpu 6
done 083-SLGNN-wiki_rfa-32-10003-random-0.01-0.0 (1545s) [118 finished]
start 125-SLGNN-bitcoin_otc-8-10000-random-0.01-0.0 on gpu 5
done 082-SLGNN-wiki_rfa-32-10002-random-0.01-0.0 (1560s) [119 finished]
start 126-SLGNN-bitcoin_otc-8-10001-random-0.01-0.0 on gpu 0
done 084-SLGNN-wiki_rfa-32-10004-random-0.01-0.0 (1595s) [120 finished]
start 127-SLGNN-bitcoin_otc-8-10002-random-0.01-0.0 on gpu 1
done 125-SLGNN-bitcoin_otc-8-10000-random-0.01-0.0 (130s) [121 finished]
start 128-SLGNN-bitcoin_otc-8-10003-random-0.01-0.0 on gpu 5
done 126-SLGNN-bitcoin_otc-8-10001-random-0.01-0.0 (135s) [122 finished]
start 129-SLGNN-bitcoin_otc-8-10004-random-0.01-0.0 on gpu 0
done 127-SLGNN-bitcoin_otc-8-10002-random-0.01-0.0 (135s) [123 finished]
start 130-SIDNET-bitcoin_otc-32-10000-random-0.01-1e-05 on gpu 1
done 120-SLGNN-bitcoin_otc-32-10000-random-0.01-0.0 (405s) [124 finished]
start 131-SIDNET-bitcoin_otc-32-10001-random-0.01-1e-05 on gpu 4
done 130-SIDNET-bitcoin_otc-32-10000-random-0.01-1e-05 (55s) [125 finished]
start 132-SIDNET-bitcoin_otc-32-10002-random-0.01-1e-05 on gpu 1
done 128-SLGNN-bitcoin_otc-8-10003-random-0.01-0.0 (140s) [126 finished]
start 133-SIDNET-bitcoin_otc-32-10003-random-0.01-1e-05 on gpu 5
done 131-SIDNET-bitcoin_otc-32-10001-random-0.01-1e-05 (55s) [127 finished]
start 134-SIDNET-bitcoin_otc-32-10004-random-0.01-1e-05 on gpu 4
done 129-SLGNN-bitcoin_otc-8-10004-random-0.01-0.0 (140s) [128 finished]
start 135-SIDNET-bitcoin_otc-8-10000-random-0.01-1e-05 on gpu 0
done 132-SIDNET-bitcoin_otc-32-10002-random-0.01-1e-05 (55s) [129 finished]
start 136-SIDNET-bitcoin_otc-8-10001-random-0.01-1e-05 on gpu 1
done 135-SIDNET-bitcoin_otc-8-10000-random-0.01-1e-05 (20s) [130 finished]
start 137-SIDNET-bitcoin_otc-8-10002-random-0.01-1e-05 on gpu 0
done 121-SLGNN-bitcoin_otc-32-10001-random-0.01-0.0 (485s) [131 finished]
done 133-SIDNET-bitcoin_otc-32-10003-random-0.01-1e-05 (55s) [132 finished]
done 136-SIDNET-bitcoin_otc-8-10001-random-0.01-1e-05 (20s) [133 finished]
start 138-SIDNET-bitcoin_otc-8-10003-random-0.01-1e-05 on gpu 2
start 139-SIDNET-bitcoin_otc-8-10004-random-0.01-1e-05 on gpu 5
start 140-SGCN-bitcoin_otc-32-10000-random-0.005-0.0 on gpu 1
done 137-SIDNET-bitcoin_otc-8-10002-random-0.01-1e-05 (20s) [134 finished]
start 141-SGCN-bitcoin_otc-32-10001-random-0.005-0.0 on gpu 0
done 134-SIDNET-bitcoin_otc-32-10004-random-0.01-1e-05 (55s) [135 finished]
start 142-SGCN-bitcoin_otc-32-10002-random-0.005-0.0 on gpu 4
done 138-SIDNET-bitcoin_otc-8-10003-random-0.01-1e-05 (20s) [136 finished]
done 139-SIDNET-bitcoin_otc-8-10004-random-0.01-1e-05 (20s) [137 finished]
start 143-SGCN-bitcoin_otc-32-10003-random-0.005-0.0 on gpu 2
start 144-SGCN-bitcoin_otc-32-10004-random-0.005-0.0 on gpu 5
done 122-SLGNN-bitcoin_otc-32-10002-random-0.01-0.0 (505s) [138 finished]
start 145-SGCN-bitcoin_otc-8-10000-random-0.005-0.0 on gpu 7
done 145-SGCN-bitcoin_otc-8-10000-random-0.005-0.0 (25s) [139 finished]
start 146-SGCN-bitcoin_otc-8-10001-random-0.005-0.0 on gpu 7
done 141-SGCN-bitcoin_otc-32-10001-random-0.005-0.0 (55s) [140 finished]
start 147-SGCN-bitcoin_otc-8-10002-random-0.005-0.0 on gpu 0
done 140-SGCN-bitcoin_otc-32-10000-random-0.005-0.0 (70s) [141 finished]
start 148-SGCN-bitcoin_otc-8-10003-random-0.005-0.0 on gpu 1
done 143-SGCN-bitcoin_otc-32-10003-random-0.005-0.0 (60s) [142 finished]
done 146-SGCN-bitcoin_otc-8-10001-random-0.005-0.0 (25s) [143 finished]
done 147-SGCN-bitcoin_otc-8-10002-random-0.005-0.0 (20s) [144 finished]
start 149-SGCN-bitcoin_otc-8-10004-random-0.005-0.0 on gpu 2
start 150-BGSD-bitcoin_otc-32-10000-random-0.001-0.0 on gpu 7
start 151-BGSD-bitcoin_otc-32-10001-random-0.001-0.0 on gpu 0
done 142-SGCN-bitcoin_otc-32-10002-random-0.005-0.0 (70s) [145 finished]
start 152-BGSD-bitcoin_otc-32-10002-random-0.001-0.0 on gpu 4
done 144-SGCN-bitcoin_otc-32-10004-random-0.005-0.0 (70s) [146 finished]
start 153-BGSD-bitcoin_otc-32-10003-random-0.001-0.0 on gpu 5
done 148-SGCN-bitcoin_otc-8-10003-random-0.005-0.0 (25s) [147 finished]
start 154-BGSD-bitcoin_otc-32-10004-random-0.001-0.0 on gpu 1
done 149-SGCN-bitcoin_otc-8-10004-random-0.005-0.0 (20s) [148 finished]
start 155-BGSD-bitcoin_otc-8-10000-random-0.001-0.0 on gpu 2
done 123-SLGNN-bitcoin_otc-32-10003-random-0.01-0.0 (470s) [149 finished]
start 156-BGSD-bitcoin_otc-8-10001-random-0.001-0.0 on gpu 3
done 155-BGSD-bitcoin_otc-8-10000-random-0.001-0.0 (20s) [150 finished]
start 157-BGSD-bitcoin_otc-8-10002-random-0.001-0.0 on gpu 2
done 150-BGSD-bitcoin_otc-32-10000-random-0.001-0.0 (45s) [151 finished]
done 151-BGSD-bitcoin_otc-32-10001-random-0.001-0.0 (45s) [152 finished]
done 152-BGSD-bitcoin_otc-32-10002-random-0.001-0.0 (40s) [153 finished]
start 158-BGSD-bitcoin_otc-8-10003-random-0.001-0.0 on gpu 7
start 159-BGSD-bitcoin_otc-8-10004-random-0.001-0.0 on gpu 0
start 160-python3-exploratory_e7_audit.py-0_8 on gpu 4
done 153-BGSD-bitcoin_otc-32-10003-random-0.001-0.0 (45s) [154 finished]
done 156-BGSD-bitcoin_otc-8-10001-random-0.001-0.0 (20s) [155 finished]
start 161-python3-exploratory_e7_audit.py-1_8 on gpu 5
start 162-python3-exploratory_e7_audit.py-2_8 on gpu 3
done 154-BGSD-bitcoin_otc-32-10004-random-0.001-0.0 (45s) [156 finished]
done 157-BGSD-bitcoin_otc-8-10002-random-0.001-0.0 (20s) [157 finished]
start 163-python3-exploratory_e7_audit.py-3_8 on gpu 1
start 164-python3-exploratory_e7_audit.py-4_8 on gpu 2
done 158-BGSD-bitcoin_otc-8-10003-random-0.001-0.0 (20s) [158 finished]
done 159-BGSD-bitcoin_otc-8-10004-random-0.001-0.0 (20s) [159 finished]
start 165-python3-exploratory_e7_audit.py-5_8 on gpu 7
start 166-python3-exploratory_e7_audit.py-6_8 on gpu 0
done 124-SLGNN-bitcoin_otc-32-10004-random-0.01-0.0 (510s) [160 finished]
start 167-python3-exploratory_e7_audit.py-7_8 on gpu 6
done 160-python3-exploratory_e7_audit.py-0_8 (540s) [161 finished]
done 164-python3-exploratory_e7_audit.py-4_8 (705s) [162 finished]
done 161-python3-exploratory_e7_audit.py-1_8 (1045s) [163 finished]
FAIL 167-python3-exploratory_e7_audit.py-7_8 (1020s) [164 finished]
done 162-python3-exploratory_e7_audit.py-2_8 (1310s) [165 finished]
done 165-python3-exploratory_e7_audit.py-5_8 (1350s) [166 finished]
done 166-python3-exploratory_e7_audit.py-6_8 (1810s) [167 finished]
done 163-python3-exploratory_e7_audit.py-3_8 (4740s) [168 finished]
QUEUE COMPLETE failed: ['004-SLGNN-epinions-32-10004-random-0.005-1e-05', '167-python3-exploratory_e7_audit.py-7_8']
