start relay-4-SIDNET-32-20000-0 on gpu 0
start relay-4-BGSD-32-20000-0 on gpu 1
start relay-8-SIDNET-32-20000-0 on gpu 2
start relay-8-BGSD-32-20000-0 on gpu 3
start relay-4-SIDNET-32-20000-0 on gpu 4
start relay-4-BGSD-32-20000-0 on gpu 5
start relay-8-SIDNET-32-20000-0 on gpu 6
start relay-8-BGSD-32-20000-0 on gpu 7
done relay-4-BGSD-32-20000-0 (45s) [1 finished]
done relay-4-BGSD-32-20000-0 (45s) [2 finished]
start relay-4-SIDNET-32-20000-0 on gpu 1
start relay-4-BGSD-32-20000-0 on gpu 5
done relay-8-BGSD-32-20000-0 (55s) [3 finished]
start relay-8-SIDNET-32-20000-0 on gpu 7
done relay-4-SIDNET-32-20000-0 (65s) [4 finished]
done relay-8-BGSD-32-20000-0 (65s) [5 finished]
done relay-4-SIDNET-32-20000-0 (65s) [6 finished]
start relay-8-BGSD-32-20000-0 on gpu 0
start relay-2-SESGFORMER-1-20000-0 on gpu 3
start relay-4-SESGFORMER-1-20000-0 on gpu 4
done relay-8-SIDNET-32-20000-0 (80s) [7 finished]
start relay-8-SESGFORMER-1-20000-0 on gpu 6
done relay-4-BGSD-32-20000-0 (45s) [8 finished]
done relay-2-SESGFORMER-1-20000-0 (25s) [9 finished]
start relay-16-SESGFORMER-1-20000-0 on gpu 5
start balance-4-SESGFORMER-1-20000-0 on gpu 3
done relay-8-SIDNET-32-20000-0 (95s) [10 finished]
start balance-8-SESGFORMER-1-20000-0 on gpu 2
done relay-4-SESGFORMER-1-20000-0 (35s) [11 finished]
start balance-16-SESGFORMER-1-20000-0 on gpu 4
done relay-8-SESGFORMER-1-20000-0 (30s) [12 finished]
start balance-32-SESGFORMER-1-20000-0 on gpu 6
done relay-8-BGSD-32-20000-0 (50s) [13 finished]
start relay-2-SIDNET-32-20000-0 on gpu 0
done relay-4-SIDNET-32-20000-0 (75s) [14 finished]
start relay-4-SIDNET-32-20000-0 on gpu 1
done relay-8-SIDNET-32-20000-0 (75s) [15 finished]
start relay-8-SIDNET-32-20000-0 on gpu 7
done relay-16-SESGFORMER-1-20000-0 (50s) [16 finished]
start relay-16-SIDNET-32-20000-0 on gpu 5
done balance-4-SESGFORMER-1-20000-0 (55s) [17 finished]
start balance-4-SIDNET-32-20000-0 on gpu 3
done balance-8-SESGFORMER-1-20000-0 (55s) [18 finished]
start balance-8-SIDNET-32-20000-0 on gpu 2
done relay-2-SIDNET-32-20000-0 (45s) [19 finished]
start balance-16-SIDNET-32-20000-0 on gpu 0
done relay-4-SIDNET-32-20000-0 (45s) [20 finished]
start balance-32-SIDNET-32-20000-0 on gpu 1
done balance-16-SESGFORMER-1-20000-0 (80s) [21 finished]
done balance-4-SIDNET-32-20000-0 (35s) [22 finished]
start relay-2-BGSD-32-20000-0 on gpu 4
start relay-4-BGSD-32-20000-0 on gpu 3
done relay-8-SIDNET-32-20000-0 (55s) [23 finished]
start relay-8-BGSD-32-20000-0 on gpu 7
done balance-8-SIDNET-32-20000-0 (40s) [24 finished]
start relay-16-BGSD-32-20000-0 on gpu 2
done balance-32-SESGFORMER-1-20000-0 (85s) [25 finished]
start balance-4-BGSD-32-20000-0 on gpu 6
done relay-16-SIDNET-32-20000-0 (75s) [26 finished]
done relay-2-BGSD-32-20000-0 (35s) [27 finished]
start balance-8-BGSD-32-20000-0 on gpu 5
start balance-16-BGSD-32-20000-0 on gpu 4
done balance-16-SIDNET-32-20000-0 (60s) [28 finished]
done relay-4-BGSD-32-20000-0 (40s) [29 finished]
start balance-32-BGSD-32-20000-0 on gpu 0
start SESGFORMER-bitcoin_alpha-1-20000 on gpu 3
done balance-4-BGSD-32-20000-0 (30s) [30 finished]
start SESGFORMER-bitcoin_otc-1-20000 on gpu 6
done relay-8-BGSD-32-20000-0 (45s) [31 finished]
start SESGFORMER-wiki_elec-1-20000 on gpu 7
done balance-32-SIDNET-32-20000-0 (85s) [32 finished]
done balance-8-BGSD-32-20000-0 (35s) [33 finished]
start relay-4-SIDNET-32-20001-0 on gpu 1
start relay-4-BGSD-32-20001-0 on gpu 5
done relay-16-BGSD-32-20000-0 (65s) [34 finished]
start relay-8-SIDNET-32-20001-0 on gpu 2
done SESGFORMER-bitcoin_alpha-1-20000 (40s) [35 finished]
start relay-8-BGSD-32-20001-0 on gpu 3
done balance-16-BGSD-32-20000-0 (50s) [36 finished]
start relay-4-SIDNET-32-20001-0 on gpu 4
done balance-32-BGSD-32-20000-0 (75s) [37 finished]
done relay-4-BGSD-32-20001-0 (45s) [38 finished]
start relay-4-BGSD-32-20001-0 on gpu 0
start relay-8-SIDNET-32-20001-0 on gpu 5
done SESGFORMER-bitcoin_otc-1-20000 (85s) [39 finished]
done relay-8-BGSD-32-20001-0 (50s) [40 finished]
start relay-8-BGSD-32-20001-0 on gpu 6
start relay-4-SIDNET-32-20001-0 on gpu 3
done relay-4-SIDNET-32-20001-0 (65s) [41 finished]
start relay-4-BGSD-32-20001-0 on gpu 1
done relay-4-SIDNET-32-20001-0 (65s) [42 finished]
start relay-8-SIDNET-32-20001-0 on gpu 4
done relay-8-SIDNET-32-20001-0 (85s) [43 finished]
done relay-4-BGSD-32-20001-0 (45s) [44 finished]
start relay-8-BGSD-32-20001-0 on gpu 2
start relay-2-SESGFORMER-1-20001-0 on gpu 0
done SESGFORMER-wiki_elec-1-20000 (120s) [45 finished]
start relay-4-SESGFORMER-1-20001-0 on gpu 7
done relay-4-BGSD-32-20001-0 (45s) [46 finished]
start relay-8-SESGFORMER-1-20001-0 on gpu 1
done relay-2-SESGFORMER-1-20001-0 (25s) [47 finished]
start relay-16-SESGFORMER-1-20001-0 on gpu 0
done relay-8-SIDNET-32-20001-0 (75s) [48 finished]
start balance-4-SESGFORMER-1-20001-0 on gpu 5
done relay-8-BGSD-32-20001-0 (75s) [49 finished]
done relay-4-SIDNET-32-20001-0 (75s) [50 finished]
start balance-8-SESGFORMER-1-20001-0 on gpu 6
start balance-16-SESGFORMER-1-20001-0 on gpu 3
done relay-4-SESGFORMER-1-20001-0 (40s) [51 finished]
start balance-32-SESGFORMER-1-20001-0 on gpu 7
done relay-16-SESGFORMER-1-20001-0 (30s) [52 finished]
start relay-2-SIDNET-32-20001-0 on gpu 0
done relay-8-SESGFORMER-1-20001-0 (40s) [53 finished]
start relay-4-SIDNET-32-20001-0 on gpu 1
done relay-8-BGSD-32-20001-0 (65s) [54 finished]
start relay-8-SIDNET-32-20001-0 on gpu 2
done relay-8-SIDNET-32-20001-0 (80s) [55 finished]
start relay-16-SIDNET-32-20001-0 on gpu 4
done balance-4-SESGFORMER-1-20001-0 (55s) [56 finished]
start balance-4-SIDNET-32-20001-0 on gpu 5
done balance-8-SESGFORMER-1-20001-0 (55s) [57 finished]
done relay-2-SIDNET-32-20001-0 (45s) [58 finished]
start balance-8-SIDNET-32-20001-0 on gpu 6
start balance-16-SIDNET-32-20001-0 on gpu 0
done balance-16-SESGFORMER-1-20001-0 (60s) [59 finished]
done relay-4-SIDNET-32-20001-0 (45s) [60 finished]
start balance-32-SIDNET-32-20001-0 on gpu 3
start relay-2-BGSD-32-20001-0 on gpu 1
done balance-4-SIDNET-32-20001-0 (35s) [61 finished]
start relay-4-BGSD-32-20001-0 on gpu 5
done balance-32-SESGFORMER-1-20001-0 (75s) [62 finished]
start relay-8-BGSD-32-20001-0 on gpu 7
done relay-8-SIDNET-32-20001-0 (65s) [63 finished]
start relay-16-BGSD-32-20001-0 on gpu 2
done balance-8-SIDNET-32-20001-0 (40s) [64 finished]
done relay-2-BGSD-32-20001-0 (35s) [65 finished]
start balance-4-BGSD-32-20001-0 on gpu 6
start balance-8-BGSD-32-20001-0 on gpu 1
done relay-16-SIDNET-32-20001-0 (75s) [66 finished]
start balance-16-BGSD-32-20001-0 on gpu 4
done balance-16-SIDNET-32-20001-0 (55s) [67 finished]
start balance-32-BGSD-32-20001-0 on gpu 0
done relay-4-BGSD-32-20001-0 (40s) [68 finished]
start SESGFORMER-bitcoin_alpha-1-20001 on gpu 5
done balance-4-BGSD-32-20001-0 (30s) [69 finished]
start SESGFORMER-bitcoin_otc-1-20001 on gpu 6
done relay-8-BGSD-32-20001-0 (50s) [70 finished]
start SESGFORMER-wiki_elec-1-20001 on gpu 7
done relay-16-BGSD-32-20001-0 (55s) [71 finished]
done balance-8-BGSD-32-20001-0 (45s) [72 finished]
start relay-4-SIDNET-32-20002-0 on gpu 2
start relay-4-BGSD-32-20002-0 on gpu 1
done balance-32-SIDNET-32-20001-0 (85s) [73 finished]
done balance-16-BGSD-32-20001-0 (45s) [74 finished]
start relay-8-SIDNET-32-20002-0 on gpu 3
start relay-8-BGSD-32-20002-0 on gpu 4
done SESGFORMER-bitcoin_alpha-1-20001 (45s) [75 finished]
start relay-4-SIDNET-32-20002-0 on gpu 5
done balance-32-BGSD-32-20001-0 (75s) [76 finished]
done relay-4-BGSD-32-20002-0 (45s) [77 finished]
start relay-4-BGSD-32-20002-0 on gpu 0
start relay-8-SIDNET-32-20002-0 on gpu 1
done relay-4-SIDNET-32-20002-0 (65s) [78 finished]
start relay-8-BGSD-32-20002-0 on gpu 2
done SESGFORMER-bitcoin_otc-1-20001 (85s) [79 finished]
done relay-8-BGSD-32-20002-0 (65s) [80 finished]
start relay-4-SIDNET-32-20002-0 on gpu 6
start relay-4-BGSD-32-20002-0 on gpu 4
done relay-4-SIDNET-32-20002-0 (65s) [81 finished]
start relay-8-SIDNET-32-20002-0 on gpu 5
done relay-4-BGSD-32-20002-0 (45s) [82 finished]
start relay-8-BGSD-32-20002-0 on gpu 0
done relay-8-SIDNET-32-20002-0 (90s) [83 finished]
start relay-2-SESGFORMER-1-20002-0 on gpu 3
done SESGFORMER-wiki_elec-1-20001 (120s) [84 finished]
start relay-4-SESGFORMER-1-20002-0 on gpu 7
done relay-4-BGSD-32-20002-0 (45s) [85 finished]
start relay-8-SESGFORMER-1-20002-0 on gpu 4
done relay-2-SESGFORMER-1-20002-0 (25s) [86 finished]
start relay-16-SESGFORMER-1-20002-0 on gpu 3
done relay-8-SIDNET-32-20002-0 (80s) [87 finished]
start balance-4-SESGFORMER-1-20002-0 on gpu 1
done relay-4-SESGFORMER-1-20002-0 (25s) [88 finished]
start balance-8-SESGFORMER-1-20002-0 on gpu 7
done relay-8-BGSD-32-20002-0 (75s) [89 finished]
start balance-16-SESGFORMER-1-20002-0 on gpu 2
done relay-8-BGSD-32-20002-0 (55s) [90 finished]
done relay-8-SESGFORMER-1-20002-0 (30s) [91 finished]
start balance-32-SESGFORMER-1-20002-0 on gpu 0
start relay-2-SIDNET-32-20002-0 on gpu 4
done relay-16-SESGFORMER-1-20002-0 (30s) [92 finished]
start relay-4-SIDNET-32-20002-0 on gpu 3
done relay-4-SIDNET-32-20002-0 (90s) [93 finished]
start relay-8-SIDNET-32-20002-0 on gpu 6
done relay-8-SIDNET-32-20002-0 (85s) [94 finished]
start relay-16-SIDNET-32-20002-0 on gpu 5
done balance-4-SESGFORMER-1-20002-0 (55s) [95 finished]
start balance-4-SIDNET-32-20002-0 on gpu 1
done relay-2-SIDNET-32-20002-0 (45s) [96 finished]
start balance-8-SIDNET-32-20002-0 on gpu 4
done relay-4-SIDNET-32-20002-0 (45s) [97 finished]
start balance-16-SIDNET-32-20002-0 on gpu 3
done balance-8-SESGFORMER-1-20002-0 (75s) [98 finished]
start balance-32-SIDNET-32-20002-0 on gpu 7
done balance-4-SIDNET-32-20002-0 (35s) [99 finished]
start relay-2-BGSD-32-20002-0 on gpu 1
done balance-16-SESGFORMER-1-20002-0 (80s) [100 finished]
done relay-8-SIDNET-32-20002-0 (60s) [101 finished]
start relay-4-BGSD-32-20002-0 on gpu 2
start relay-8-BGSD-32-20002-0 on gpu 6
done balance-8-SIDNET-32-20002-0 (40s) [102 finished]
start relay-16-BGSD-32-20002-0 on gpu 4
done balance-32-SESGFORMER-1-20002-0 (90s) [103 finished]
start balance-4-BGSD-32-20002-0 on gpu 0
done relay-16-SIDNET-32-20002-0 (70s) [104 finished]
start balance-8-BGSD-32-20002-0 on gpu 5
done balance-16-SIDNET-32-20002-0 (55s) [105 finished]
done relay-2-BGSD-32-20002-0 (35s) [106 finished]
start balance-16-BGSD-32-20002-0 on gpu 3
start balance-32-BGSD-32-20002-0 on gpu 1
done relay-4-BGSD-32-20002-0 (40s) [107 finished]
start SESGFORMER-bitcoin_alpha-1-20002 on gpu 2
done relay-8-BGSD-32-20002-0 (45s) [108 finished]
done balance-4-BGSD-32-20002-0 (30s) [109 finished]
start SESGFORMER-bitcoin_otc-1-20002 on gpu 6
start SESGFORMER-wiki_elec-1-20002 on gpu 0
done balance-8-BGSD-32-20002-0 (40s) [110 finished]
start relay-4-SIDNET-32-20003-0 on gpu 5
done relay-16-BGSD-32-20002-0 (55s) [111 finished]
start relay-4-BGSD-32-20003-0 on gpu 4
done balance-32-SIDNET-32-20002-0 (85s) [112 finished]
done SESGFORMER-bitcoin_alpha-1-20002 (35s) [113 finished]
start relay-8-SIDNET-32-20003-0 on gpu 7
start relay-8-BGSD-32-20003-0 on gpu 2
done balance-16-BGSD-32-20002-0 (50s) [114 finished]
start relay-4-SIDNET-32-20003-0 on gpu 3
done balance-32-BGSD-32-20002-0 (70s) [115 finished]
start relay-4-BGSD-32-20003-0 on gpu 1
done relay-4-BGSD-32-20003-0 (45s) [116 finished]
start relay-8-SIDNET-32-20003-0 on gpu 4
done SESGFORMER-bitcoin_otc-1-20002 (80s) [117 finished]
done relay-4-SIDNET-32-20003-0 (65s) [118 finished]
start relay-8-BGSD-32-20003-0 on gpu 6
start relay-4-SIDNET-32-20003-0 on gpu 5
done relay-8-BGSD-32-20003-0 (55s) [119 finished]
start relay-4-BGSD-32-20003-0 on gpu 2
done relay-4-SIDNET-32-20003-0 (65s) [120 finished]
done relay-4-BGSD-32-20003-0 (45s) [121 finished]
start relay-8-SIDNET-32-20003-0 on gpu 3
start relay-8-BGSD-32-20003-0 on gpu 1
done relay-8-SIDNET-32-20003-0 (90s) [122 finished]
start relay-2-SESGFORMER-1-20003-0 on gpu 7
done SESGFORMER-wiki_elec-1-20002 (125s) [123 finished]
start relay-4-SESGFORMER-1-20003-0 on gpu 0
done relay-4-BGSD-32-20003-0 (45s) [124 finished]
start relay-8-SESGFORMER-1-20003-0 on gpu 2
done relay-8-BGSD-32-20003-0 (60s) [125 finished]
start relay-16-SESGFORMER-1-20003-0 on gpu 6
done relay-8-SIDNET-32-20003-0 (80s) [126 finished]
start balance-4-SESGFORMER-1-20003-0 on gpu 4
done relay-8-BGSD-32-20003-0 (55s) [127 finished]
done relay-2-SESGFORMER-1-20003-0 (35s) [128 finished]
start balance-8-SESGFORMER-1-20003-0 on gpu 1
start balance-16-SESGFORMER-1-20003-0 on gpu 7
done relay-8-SESGFORMER-1-20003-0 (30s) [129 finished]
start balance-32-SESGFORMER-1-20003-0 on gpu 2
done relay-4-SIDNET-32-20003-0 (85s) [130 finished]
done relay-4-SESGFORMER-1-20003-0 (40s) [131 finished]
start relay-2-SIDNET-32-20003-0 on gpu 5
start relay-4-SIDNET-32-20003-0 on gpu 0
done relay-8-SIDNET-32-20003-0 (80s) [132 finished]
start relay-8-SIDNET-32-20003-0 on gpu 3
done relay-16-SESGFORMER-1-20003-0 (45s) [133 finished]
start relay-16-SIDNET-32-20003-0 on gpu 6
done balance-8-SESGFORMER-1-20003-0 (50s) [134 finished]
start balance-4-SIDNET-32-20003-0 on gpu 1
done balance-4-SESGFORMER-1-20003-0 (65s) [135 finished]
done relay-2-SIDNET-32-20003-0 (45s) [136 finished]
start balance-8-SIDNET-32-20003-0 on gpu 4
start balance-16-SIDNET-32-20003-0 on gpu 5
done relay-4-SIDNET-32-20003-0 (50s) [137 finished]
start balance-32-SIDNET-32-20003-0 on gpu 0
done balance-16-SESGFORMER-1-20003-0 (65s) [138 finished]
start relay-2-BGSD-32-20003-0 on gpu 7
done balance-4-SIDNET-32-20003-0 (35s) [139 finished]
start relay-4-BGSD-32-20003-0 on gpu 1
done relay-8-SIDNET-32-20003-0 (65s) [140 finished]
start relay-8-BGSD-32-20003-0 on gpu 3
done balance-32-SESGFORMER-1-20003-0 (90s) [141 finished]
start relay-16-BGSD-32-20003-0 on gpu 2
done relay-16-SIDNET-32-20003-0 (70s) [142 finished]
done relay-2-BGSD-32-20003-0 (35s) [143 finished]
start balance-4-BGSD-32-20003-0 on gpu 6
start balance-8-BGSD-32-20003-0 on gpu 7
done balance-8-SIDNET-32-20003-0 (55s) [144 finished]
done balance-16-SIDNET-32-20003-0 (55s) [145 finished]
start balance-16-BGSD-32-20003-0 on gpu 4
start balance-32-BGSD-32-20003-0 on gpu 5
done relay-4-BGSD-32-20003-0 (40s) [146 finished]
start SESGFORMER-bitcoin_alpha-1-20003 on gpu 1
done balance-4-BGSD-32-20003-0 (30s) [147 finished]
start SESGFORMER-bitcoin_otc-1-20003 on gpu 6
done relay-8-BGSD-32-20003-0 (45s) [148 finished]
start SESGFORMER-wiki_elec-1-20003 on gpu 3
done balance-8-BGSD-32-20003-0 (45s) [149 finished]
start relay-4-SIDNET-32-20004-0 on gpu 7
done balance-32-SIDNET-32-20003-0 (90s) [150 finished]
done relay-16-BGSD-32-20003-0 (55s) [151 finished]
start relay-4-BGSD-32-20004-0 on gpu 0
start relay-8-SIDNET-32-20004-0 on gpu 2
done balance-16-BGSD-32-20003-0 (50s) [152 finished]
start relay-8-BGSD-32-20004-0 on gpu 4
done SESGFORMER-bitcoin_alpha-1-20003 (40s) [153 finished]
start relay-4-SIDNET-32-20004-0 on gpu 1
done relay-4-BGSD-32-20004-0 (45s) [154 finished]
start relay-4-BGSD-32-20004-0 on gpu 0
done balance-32-BGSD-32-20003-0 (90s) [155 finished]
start relay-8-SIDNET-32-20004-0 on gpu 5
done relay-4-SIDNET-32-20004-0 (65s) [156 finished]
start relay-8-BGSD-32-20004-0 on gpu 7
done SESGFORMER-bitcoin_otc-1-20003 (85s) [157 finished]
start relay-4-SIDNET-32-20004-0 on gpu 6
done relay-8-BGSD-32-20004-0 (60s) [158 finished]
start relay-4-BGSD-32-20004-0 on gpu 4
done relay-4-SIDNET-32-20004-0 (65s) [159 finished]
start relay-8-SIDNET-32-20004-0 on gpu 1
done relay-8-SIDNET-32-20004-0 (90s) [160 finished]
done relay-4-BGSD-32-20004-0 (45s) [161 finished]
start relay-8-BGSD-32-20004-0 on gpu 2
start relay-2-SESGFORMER-1-20004-0 on gpu 0
done SESGFORMER-wiki_elec-1-20003 (120s) [162 finished]
start relay-4-SESGFORMER-1-20004-0 on gpu 3
done relay-8-BGSD-32-20004-0 (55s) [163 finished]
done relay-4-BGSD-32-20004-0 (45s) [164 finished]
start relay-8-SESGFORMER-1-20004-0 on gpu 7
start relay-16-SESGFORMER-1-20004-0 on gpu 4
done relay-8-SIDNET-32-20004-0 (75s) [165 finished]
start balance-4-SESGFORMER-1-20004-0 on gpu 5
done relay-4-SIDNET-32-20004-0 (65s) [166 finished]
done relay-2-SESGFORMER-1-20004-0 (40s) [167 finished]
start balance-8-SESGFORMER-1-20004-0 on gpu 6
start balance-16-SESGFORMER-1-20004-0 on gpu 0
done relay-8-SESGFORMER-1-20004-0 (30s) [168 finished]
done relay-16-SESGFORMER-1-20004-0 (30s) [169 finished]
start balance-32-SESGFORMER-1-20004-0 on gpu 7
start relay-2-SIDNET-32-20004-0 on gpu 4
done relay-8-BGSD-32-20004-0 (60s) [170 finished]
start relay-4-SIDNET-32-20004-0 on gpu 2
done relay-4-SESGFORMER-1-20004-0 (50s) [171 finished]
start relay-8-SIDNET-32-20004-0 on gpu 3
done relay-8-SIDNET-32-20004-0 (90s) [172 finished]
done balance-4-SESGFORMER-1-20004-0 (45s) [173 finished]
start relay-16-SIDNET-32-20004-0 on gpu 1
start balance-4-SIDNET-32-20004-0 on gpu 5
done balance-8-SESGFORMER-1-20004-0 (50s) [174 finished]
start balance-8-SIDNET-32-20004-0 on gpu 6
done balance-16-SESGFORMER-1-20004-0 (60s) [175 finished]
done relay-2-SIDNET-32-20004-0 (45s) [176 finished]
start balance-16-SIDNET-32-20004-0 on gpu 0
start balance-32-SIDNET-32-20004-0 on gpu 4
done relay-4-SIDNET-32-20004-0 (45s) [177 finished]
start relay-2-BGSD-32-20004-0 on gpu 2
done balance-4-SIDNET-32-20004-0 (35s) [178 finished]
start relay-4-BGSD-32-20004-0 on gpu 5
done balance-32-SESGFORMER-1-20004-0 (70s) [179 finished]
start relay-8-BGSD-32-20004-0 on gpu 7
done relay-8-SIDNET-32-20004-0 (70s) [180 finished]
done balance-8-SIDNET-32-20004-0 (45s) [181 finished]
start relay-16-BGSD-32-20004-0 on gpu 3
start balance-4-BGSD-32-20004-0 on gpu 6
done relay-2-BGSD-32-20004-0 (35s) [182 finished]
start balance-8-BGSD-32-20004-0 on gpu 2
done relay-16-SIDNET-32-20004-0 (70s) [183 finished]
start balance-16-BGSD-32-20004-0 on gpu 1
done balance-16-SIDNET-32-20004-0 (55s) [184 finished]
done relay-4-BGSD-32-20004-0 (40s) [185 finished]
start balance-32-BGSD-32-20004-0 on gpu 0
start SESGFORMER-bitcoin_alpha-1-20004 on gpu 5
done balance-4-BGSD-32-20004-0 (30s) [186 finished]
start SESGFORMER-bitcoin_otc-1-20004 on gpu 6
done balance-8-BGSD-32-20004-0 (35s) [187 finished]
start SESGFORMER-wiki_elec-1-20004 on gpu 2
done balance-32-SIDNET-32-20004-0 (90s) [188 finished]
start relay-4-SIDNET-32-20000-0 on gpu 4
done relay-8-BGSD-32-20004-0 (70s) [189 finished]
done SESGFORMER-bitcoin_alpha-1-20004 (40s) [190 finished]
start relay-4-BGSD-32-20000-0 on gpu 7
start relay-8-SIDNET-32-20000-0 on gpu 5
done relay-16-BGSD-32-20004-0 (65s) [191 finished]
start relay-8-BGSD-32-20000-0 on gpu 3
done balance-16-BGSD-32-20004-0 (60s) [192 finished]
start relay-4-SIDNET-32-20000-0 on gpu 1
done balance-32-BGSD-32-20004-0 (70s) [193 finished]
start relay-4-BGSD-32-20000-0 on gpu 0
done SESGFORMER-bitcoin_otc-1-20004 (85s) [194 finished]
start relay-8-SIDNET-32-20000-0 on gpu 6
done SESGFORMER-wiki_elec-1-20004 (125s) [195 finished]
start relay-8-BGSD-32-20000-0 on gpu 2
done relay-4-BGSD-32-20000-0 (150s) [196 finished]
start relay-8-SIDNET-32-20000-0 on gpu 7
done relay-8-BGSD-32-20000-0 (210s) [197 finished]
start relay-8-SIDNET-32-20000-0 on gpu 3
done relay-8-SIDNET-32-20000-0 (80s) [198 finished]
start relay-8-SIDNET-32-20000-0 on gpu 7
FAIL relay-8-SIDNET-32-20000-0 (235s) [199 finished]
start relay-8-BGSD-32-20000-0-0 on gpu 6
done relay-8-SIDNET-32-20000-0 (95s) [200 finished]
start relay-8-BGSD-32-20000-0--2 on gpu 3
done relay-8-SIDNET-32-20000-0 (85s) [201 finished]
start relay-8-BGSD-32-20000-0--4 on gpu 7
done relay-4-SIDNET-32-20000-0 (355s) [202 finished]
start relay-16-SIDNET-32-20000-0 on gpu 4
done relay-8-BGSD-32-20000-0-0 (65s) [203 finished]
start relay-16-SIDNET-32-20000-0 on gpu 6
done relay-8-BGSD-32-20000-0--2 (60s) [204 finished]
start relay-16-SIDNET-32-20000-0 on gpu 3
done relay-8-BGSD-32-20000-0--4 (60s) [205 finished]
start relay-16-BGSD-32-20000-0-0 on gpu 7
done relay-4-BGSD-32-20000-0 (355s) [206 finished]
start relay-16-BGSD-32-20000-0--2 on gpu 0
done relay-16-BGSD-32-20000-0-0 (70s) [207 finished]
start relay-16-BGSD-32-20000-0--4 on gpu 7
done relay-16-SIDNET-32-20000-0 (105s) [208 finished]
done relay-16-SIDNET-32-20000-0 (100s) [209 finished]
done relay-16-BGSD-32-20000-0--2 (70s) [210 finished]
start SIDNET-bitcoin_alpha-32-20000-0.01-0.0 on gpu 4
start SIDNET-bitcoin_alpha-32-20000-0.01-0.0 on gpu 6
start SIDNET-bitcoin_alpha-32-20000-0.01-0.0 on gpu 0
done relay-16-SIDNET-32-20000-0 (100s) [211 finished]
start BGSD-bitcoin_alpha-32-20000-0-0.001-1e-05 on gpu 3
done relay-8-SIDNET-32-20000-0 (535s) [212 finished]
done relay-16-BGSD-32-20000-0--4 (90s) [213 finished]
start BGSD-bitcoin_alpha-32-20000--2-0.001-1e-05 on gpu 5
start BGSD-bitcoin_alpha-32-20000--4-0.001-1e-05 on gpu 7
done relay-8-BGSD-32-20000-0 (490s) [214 finished]
start SIDNET-wiki_elec-32-20000-0.01-0.0 on gpu 2
done SIDNET-bitcoin_alpha-32-20000-0.01-0.0 (240s) [215 finished]
start SIDNET-wiki_elec-32-20000-0.01-0.0 on gpu 6
done SIDNET-bitcoin_alpha-32-20000-0.01-0.0 (245s) [216 finished]
start SIDNET-wiki_elec-32-20000-0.01-0.0 on gpu 0
done BGSD-bitcoin_alpha-32-20000-0-0.001-1e-05 (235s) [217 finished]
start BGSD-wiki_elec-32-20000-0-0.01-1e-05 on gpu 3
done SIDNET-bitcoin_alpha-32-20000-0.01-0.0 (255s) [218 finished]
start BGSD-wiki_elec-32-20000--2-0.01-1e-05 on gpu 4
done BGSD-bitcoin_alpha-32-20000--2-0.001-1e-05 (230s) [219 finished]
done BGSD-bitcoin_alpha-32-20000--4-0.001-1e-05 (230s) [220 finished]
start BGSD-wiki_elec-32-20000--4-0.01-1e-05 on gpu 5
start relay-4-SIDNET-32-20001-0 on gpu 7
done relay-4-SIDNET-32-20000-0 (865s) [221 finished]
start relay-4-BGSD-32-20001-0 on gpu 1
done BGSD-wiki_elec-32-20000-0-0.01-1e-05 (325s) [222 finished]
done BGSD-wiki_elec-32-20000--2-0.01-1e-05 (320s) [223 finished]
done relay-4-BGSD-32-20001-0 (150s) [224 finished]
start relay-8-SIDNET-32-20001-0 on gpu 3
start relay-8-BGSD-32-20001-0 on gpu 4
start relay-4-SIDNET-32-20001-0 on gpu 1
done BGSD-wiki_elec-32-20000--4-0.01-1e-05 (330s) [225 finished]
start relay-4-BGSD-32-20001-0 on gpu 5
done relay-4-SIDNET-32-20001-0 (350s) [226 finished]
start relay-8-SIDNET-32-20001-0 on gpu 7
done relay-8-BGSD-32-20001-0 (215s) [227 finished]
start relay-8-BGSD-32-20001-0 on gpu 4
done SIDNET-wiki_elec-32-20000-0.01-0.0 (740s) [228 finished]
start relay-8-SIDNET-32-20001-0 on gpu 2
FAIL relay-8-SIDNET-32-20001-0 (250s) [229 finished]
start relay-8-SIDNET-32-20001-0 on gpu 7
done SIDNET-wiki_elec-32-20000-0.01-0.0 (680s) [230 finished]
start relay-8-SIDNET-32-20001-0 on gpu 6
done SIDNET-wiki_elec-32-20000-0.01-0.0 (690s) [231 finished]
start relay-8-BGSD-32-20001-0-0 on gpu 0
done relay-8-SIDNET-32-20001-0 (80s) [232 finished]
start relay-8-BGSD-32-20001-0--2 on gpu 2
done relay-4-BGSD-32-20001-0 (345s) [233 finished]
done relay-8-BGSD-32-20001-0-0 (50s) [234 finished]
start relay-8-BGSD-32-20001-0--4 on gpu 5
start relay-16-SIDNET-32-20001-0 on gpu 0
done relay-8-SIDNET-32-20001-0 (85s) [235 finished]
done relay-8-SIDNET-32-20001-0 (75s) [236 finished]
start relay-16-SIDNET-32-20001-0 on gpu 7
start relay-16-SIDNET-32-20001-0 on gpu 6
done relay-8-BGSD-32-20001-0--2 (55s) [237 finished]
start relay-16-BGSD-32-20001-0-0 on gpu 2
done relay-8-BGSD-32-20001-0--4 (65s) [238 finished]
start relay-16-BGSD-32-20001-0--2 on gpu 5
done relay-16-BGSD-32-20001-0-0 (60s) [239 finished]
start relay-16-BGSD-32-20001-0--4 on gpu 2
done relay-16-SIDNET-32-20001-0 (115s) [240 finished]
done relay-16-SIDNET-32-20001-0 (105s) [241 finished]
start SIDNET-bitcoin_alpha-32-20001-0.01-0.0 on gpu 0
start SIDNET-bitcoin_alpha-32-20001-0.01-0.0 on gpu 7
done relay-16-BGSD-32-20001-0--2 (65s) [242 finished]
start SIDNET-bitcoin_alpha-32-20001-0.01-0.0 on gpu 5
done relay-8-SIDNET-32-20001-0 (545s) [243 finished]
done relay-16-SIDNET-32-20001-0 (125s) [244 finished]
start BGSD-bitcoin_alpha-32-20001-0-0.001-1e-05 on gpu 3
start BGSD-bitcoin_alpha-32-20001--2-0.001-1e-05 on gpu 6
done relay-16-BGSD-32-20001-0--4 (70s) [245 finished]
start BGSD-bitcoin_alpha-32-20001--4-0.001-1e-05 on gpu 2
done relay-8-BGSD-32-20001-0 (470s) [246 finished]
start SIDNET-wiki_elec-32-20001-0.01-0.0 on gpu 4
done SIDNET-bitcoin_alpha-32-20001-0.01-0.0 (215s) [247 finished]
start SIDNET-wiki_elec-32-20001-0.01-0.0 on gpu 0
done SIDNET-bitcoin_alpha-32-20001-0.01-0.0 (220s) [248 finished]
start SIDNET-wiki_elec-32-20001-0.01-0.0 on gpu 7
done BGSD-bitcoin_alpha-32-20001-0-0.001-1e-05 (210s) [249 finished]
done BGSD-bitcoin_alpha-32-20001--2-0.001-1e-05 (210s) [250 finished]
start BGSD-wiki_elec-32-20001-0-0.01-1e-05 on gpu 3
start BGSD-wiki_elec-32-20001--2-0.01-1e-05 on gpu 6
done SIDNET-bitcoin_alpha-32-20001-0.01-0.0 (220s) [251 finished]
start BGSD-wiki_elec-32-20001--4-0.01-1e-05 on gpu 5
done BGSD-bitcoin_alpha-32-20001--4-0.001-1e-05 (210s) [252 finished]
start relay-4-SIDNET-32-20002-0 on gpu 2
done relay-4-SIDNET-32-20001-0 (860s) [253 finished]
start relay-4-BGSD-32-20002-0 on gpu 1
done relay-4-BGSD-32-20002-0 (155s) [254 finished]
start relay-8-SIDNET-32-20002-0 on gpu 1
done BGSD-wiki_elec-32-20001--2-0.01-1e-05 (295s) [255 finished]
start relay-8-BGSD-32-20002-0 on gpu 6
done BGSD-wiki_elec-32-20001--4-0.01-1e-05 (295s) [256 finished]
start relay-4-SIDNET-32-20002-0 on gpu 5
done BGSD-wiki_elec-32-20001-0-0.01-1e-05 (325s) [257 finished]
start relay-4-BGSD-32-20002-0 on gpu 3
done relay-4-SIDNET-32-20002-0 (365s) [258 finished]
start relay-8-SIDNET-32-20002-0 on gpu 2
FAIL relay-4-SIDNET-32-20002-0 (200s) [259 finished]
start relay-8-BGSD-32-20002-0 on gpu 5
done relay-8-BGSD-32-20002-0 (220s) [260 finished]
start relay-8-SIDNET-32-20002-0 on gpu 6
done relay-8-SIDNET-32-20002-0 (80s) [261 finished]
start relay-8-SIDNET-32-20002-0 on gpu 6
done SIDNET-wiki_elec-32-20001-0.01-0.0 (705s) [262 finished]
start relay-8-SIDNET-32-20002-0 on gpu 4
done SIDNET-wiki_elec-32-20001-0.01-0.0 (685s) [263 finished]
done SIDNET-wiki_elec-32-20001-0.01-0.0 (680s) [264 finished]
start relay-8-BGSD-32-20002-0-0 on gpu 0
start relay-8-BGSD-32-20002-0--2 on gpu 7
done relay-8-SIDNET-32-20002-0 (85s) [265 finished]
start relay-8-BGSD-32-20002-0--4 on gpu 6
done relay-4-BGSD-32-20002-0 (360s) [266 finished]
start relay-16-SIDNET-32-20002-0 on gpu 3
done relay-8-SIDNET-32-20002-0 (85s) [267 finished]
start relay-16-SIDNET-32-20002-0 on gpu 4
done relay-8-BGSD-32-20002-0--2 (55s) [268 finished]
start relay-16-SIDNET-32-20002-0 on gpu 7
done relay-8-BGSD-32-20002-0--4 (50s) [269 finished]
start relay-16-BGSD-32-20002-0-0 on gpu 6
done relay-8-BGSD-32-20002-0-0 (65s) [270 finished]
start relay-16-BGSD-32-20002-0--2 on gpu 0
done relay-16-SIDNET-32-20002-0 (105s) [271 finished]
start relay-16-BGSD-32-20002-0--4 on gpu 3
done relay-16-BGSD-32-20002-0-0 (65s) [272 finished]
start SIDNET-bitcoin_alpha-32-20002-0.01-0.0 on gpu 6
done relay-16-BGSD-32-20002-0--2 (65s) [273 finished]
start SIDNET-bitcoin_alpha-32-20002-0.01-0.0 on gpu 0
done relay-8-SIDNET-32-20002-0 (545s) [274 finished]
start SIDNET-bitcoin_alpha-32-20002-0.01-0.0 on gpu 1
done relay-16-SIDNET-32-20002-0 (100s) [275 finished]
start BGSD-bitcoin_alpha-32-20002-0-0.001-1e-05 on gpu 7
done relay-16-SIDNET-32-20002-0 (110s) [276 finished]
start BGSD-bitcoin_alpha-32-20002--2-0.001-1e-05 on gpu 4
done relay-16-BGSD-32-20002-0--4 (70s) [277 finished]
start BGSD-bitcoin_alpha-32-20002--4-0.001-1e-05 on gpu 3
done relay-8-BGSD-32-20002-0 (490s) [278 finished]
start SIDNET-wiki_elec-32-20002-0.01-0.0 on gpu 5
done SIDNET-bitcoin_alpha-32-20002-0.01-0.0 (205s) [279 finished]
start SIDNET-wiki_elec-32-20002-0.01-0.0 on gpu 6
done SIDNET-bitcoin_alpha-32-20002-0.01-0.0 (210s) [280 finished]
start SIDNET-wiki_elec-32-20002-0.01-0.0 on gpu 0
done SIDNET-bitcoin_alpha-32-20002-0.01-0.0 (215s) [281 finished]
start BGSD-wiki_elec-32-20002-0-0.01-1e-05 on gpu 1
done BGSD-bitcoin_alpha-32-20002-0-0.001-1e-05 (210s) [282 finished]
done BGSD-bitcoin_alpha-32-20002--2-0.001-1e-05 (205s) [283 finished]
start BGSD-wiki_elec-32-20002--2-0.01-1e-05 on gpu 7
start BGSD-wiki_elec-32-20002--4-0.01-1e-05 on gpu 4
done BGSD-bitcoin_alpha-32-20002--4-0.001-1e-05 (200s) [284 finished]
start relay-4-SIDNET-32-20003-0 on gpu 3
done BGSD-wiki_elec-32-20002--2-0.01-1e-05 (290s) [285 finished]
start relay-4-BGSD-32-20003-0 on gpu 7
done BGSD-wiki_elec-32-20002-0-0.01-1e-05 (310s) [286 finished]
start relay-8-SIDNET-32-20003-0 on gpu 1
done BGSD-wiki_elec-32-20002--4-0.01-1e-05 (310s) [287 finished]
start relay-8-BGSD-32-20003-0 on gpu 4
done relay-4-SIDNET-32-20003-0 (360s) [288 finished]
start relay-4-SIDNET-32-20003-0 on gpu 3
done relay-4-BGSD-32-20003-0 (150s) [289 finished]
start relay-4-BGSD-32-20003-0 on gpu 7
done relay-8-BGSD-32-20003-0 (220s) [290 finished]
start relay-8-SIDNET-32-20003-0 on gpu 4
done relay-8-SIDNET-32-20002-0 (1200s) [291 finished]
start relay-8-BGSD-32-20003-0 on gpu 2
done SIDNET-wiki_elec-32-20002-0.01-0.0 (670s) [292 finished]
start relay-8-SIDNET-32-20003-0 on gpu 6
done SIDNET-wiki_elec-32-20002-0.01-0.0 (665s) [293 finished]
start relay-8-SIDNET-32-20003-0 on gpu 0
done SIDNET-wiki_elec-32-20002-0.01-0.0 (695s) [294 finished]
start relay-8-SIDNET-32-20003-0 on gpu 5
done relay-8-SIDNET-32-20003-0 (80s) [295 finished]
start relay-8-BGSD-32-20003-0-0 on gpu 6
done relay-8-SIDNET-32-20003-0 (75s) [296 finished]
start relay-8-BGSD-32-20003-0--2 on gpu 5
done relay-8-SIDNET-32-20003-0 (90s) [297 finished]
start relay-8-BGSD-32-20003-0--4 on gpu 0
FAIL relay-8-SIDNET-32-20003-0 (225s) [298 finished]
start relay-16-SIDNET-32-20003-0 on gpu 4
done relay-8-BGSD-32-20003-0-0 (55s) [299 finished]
start relay-16-SIDNET-32-20003-0 on gpu 6
done relay-8-BGSD-32-20003-0--2 (50s) [300 finished]
start relay-16-SIDNET-32-20003-0 on gpu 5
done relay-4-BGSD-32-20003-0 (350s) [301 finished]
done relay-8-BGSD-32-20003-0--4 (60s) [302 finished]
start relay-16-BGSD-32-20003-0-0 on gpu 7
start relay-16-BGSD-32-20003-0--2 on gpu 0
done relay-16-BGSD-32-20003-0-0 (60s) [303 finished]
start relay-16-BGSD-32-20003-0--4 on gpu 7
done relay-8-SIDNET-32-20003-0 (560s) [304 finished]
start SIDNET-bitcoin_alpha-32-20003-0.01-0.0 on gpu 1
done relay-16-SIDNET-32-20003-0 (110s) [305 finished]
done relay-16-BGSD-32-20003-0--2 (75s) [306 finished]
start SIDNET-bitcoin_alpha-32-20003-0.01-0.0 on gpu 4
start SIDNET-bitcoin_alpha-32-20003-0.01-0.0 on gpu 0
done relay-16-SIDNET-32-20003-0 (100s) [307 finished]
start BGSD-bitcoin_alpha-32-20003-0-0.001-1e-05 on gpu 6
done relay-16-SIDNET-32-20003-0 (100s) [308 finished]
start BGSD-bitcoin_alpha-32-20003--2-0.001-1e-05 on gpu 5
done relay-16-BGSD-32-20003-0--4 (70s) [309 finished]
start BGSD-bitcoin_alpha-32-20003--4-0.001-1e-05 on gpu 7
done relay-8-BGSD-32-20003-0 (515s) [310 finished]
start SIDNET-wiki_elec-32-20003-0.01-0.0 on gpu 2
done SIDNET-bitcoin_alpha-32-20003-0.01-0.0 (240s) [311 finished]
done BGSD-bitcoin_alpha-32-20003-0-0.001-1e-05 (225s) [312 finished]
done BGSD-bitcoin_alpha-32-20003--2-0.001-1e-05 (220s) [313 finished]
start SIDNET-wiki_elec-32-20003-0.01-0.0 on gpu 1
start SIDNET-wiki_elec-32-20003-0.01-0.0 on gpu 6
start BGSD-wiki_elec-32-20003-0-0.01-1e-05 on gpu 5
done SIDNET-bitcoin_alpha-32-20003-0.01-0.0 (240s) [314 finished]
done SIDNET-bitcoin_alpha-32-20003-0.01-0.0 (240s) [315 finished]
start BGSD-wiki_elec-32-20003--2-0.01-1e-05 on gpu 4
start BGSD-wiki_elec-32-20003--4-0.01-1e-05 on gpu 0
done BGSD-bitcoin_alpha-32-20003--4-0.001-1e-05 (220s) [316 finished]
start relay-4-SIDNET-32-20004-0 on gpu 7
done relay-4-SIDNET-32-20003-0 (860s) [317 finished]
start relay-4-BGSD-32-20004-0 on gpu 3
done BGSD-wiki_elec-32-20003-0-0.01-1e-05 (300s) [318 finished]
done relay-4-BGSD-32-20004-0 (150s) [319 finished]
start relay-8-SIDNET-32-20004-0 on gpu 5
start relay-8-BGSD-32-20004-0 on gpu 3
done BGSD-wiki_elec-32-20003--2-0.01-1e-05 (315s) [320 finished]
done BGSD-wiki_elec-32-20003--4-0.01-1e-05 (315s) [321 finished]
start relay-4-SIDNET-32-20004-0 on gpu 4
start relay-4-BGSD-32-20004-0 on gpu 0
done relay-4-SIDNET-32-20004-0 (355s) [322 finished]
start relay-8-SIDNET-32-20004-0 on gpu 7
done relay-8-BGSD-32-20004-0 (220s) [323 finished]
FAIL relay-4-SIDNET-32-20004-0 (195s) [324 finished]
start relay-8-BGSD-32-20004-0 on gpu 3
start relay-8-SIDNET-32-20004-0 on gpu 4
done relay-8-SIDNET-32-20004-0 (80s) [325 finished]
start relay-8-SIDNET-32-20004-0 on gpu 4
FAIL relay-8-SIDNET-32-20004-0 (230s) [326 finished]
start relay-8-SIDNET-32-20004-0 on gpu 7
done SIDNET-wiki_elec-32-20003-0.01-0.0 (655s) [327 finished]
start relay-8-BGSD-32-20004-0-0 on gpu 6
done SIDNET-wiki_elec-32-20003-0.01-0.0 (680s) [328 finished]
done relay-4-BGSD-32-20004-0 (355s) [329 finished]
start relay-8-BGSD-32-20004-0--2 on gpu 1
start relay-8-BGSD-32-20004-0--4 on gpu 0
done relay-8-SIDNET-32-20004-0 (85s) [330 finished]
start relay-16-SIDNET-32-20004-0 on gpu 4
done SIDNET-wiki_elec-32-20003-0.01-0.0 (715s) [331 finished]
start relay-16-SIDNET-32-20004-0 on gpu 2
done relay-8-SIDNET-32-20004-0 (80s) [332 finished]
start relay-16-SIDNET-32-20004-0 on gpu 7
done relay-8-BGSD-32-20004-0-0 (60s) [333 finished]
start relay-16-BGSD-32-20004-0-0 on gpu 6
done relay-8-BGSD-32-20004-0--2 (65s) [334 finished]
done relay-8-BGSD-32-20004-0--4 (65s) [335 finished]
start relay-16-BGSD-32-20004-0--2 on gpu 1
start relay-16-BGSD-32-20004-0--4 on gpu 0
done relay-16-SIDNET-32-20004-0 (105s) [336 finished]
done relay-16-BGSD-32-20004-0-0 (75s) [337 finished]
start SIDNET-bitcoin_alpha-32-20004-0.01-0.0 on gpu 4
start SIDNET-bitcoin_alpha-32-20004-0.01-0.0 on gpu 6
done relay-16-SIDNET-32-20004-0 (110s) [338 finished]
start SIDNET-bitcoin_alpha-32-20004-0.01-0.0 on gpu 2
done relay-16-SIDNET-32-20004-0 (100s) [339 finished]
start BGSD-bitcoin_alpha-32-20004-0-0.001-1e-05 on gpu 7
done relay-16-BGSD-32-20004-0--4 (70s) [340 finished]
start BGSD-bitcoin_alpha-32-20004--2-0.001-1e-05 on gpu 0
done relay-16-BGSD-32-20004-0--2 (85s) [341 finished]
start BGSD-bitcoin_alpha-32-20004--4-0.001-1e-05 on gpu 1
done relay-8-SIDNET-32-20004-0 (545s) [342 finished]
start SIDNET-wiki_elec-32-20004-0.01-0.0 on gpu 5
done SIDNET-bitcoin_alpha-32-20004-0.01-0.0 (225s) [343 finished]
start SIDNET-wiki_elec-32-20004-0.01-0.0 on gpu 4
done relay-8-BGSD-32-20004-0 (500s) [344 finished]
done SIDNET-bitcoin_alpha-32-20004-0.01-0.0 (230s) [345 finished]
start SIDNET-wiki_elec-32-20004-0.01-0.0 on gpu 3
start BGSD-wiki_elec-32-20004-0-0.01-1e-05 on gpu 6
done SIDNET-bitcoin_alpha-32-20004-0.01-0.0 (230s) [346 finished]
start BGSD-wiki_elec-32-20004--2-0.01-1e-05 on gpu 2
done BGSD-bitcoin_alpha-32-20004-0-0.001-1e-05 (225s) [347 finished]
done BGSD-bitcoin_alpha-32-20004--2-0.001-1e-05 (220s) [348 finished]
start BGSD-wiki_elec-32-20004--4-0.01-1e-05 on gpu 7
done BGSD-bitcoin_alpha-32-20004--4-0.001-1e-05 (220s) [349 finished]
done BGSD-wiki_elec-32-20004-0-0.01-1e-05 (315s) [350 finished]
done BGSD-wiki_elec-32-20004--2-0.01-1e-05 (305s) [351 finished]
done BGSD-wiki_elec-32-20004--4-0.01-1e-05 (325s) [352 finished]
done SIDNET-wiki_elec-32-20004-0.01-0.0 (735s) [353 finished]
done SIDNET-wiki_elec-32-20004-0.01-0.0 (690s) [354 finished]
done SIDNET-wiki_elec-32-20004-0.01-0.0 (700s) [355 finished]
QUEUE COMPLETE failed: ['relay-8-SIDNET-32-20000-0', 'relay-8-SIDNET-32-20001-0', 'relay-4-SIDNET-32-20002-0', 'relay-8-SIDNET-32-20003-0', 'relay-4-SIDNET-32-20004-0', 'relay-8-SIDNET-32-20004-0']
