Traceback (most recent call last):
  File "<repo>/scripts/run_native.py", line 239, in <module>
    main()
  File "<repo>/scripts/run_native.py", line 197, in main
    gs = output_influence(lambda s: head(enc(X, g.with_signs(s)), pt), g.sign_und.clone(), len(pairs), chunk=a.chunk)
         ^^^^^^^^^^^^^^^^^^^^^^^^^^^^^^^^^^^^^^^^^^^^^^^^^^^^^^^^^^^^^^^^^^^^^^^^^^^^^^^^^^^^^^^^^^^^^^^^^^^^^^^^^^^^
  File "<repo>/src/srange/range/jacobian.py", line 51, in output_influence
    for part, grads in jacobian_rows(f, Z, [(q, None) for q in range(Q)], Q, chunk):
  File "<repo>/src/srange/range/jacobian.py", line 26, in jacobian_rows
    (g,) = torch.autograd.grad(Y, Xg, grad_outputs=go, retain_graph=True, is_grads_batched=True)
           ^^^^^^^^^^^^^^^^^^^^^^^^^^^^^^^^^^^^^^^^^^^^^^^^^^^^^^^^^^^^^^^^^^^^^^^^^^^^^^^^^^^^^
  File "<venv>/lib/python3.12/site-packages/torch/autograd/__init__.py", line 499, in grad
    result = _vmap_internals._vmap(vjp, 0, 0, allow_none_pass_through=True)(
             ^^^^^^^^^^^^^^^^^^^^^^^^^^^^^^^^^^^^^^^^^^^^^^^^^^^^^^^^^^^^^^^
  File "<venv>/lib/python3.12/site-packages/torch/_vmap_internals.py", line 231, in wrapped
    batched_outputs = func(*batched_inputs)
                      ^^^^^^^^^^^^^^^^^^^^^
  File "<venv>/lib/python3.12/site-packages/torch/autograd/__init__.py", line 489, in vjp
    return _engine_run_backward(
           ^^^^^^^^^^^^^^^^^^^^^
  File "<venv>/lib/python3.12/site-packages/torch/autograd/graph.py", line 829, in _engine_run_backward
    return Variable._execution_engine.run_backward(  # Calls into the C++ engine to run the backward pass
           ^^^^^^^^^^^^^^^^^^^^^^^^^^^^^^^^^^^^^^^^^^^^^^^^^^^^^^^^^^^^^^^^^^^^^^^^^^^^^^^^^^^^^^^^^^^^^^
torch.OutOfMemoryError: CUDA out of memory. Tried to allocate 3.75 GiB. GPU 0 has a total capacity of 31.73 GiB of which 2.64 GiB is free. Including non-PyTorch memory, this process has 29.09 GiB memory in use. Of the allocated memory 25.23 GiB is allocated by PyTorch, and 3.48 GiB is reserved by PyTorch but unallocated. If reserved but unallocated memory is large try setting PYTORCH_CUDA_ALLOC_CONF=expandable_segments:True to avoid fragmentation.  See documentation for Memory Management  (https://pytorch.org/docs/stable/notes/cuda.html#environment-variables)
