<venv>/lib/python3.12/site-packages/torch/autograd/graph.py:829: UserWarning: Attempting to run cuBLAS, but there was no current CUDA context! Attempting to set the primary context... (Triggered internally at /pytorch/aten/src/ATen/cuda/CublasHandlePool.cpp:179.)
  return Variable._execution_engine.run_backward(  # Calls into the C++ engine to run the backward pass
BGSD-bitcoin_alpha-T32-s10000-spectral: reach@0.1=0.65 match=True
BGSD-bitcoin_alpha-T8-s10003-spectral: reach@0.1=0.3 match=True
BGSD-bitcoin_otc-T8-s10001-spectral: reach@0.1=0.84 match=True
BGSD-wiki_elec-T32-s10004-spectral: reach@0.1=0.86 match=True
BGSD-wiki_rfa-T32-s10002-spectral: reach@0.1=0.63 match=True
SGCN-bitcoin_alpha-T32-s10000-spectral: reach@0.1=0.47 match=True
SGCN-bitcoin_alpha-T8-s10003-spectral: reach@0.1=0.95 match=True
SGCN-bitcoin_otc-T8-s10001-spectral: reach@0.1=0.53 match=True
SGCN-wiki_elec-T32-s10004-spectral: reach@0.1=1.28 match=True
SGCN-wiki_rfa-T32-s10002-spectral: reach@0.1=1.09 match=True
SIDNET-bitcoin_alpha-T32-s10000-spectral: reach@0.1=0.91 match=True
SIDNET-bitcoin_alpha-T8-s10003-spectral: reach@0.1=1.33 match=True
SIDNET-bitcoin_otc-T8-s10001-spectral: reach@0.1=1.63 match=True
SIDNET-wiki_elec-T32-s10004-spectral: reach@0.1=0.34 match=True
SIDNET-wiki_rfa-T32-s10002-spectral: reach@0.1=0.38 match=True
SLGNN-bitcoin_alpha-T32-s10000-spectral: reach@0.1=0.32 match=True
SLGNN-bitcoin_alpha-T8-s10003-spectral: reach@0.1=0.29 match=True
SLGNN-bitcoin_otc-T8-s10001-spectral: reach@0.1=0.43 match=True
SLGNN-wiki_elec-T32-s10004-spectral: reach@0.1=1.66 match=True
SLGNN-wiki_rfa-T32-s10002-spectral: reach@0.1=0.82 match=True
