<venv>/lib/python3.12/site-packages/torch/autograd/graph.py:829: UserWarning: Attempting to run cuBLAS, but there was no current CUDA context! Attempting to set the primary context... (Triggered internally at /pytorch/aten/src/ATen/cuda/CublasHandlePool.cpp:179.)
  return Variable._execution_engine.run_backward(  # Calls into the C++ engine to run the backward pass
BGSD-bitcoin_alpha-T32-s10004-spectral: reach@0.1=0.55 match=True
BGSD-bitcoin_otc-T32-s10002-spectral: reach@0.1=0.83 match=True
BGSD-wiki_elec-T32-s10000-spectral: reach@0.1=2.36 match=True
BGSD-wiki_elec-T8-s10003-spectral: reach@0.1=0.51 match=True
BGSD-wiki_rfa-T8-s10001-spectral: reach@0.1=0.57 match=True
SGCN-bitcoin_alpha-T32-s10004-spectral: reach@0.1=0.59 match=True
SGCN-bitcoin_otc-T32-s10002-spectral: reach@0.1=0.69 match=True
SGCN-wiki_elec-T32-s10000-spectral: reach@0.1=1.67 match=True
SGCN-wiki_elec-T8-s10003-spectral: reach@0.1=1.46 match=True
SGCN-wiki_rfa-T8-s10001-spectral: reach@0.1=1.65 match=True
SIDNET-bitcoin_alpha-T32-s10004-spectral: reach@0.1=0.89 match=True
SIDNET-bitcoin_otc-T32-s10002-spectral: reach@0.1=1.06 match=True
SIDNET-wiki_elec-T32-s10000-spectral: reach@0.1=0.4 match=True
SIDNET-wiki_elec-T8-s10003-spectral: reach@0.1=1.18 match=True
SIDNET-wiki_rfa-T8-s10001-spectral: reach@0.1=1.06 match=True
SLGNN-bitcoin_alpha-T32-s10004-spectral: reach@0.1=0.31 match=True
SLGNN-bitcoin_otc-T32-s10002-spectral: reach@0.1=0.36 match=True
SLGNN-wiki_elec-T32-s10000-spectral: reach@0.1=0.68 match=True
SLGNN-wiki_elec-T8-s10003-spectral: reach@0.1=0.67 match=True
SLGNN-wiki_rfa-T8-s10001-spectral: reach@0.1=0.65 match=True
