<venv>/lib/python3.12/site-packages/torch/autograd/graph.py:829: UserWarning: Attempting to run cuBLAS, but there was no current CUDA context! Attempting to set the primary context... (Triggered internally at /pytorch/aten/src/ATen/cuda/CublasHandlePool.cpp:179.)
  return Variable._execution_engine.run_backward(  # Calls into the C++ engine to run the backward pass
BGSD-bitcoin_alpha-T32-s10003-spectral: reach@0.1=0.39 match=True
BGSD-bitcoin_otc-T32-s10001-spectral: reach@0.1=0.85 match=True
BGSD-bitcoin_otc-T8-s10004-spectral: reach@0.1=0.73 match=True
BGSD-wiki_elec-T8-s10002-spectral: reach@0.1=0.49 match=True
BGSD-wiki_rfa-T8-s10000-spectral: reach@0.1=0.56 match=True
SGCN-bitcoin_alpha-T32-s10003-spectral: reach@0.1=0.73 match=True
SGCN-bitcoin_otc-T32-s10001-spectral: reach@0.1=1.03 match=True
SGCN-bitcoin_otc-T8-s10004-spectral: reach@0.1=1.05 match=True
SGCN-wiki_elec-T8-s10002-spectral: reach@0.1=1.37 match=True
SGCN-wiki_rfa-T8-s10000-spectral: reach@0.1=1.45 match=True
SIDNET-bitcoin_alpha-T32-s10003-spectral: reach@0.1=0.89 match=True
SIDNET-bitcoin_otc-T32-s10001-spectral: reach@0.1=1.02 match=True
SIDNET-bitcoin_otc-T8-s10004-spectral: reach@0.1=1.5 match=True
SIDNET-wiki_elec-T8-s10002-spectral: reach@0.1=1.12 match=True
SIDNET-wiki_rfa-T8-s10000-spectral: reach@0.1=1.2 match=True
SLGNN-bitcoin_alpha-T32-s10003-spectral: reach@0.1=0.24 match=True
SLGNN-bitcoin_otc-T32-s10001-spectral: reach@0.1=0.58 match=True
SLGNN-bitcoin_otc-T8-s10004-spectral: reach@0.1=0.35 match=True
SLGNN-wiki_elec-T8-s10002-spectral: reach@0.1=0.54 match=True
SLGNN-wiki_rfa-T8-s10000-spectral: reach@0.1=0.51 match=True
